#! /opt/homebrew/Cellar/icarus-verilog/12.0/bin/vvp
:ivl_version "12.0 (stable)";
:ivl_delay_selection "TYPICAL";
:vpi_time_precision - 12;
:vpi_module "/opt/homebrew/Cellar/icarus-verilog/12.0/lib/ivl/system.vpi";
:vpi_module "/opt/homebrew/Cellar/icarus-verilog/12.0/lib/ivl/vhdl_sys.vpi";
:vpi_module "/opt/homebrew/Cellar/icarus-verilog/12.0/lib/ivl/vhdl_textio.vpi";
:vpi_module "/opt/homebrew/Cellar/icarus-verilog/12.0/lib/ivl/v2005_math.vpi";
:vpi_module "/opt/homebrew/Cellar/icarus-verilog/12.0/lib/ivl/va_math.vpi";
:vpi_module "/opt/homebrew/Cellar/icarus-verilog/12.0/lib/ivl/v2009.vpi";
S_0x1056bc330 .scope package, "$unit" "$unit" 2 1;
 .timescale 0 0;
S_0x1056bc4b0 .scope module, "tb_layer3_flit_packetizer" "tb_layer3_flit_packetizer" 3 3;
 .timescale -9 -12;
P_0x1056cd0a0 .param/l "CLK_PERIOD" 1 3 7, +C4<00000000000000000000000000001010>;
P_0x1056cd0e0 .param/l "FLIT_BYTES" 1 3 6, +C4<00000000000000000000000100000000>;
P_0x1056cd120 .param/l "TDATA_WIDTH" 1 3 5, +C4<00000000000000000000001000000000>;
v0xacb051c20_0 .var "clk", 0 0;
v0xacb051cc0 .array "crc_table", 255 0, 31 0;
v0xacb051d60_0 .var "expected_full", 2047 0;
v0xacb051e00_0 .var "expected_partial", 2047 0;
v0xacb051ea0_0 .var/i "fail_count", 31 0;
v0xacb051f40_0 .net "m_flit_crc", 31 0, v0xacb051040_0;  1 drivers
v0xacb051fe0_0 .net "m_flit_data", 2047 0, v0xacb0510e0_0;  1 drivers
v0xacb052080_0 .net "m_flit_partial", 0 0, v0xacb051180_0;  1 drivers
v0xacb052120_0 .var "m_flit_ready", 0 0;
v0xacb0521c0_0 .net "m_flit_valid", 0 0, v0xacb0512c0_0;  1 drivers
v0xacb052260_0 .var/i "pass_count", 31 0;
v0xacb052300_0 .var "rst_n", 0 0;
v0xacb0523a0_0 .var "s_axis_tdata", 511 0;
v0xacb052440_0 .var "s_axis_tkeep", 63 0;
v0xacb0524e0_0 .var "s_axis_tlast", 0 0;
v0xacb052580_0 .net "s_axis_tready", 0 0, v0xacb0515e0_0;  1 drivers
v0xacb052620_0 .var "s_axis_tvalid", 0 0;
v0xacb0526c0_0 .var "w0", 511 0;
v0xacb052760_0 .var "w1", 511 0;
v0xacb052800_0 .var "w2", 511 0;
v0xacb0528a0_0 .var "w3", 511 0;
S_0x1056c7e70 .scope begin, "build_crc_table" "build_crc_table" 3 52, 3 52 0, S_0x1056bc4b0;
 .timescale -9 -12;
v0xacb050280_0 .var "c", 31 0;
v0xacb050320_0 .var/i "k", 31 0;
v0xacb0500a0_0 .var/i "n", 31 0;
S_0x1056c7ff0 .scope task, "check_flit" "check_flit" 3 109, 3 109 0, S_0x1056bc4b0;
 .timescale -9 -12;
v0xacb050140_0 .var "expect_partial", 0 0;
v0xacb0503c0_0 .var "expected_crc", 31 0;
v0xacb050460_0 .var "expected_data", 2047 0;
v0xacb050500_0 .var "label", 255 0;
E_0xacac34940 .event posedge, v0xacb050f00_0;
E_0xacac34980 .event negedge, v0xacb050f00_0;
TD_tb_layer3_flit_packetizer.check_flit ;
    %wait E_0xacac34940;
T_0.0 ;
    %load/vec4 v0xacb0521c0_0;
    %nor/r;
    %flag_set/vec4 8;
    %jmp/0xz T_0.1, 8;
    %wait E_0xacac34940;
    %jmp T_0.0;
T_0.1 ;
    %load/vec4 v0xacb050460_0;
    %store/vec4 v0xacb050780_0, 0, 2048;
    %callf/vec4 TD_tb_layer3_flit_packetizer.crc32_ref, S_0x1056cf620;
    %store/vec4 v0xacb0503c0_0, 0, 32;
    %wait E_0xacac34980;
    %load/vec4 v0xacb051fe0_0;
    %load/vec4 v0xacb050460_0;
    %cmp/e;
    %jmp/0xz  T_0.2, 6;
    %load/vec4 v0xacb052260_0;
    %addi 1, 0, 32;
    %store/vec4 v0xacb052260_0, 0, 32;
    %jmp T_0.3;
T_0.2 ;
    %load/vec4 v0xacb051ea0_0;
    %addi 1, 0, 32;
    %store/vec4 v0xacb051ea0_0, 0, 32;
    %vpi_call/w 3 120 "$display", "FAIL [%0s]: flit data mismatch", v0xacb050500_0 {0 0 0};
T_0.3 ;
    %load/vec4 v0xacb051f40_0;
    %load/vec4 v0xacb0503c0_0;
    %cmp/e;
    %jmp/0xz  T_0.4, 6;
    %load/vec4 v0xacb052260_0;
    %addi 1, 0, 32;
    %store/vec4 v0xacb052260_0, 0, 32;
    %jmp T_0.5;
T_0.4 ;
    %load/vec4 v0xacb051ea0_0;
    %addi 1, 0, 32;
    %store/vec4 v0xacb051ea0_0, 0, 32;
    %vpi_call/w 3 127 "$display", "FAIL [%0s]: CRC mismatch. got=%h exp=%h", v0xacb050500_0, v0xacb051f40_0, v0xacb0503c0_0 {0 0 0};
T_0.5 ;
    %load/vec4 v0xacb052080_0;
    %load/vec4 v0xacb050140_0;
    %cmp/e;
    %jmp/0xz  T_0.6, 6;
    %load/vec4 v0xacb052260_0;
    %addi 1, 0, 32;
    %store/vec4 v0xacb052260_0, 0, 32;
    %jmp T_0.7;
T_0.6 ;
    %load/vec4 v0xacb051ea0_0;
    %addi 1, 0, 32;
    %store/vec4 v0xacb051ea0_0, 0, 32;
    %vpi_call/w 3 134 "$display", "FAIL [%0s]: partial flag mismatch. got=%b exp=%b", v0xacb050500_0, v0xacb052080_0, v0xacb050140_0 {0 0 0};
T_0.7 ;
    %wait E_0xacac34940;
    %end;
S_0x1056cf620 .scope function.vec4.s32, "crc32_ref" "crc32_ref" 3 63, 3 63 0, S_0x1056bc4b0;
 .timescale -9 -12;
v0xacb0505a0_0 .var/i "b", 31 0;
v0xacb050640_0 .var "crc", 31 0;
; Variable crc32_ref is vec4 return value of scope S_0x1056cf620
v0xacb050780_0 .var "data", 2047 0;
v0xacb050820_0 .var "idx", 7 0;
TD_tb_layer3_flit_packetizer.crc32_ref ;
    %pushi/vec4 4294967295, 0, 32;
    %store/vec4 v0xacb050640_0, 0, 32;
    %pushi/vec4 0, 0, 32;
    %store/vec4 v0xacb0505a0_0, 0, 32;
T_1.8 ;
    %load/vec4 v0xacb0505a0_0;
    %cmpi/s 256, 0, 32;
    %jmp/0xz T_1.9, 5;
    %load/vec4 v0xacb050640_0;
    %parti/s 8, 0, 2;
    %load/vec4 v0xacb050780_0;
    %load/vec4 v0xacb0505a0_0;
    %muli 8, 0, 32;
    %part/s 8;
    %xor;
    %store/vec4 v0xacb050820_0, 0, 8;
    %load/vec4 v0xacb050820_0;
    %pad/u 10;
    %ix/vec4 4;
    %load/vec4a v0xacb051cc0, 4;
    %load/vec4 v0xacb050640_0;
    %ix/load 4, 8, 0;
    %flag_set/imm 4, 0;
    %shiftr 4;
    %xor;
    %store/vec4 v0xacb050640_0, 0, 32;
    %load/vec4 v0xacb0505a0_0;
    %addi 1, 0, 32;
    %store/vec4 v0xacb0505a0_0, 0, 32;
    %jmp T_1.8;
T_1.9 ;
    %load/vec4 v0xacb050640_0;
    %pushi/vec4 4294967295, 0, 32;
    %xor;
    %ret/vec4 0, 0, 32;  Assign to crc32_ref (store_vec4_to_lval)
    %end;
S_0x1056cf7a0 .scope module, "dut" "layer3_flit_packetizer" 3 28, 4 36 0, S_0x1056bc4b0;
 .timescale -9 -12;
    .port_info 0 /INPUT 1 "clk";
    .port_info 1 /INPUT 1 "rst_n";
    .port_info 2 /INPUT 512 "s_axis_tdata";
    .port_info 3 /INPUT 64 "s_axis_tkeep";
    .port_info 4 /INPUT 1 "s_axis_tvalid";
    .port_info 5 /OUTPUT 1 "s_axis_tready";
    .port_info 6 /INPUT 1 "s_axis_tlast";
    .port_info 7 /OUTPUT 2048 "m_flit_data";
    .port_info 8 /OUTPUT 32 "m_flit_crc";
    .port_info 9 /OUTPUT 1 "m_flit_valid";
    .port_info 10 /INPUT 1 "m_flit_ready";
    .port_info 11 /OUTPUT 1 "m_flit_partial";
P_0x1056cf920 .param/l "ACCUM" 1 4 62, C4<0>;
P_0x1056cf960 .param/l "FLIT_BYTES" 0 4 38, +C4<00000000000000000000000100000000>;
P_0x1056cf9a0 .param/l "PRESENT" 1 4 63, C4<1>;
P_0x1056cf9e0 .param/l "TDATA_WIDTH" 0 4 37, +C4<00000000000000000000001000000000>;
P_0x1056cfa20 .param/l "WORDS_PER_FLIT" 0 4 39, +C4<0000000000000000000000000000000000000000000000000000000000000100>;
P_0x1056cfa60 .param/l "WORD_IDX_W" 1 4 59, +C4<00000000000000000000000000000010>;
v0xacb050f00_0 .net "clk", 0 0, v0xacb051c20_0;  1 drivers
v0xacb050fa0_0 .var "flit_buf", 2047 0;
v0xacb051040_0 .var "m_flit_crc", 31 0;
v0xacb0510e0_0 .var "m_flit_data", 2047 0;
v0xacb051180_0 .var "m_flit_partial", 0 0;
v0xacb051220_0 .net "m_flit_ready", 0 0, v0xacb052120_0;  1 drivers
v0xacb0512c0_0 .var "m_flit_valid", 0 0;
v0xacb051360_0 .net "rst_n", 0 0, v0xacb052300_0;  1 drivers
v0xacb051400_0 .net "s_axis_tdata", 511 0, v0xacb0523a0_0;  1 drivers
v0xacb0514a0_0 .net "s_axis_tkeep", 63 0, v0xacb052440_0;  1 drivers
v0xacb051540_0 .net "s_axis_tlast", 0 0, v0xacb0524e0_0;  1 drivers
v0xacb0515e0_0 .var "s_axis_tready", 0 0;
v0xacb051680_0 .net "s_axis_tvalid", 0 0, v0xacb052620_0;  1 drivers
v0xacb051720_0 .var "state", 0 0;
v0xacb0517c0_0 .var "word_idx", 1 0;
E_0xacac34a00/0 .event negedge, v0xacb051360_0;
E_0xacac34a00/1 .event posedge, v0xacb050f00_0;
E_0xacac34a00 .event/or E_0xacac34a00/0, E_0xacac34a00/1;
S_0x1056ce870 .scope begin, "$unm_blk_23" "$unm_blk_23" 4 118, 4 118 0, S_0x1056cf7a0;
 .timescale -9 -12;
v0xacb0508c0_0 .var/i "k", 31 0;
S_0x1056ce9f0 .scope function.vec4.s32, "crc32_byte" "crc32_byte" 4 71, 4 71 0, S_0x1056cf7a0;
 .timescale -9 -12;
v0xacb050960_0 .var "crc", 31 0;
; Variable crc32_byte is vec4 return value of scope S_0x1056ce9f0
v0xacb050aa0_0 .var "crc_in", 31 0;
v0xacb050b40_0 .var "data", 7 0;
v0xacb050be0_0 .var/i "i", 31 0;
TD_tb_layer3_flit_packetizer.dut.crc32_byte ;
    %load/vec4 v0xacb050aa0_0;
    %pushi/vec4 0, 0, 24;
    %load/vec4 v0xacb050b40_0;
    %concat/vec4; draw_concat_vec4
    %xor;
    %store/vec4 v0xacb050960_0, 0, 32;
    %pushi/vec4 0, 0, 32;
    %store/vec4 v0xacb050be0_0, 0, 32;
T_2.10 ;
    %load/vec4 v0xacb050be0_0;
    %cmpi/s 8, 0, 32;
    %jmp/0xz T_2.11, 5;
    %load/vec4 v0xacb050960_0;
    %parti/s 1, 0, 2;
    %flag_set/vec4 8;
    %jmp/0xz  T_2.12, 8;
    %load/vec4 v0xacb050960_0;
    %ix/load 4, 1, 0;
    %flag_set/imm 4, 0;
    %shiftr 4;
    %pushi/vec4 3988292384, 0, 32;
    %xor;
    %store/vec4 v0xacb050960_0, 0, 32;
    %jmp T_2.13;
T_2.12 ;
    %load/vec4 v0xacb050960_0;
    %ix/load 4, 1, 0;
    %flag_set/imm 4, 0;
    %shiftr 4;
    %store/vec4 v0xacb050960_0, 0, 32;
T_2.13 ;
    %load/vec4 v0xacb050be0_0;
    %addi 1, 0, 32;
    %store/vec4 v0xacb050be0_0, 0, 32;
    %jmp T_2.10;
T_2.11 ;
    %load/vec4 v0xacb050960_0;
    %ret/vec4 0, 0, 32;  Assign to crc32_byte (store_vec4_to_lval)
    %end;
S_0x1056d0720 .scope function.vec4.s32, "crc32_flit" "crc32_flit" 4 90, 4 90 0, S_0x1056cf7a0;
 .timescale -9 -12;
v0xacb050c80_0 .var/i "b", 31 0;
v0xacb050d20_0 .var "crc", 31 0;
; Variable crc32_flit is vec4 return value of scope S_0x1056d0720
v0xacb050e60_0 .var "data", 2047 0;
TD_tb_layer3_flit_packetizer.dut.crc32_flit ;
    %pushi/vec4 4294967295, 0, 32;
    %store/vec4 v0xacb050d20_0, 0, 32;
    %pushi/vec4 0, 0, 32;
    %store/vec4 v0xacb050c80_0, 0, 32;
T_3.14 ;
    %load/vec4 v0xacb050c80_0;
    %cmpi/s 256, 0, 32;
    %jmp/0xz T_3.15, 5;
    %load/vec4 v0xacb050d20_0;
    %load/vec4 v0xacb050e60_0;
    %load/vec4 v0xacb050c80_0;
    %muli 8, 0, 32;
    %part/s 8;
    %store/vec4 v0xacb050b40_0, 0, 8;
    %store/vec4 v0xacb050aa0_0, 0, 32;
    %callf/vec4 TD_tb_layer3_flit_packetizer.dut.crc32_byte, S_0x1056ce9f0;
    %store/vec4 v0xacb050d20_0, 0, 32;
    %load/vec4 v0xacb050c80_0;
    %addi 1, 0, 32;
    %store/vec4 v0xacb050c80_0, 0, 32;
    %jmp T_3.14;
T_3.15 ;
    %load/vec4 v0xacb050d20_0;
    %pushi/vec4 4294967295, 0, 32;
    %xor;
    %ret/vec4 0, 0, 32;  Assign to crc32_flit (store_vec4_to_lval)
    %end;
S_0x1056d08a0 .scope task, "reset_dut" "reset_dut" 3 79, 3 79 0, S_0x1056bc4b0;
 .timescale -9 -12;
TD_tb_layer3_flit_packetizer.reset_dut ;
    %pushi/vec4 0, 0, 1;
    %store/vec4 v0xacb052300_0, 0, 1;
    %pushi/vec4 0, 0, 1;
    %store/vec4 v0xacb052620_0, 0, 1;
    %pushi/vec4 0, 0, 1;
    %store/vec4 v0xacb0524e0_0, 0, 1;
    %pushi/vec4 0, 0, 512;
    %store/vec4 v0xacb0523a0_0, 0, 512;
    %pushi/vec4 4294967295, 0, 32;
    %concati/vec4 4294967295, 0, 32;
    %store/vec4 v0xacb052440_0, 0, 64;
    %pushi/vec4 1, 0, 1;
    %store/vec4 v0xacb052120_0, 0, 1;
    %pushi/vec4 3, 0, 32;
T_4.16 %dup/vec4;
    %pushi/vec4 0, 0, 32;
    %cmp/s;
    %jmp/1xz T_4.17, 5;
    %jmp/1 T_4.17, 4;
    %pushi/vec4 1, 0, 32;
    %sub;
    %wait E_0xacac34940;
    %jmp T_4.16;
T_4.17 ;
    %pop/vec4 1;
    %pushi/vec4 1, 0, 1;
    %store/vec4 v0xacb052300_0, 0, 1;
    %wait E_0xacac34940;
    %end;
S_0xacac9c000 .scope task, "send_beat" "send_beat" 3 94, 3 94 0, S_0x1056bc4b0;
 .timescale -9 -12;
v0xacb051860_0 .var "data", 511 0;
v0xacb051900_0 .var "keep", 63 0;
v0xacb0519a0_0 .var "last", 0 0;
TD_tb_layer3_flit_packetizer.send_beat ;
    %wait E_0xacac34980;
    %load/vec4 v0xacb051860_0;
    %store/vec4 v0xacb0523a0_0, 0, 512;
    %load/vec4 v0xacb051900_0;
    %store/vec4 v0xacb052440_0, 0, 64;
    %pushi/vec4 1, 0, 1;
    %store/vec4 v0xacb052620_0, 0, 1;
    %load/vec4 v0xacb0519a0_0;
    %store/vec4 v0xacb0524e0_0, 0, 1;
    %wait E_0xacac34940;
T_5.18 ;
    %load/vec4 v0xacb052580_0;
    %cmpi/ne 1, 0, 1;
    %jmp/0xz T_5.19, 6;
    %wait E_0xacac34940;
    %jmp T_5.18;
T_5.19 ;
    %wait E_0xacac34980;
    %pushi/vec4 0, 0, 1;
    %store/vec4 v0xacb052620_0, 0, 1;
    %pushi/vec4 0, 0, 1;
    %store/vec4 v0xacb0524e0_0, 0, 1;
    %end;
S_0xacac9c180 .scope begin, "tkeep_test" "tkeep_test" 3 250, 3 250 0, S_0x1056bc4b0;
 .timescale -9 -12;
v0xacb051a40_0 .var "expected_tkeep_flit", 2047 0;
v0xacb051ae0_0 .var "partial_keep", 63 0;
v0xacb051b80_0 .var "w_partial", 511 0;
    .scope S_0x1056cf7a0;
T_6 ;
    %wait E_0xacac34a00;
    %load/vec4 v0xacb051360_0;
    %nor/r;
    %flag_set/vec4 8;
    %jmp/0xz  T_6.0, 8;
    %pushi/vec4 0, 0, 1;
    %assign/vec4 v0xacb051720_0, 0;
    %pushi/vec4 1, 0, 1;
    %assign/vec4 v0xacb0515e0_0, 0;
    %pushi/vec4 0, 0, 2048;
    %assign/vec4 v0xacb050fa0_0, 0;
    %pushi/vec4 0, 0, 2;
    %assign/vec4 v0xacb0517c0_0, 0;
    %pushi/vec4 0, 0, 2048;
    %assign/vec4 v0xacb0510e0_0, 0;
    %pushi/vec4 0, 0, 32;
    %assign/vec4 v0xacb051040_0, 0;
    %pushi/vec4 0, 0, 1;
    %assign/vec4 v0xacb0512c0_0, 0;
    %pushi/vec4 0, 0, 1;
    %assign/vec4 v0xacb051180_0, 0;
    %jmp T_6.1;
T_6.0 ;
    %load/vec4 v0xacb051720_0;
    %dup/vec4;
    %pushi/vec4 0, 0, 1;
    %cmp/u;
    %jmp/1 T_6.2, 6;
    %dup/vec4;
    %pushi/vec4 1, 0, 1;
    %cmp/u;
    %jmp/1 T_6.3, 6;
    %pushi/vec4 0, 0, 1;
    %assign/vec4 v0xacb051720_0, 0;
    %jmp T_6.5;
T_6.2 ;
    %pushi/vec4 1, 0, 1;
    %assign/vec4 v0xacb0515e0_0, 0;
    %load/vec4 v0xacb051680_0;
    %flag_set/vec4 9;
    %flag_get/vec4 9;
    %jmp/0 T_6.8, 9;
    %load/vec4 v0xacb0515e0_0;
    %and;
T_6.8;
    %flag_set/vec4 8;
    %jmp/0xz  T_6.6, 8;
    %fork t_1, S_0x1056ce870;
    %jmp t_0;
    .scope S_0x1056ce870;
t_1 ;
    %pushi/vec4 0, 0, 32;
    %store/vec4 v0xacb0508c0_0, 0, 32;
T_6.9 ;
    %load/vec4 v0xacb0508c0_0;
    %cmpi/s 64, 0, 32;
    %jmp/0xz T_6.10, 5;
    %load/vec4 v0xacb0514a0_0;
    %load/vec4 v0xacb0508c0_0;
    %part/s 1;
    %flag_set/vec4 8;
    %jmp/0xz  T_6.11, 8;
    %load/vec4 v0xacb051400_0;
    %load/vec4 v0xacb0508c0_0;
    %muli 8, 0, 32;
    %part/s 8;
    %ix/load 5, 0, 0;
    %load/vec4 v0xacb0517c0_0;
    %pad/u 32;
    %muli 512, 0, 32;
    %load/vec4 v0xacb0508c0_0;
    %muli 8, 0, 32;
    %add;
    %ix/vec4 4;
    %assign/vec4/off/d v0xacb050fa0_0, 4, 5;
    %jmp T_6.12;
T_6.11 ;
    %pushi/vec4 0, 0, 8;
    %ix/load 5, 0, 0;
    %load/vec4 v0xacb0517c0_0;
    %pad/u 32;
    %muli 512, 0, 32;
    %load/vec4 v0xacb0508c0_0;
    %muli 8, 0, 32;
    %add;
    %ix/vec4 4;
    %assign/vec4/off/d v0xacb050fa0_0, 4, 5;
T_6.12 ;
    %load/vec4 v0xacb0508c0_0;
    %addi 1, 0, 32;
    %store/vec4 v0xacb0508c0_0, 0, 32;
    %jmp T_6.9;
T_6.10 ;
    %load/vec4 v0xacb051540_0;
    %flag_set/vec4 8;
    %jmp/0xz  T_6.13, 8;
    %pushi/vec4 0, 0, 1;
    %assign/vec4 v0xacb0515e0_0, 0;
    %pushi/vec4 0, 0, 2;
    %assign/vec4 v0xacb0517c0_0, 0;
    %load/vec4 v0xacb0517c0_0;
    %pad/u 64;
    %pushi/vec4 3, 0, 64;
    %cmp/ne;
    %flag_get/vec4 4;
    %assign/vec4 v0xacb051180_0, 0;
    %pushi/vec4 1, 0, 1;
    %assign/vec4 v0xacb051720_0, 0;
    %jmp T_6.14;
T_6.13 ;
    %load/vec4 v0xacb0517c0_0;
    %pad/u 64;
    %cmpi/e 3, 0, 64;
    %jmp/0xz  T_6.15, 4;
    %pushi/vec4 0, 0, 1;
    %assign/vec4 v0xacb0515e0_0, 0;
    %pushi/vec4 0, 0, 2;
    %assign/vec4 v0xacb0517c0_0, 0;
    %pushi/vec4 0, 0, 1;
    %assign/vec4 v0xacb051180_0, 0;
    %pushi/vec4 1, 0, 1;
    %assign/vec4 v0xacb051720_0, 0;
    %jmp T_6.16;
T_6.15 ;
    %load/vec4 v0xacb0517c0_0;
    %addi 1, 0, 2;
    %assign/vec4 v0xacb0517c0_0, 0;
T_6.16 ;
T_6.14 ;
    %end;
    .scope S_0x1056cf7a0;
t_0 %join;
T_6.6 ;
    %jmp T_6.5;
T_6.3 ;
    %load/vec4 v0xacb050fa0_0;
    %assign/vec4 v0xacb0510e0_0, 0;
    %load/vec4 v0xacb050fa0_0;
    %store/vec4 v0xacb050e60_0, 0, 2048;
    %callf/vec4 TD_tb_layer3_flit_packetizer.dut.crc32_flit, S_0x1056d0720;
    %assign/vec4 v0xacb051040_0, 0;
    %pushi/vec4 1, 0, 1;
    %assign/vec4 v0xacb0512c0_0, 0;
    %load/vec4 v0xacb0512c0_0;
    %flag_set/vec4 9;
    %flag_get/vec4 9;
    %jmp/0 T_6.19, 9;
    %load/vec4 v0xacb051220_0;
    %and;
T_6.19;
    %flag_set/vec4 8;
    %jmp/0xz  T_6.17, 8;
    %pushi/vec4 0, 0, 1;
    %assign/vec4 v0xacb0512c0_0, 0;
    %pushi/vec4 0, 0, 2048;
    %assign/vec4 v0xacb050fa0_0, 0;
    %pushi/vec4 1, 0, 1;
    %assign/vec4 v0xacb0515e0_0, 0;
    %pushi/vec4 0, 0, 1;
    %assign/vec4 v0xacb051720_0, 0;
T_6.17 ;
    %jmp T_6.5;
T_6.5 ;
    %pop/vec4 1;
T_6.1 ;
    %jmp T_6;
    .thread T_6;
    .scope S_0x1056bc4b0;
T_7 ;
    %pushi/vec4 0, 0, 32;
    %store/vec4 v0xacb052260_0, 0, 32;
    %pushi/vec4 0, 0, 32;
    %store/vec4 v0xacb051ea0_0, 0, 32;
    %end;
    .thread T_7, $init;
    .scope S_0x1056bc4b0;
T_8 ;
    %delay 5000, 0;
    %load/vec4 v0xacb051c20_0;
    %inv;
    %store/vec4 v0xacb051c20_0, 0, 1;
    %jmp T_8;
    .thread T_8;
    .scope S_0x1056bc4b0;
T_9 ;
    %fork t_3, S_0x1056c7e70;
    %jmp t_2;
    .scope S_0x1056c7e70;
t_3 ;
    %pushi/vec4 0, 0, 32;
    %store/vec4 v0xacb0500a0_0, 0, 32;
T_9.0 ;
    %load/vec4 v0xacb0500a0_0;
    %cmpi/s 256, 0, 32;
    %jmp/0xz T_9.1, 5;
    %load/vec4 v0xacb0500a0_0;
    %store/vec4 v0xacb050280_0, 0, 32;
    %pushi/vec4 0, 0, 32;
    %store/vec4 v0xacb050320_0, 0, 32;
T_9.2 ;
    %load/vec4 v0xacb050320_0;
    %cmpi/s 8, 0, 32;
    %jmp/0xz T_9.3, 5;
    %load/vec4 v0xacb050280_0;
    %parti/s 1, 0, 2;
    %flag_set/vec4 8;
    %jmp/0 T_9.4, 8;
    %pushi/vec4 3988292384, 0, 32;
    %load/vec4 v0xacb050280_0;
    %ix/load 4, 1, 0;
    %flag_set/imm 4, 0;
    %shiftr 4;
    %xor;
    %jmp/1 T_9.5, 8;
T_9.4 ; End of true expr.
    %load/vec4 v0xacb050280_0;
    %ix/load 4, 1, 0;
    %flag_set/imm 4, 0;
    %shiftr 4;
    %jmp/0 T_9.5, 8;
 ; End of false expr.
    %blend;
T_9.5;
    %store/vec4 v0xacb050280_0, 0, 32;
    %load/vec4 v0xacb050320_0;
    %addi 1, 0, 32;
    %store/vec4 v0xacb050320_0, 0, 32;
    %jmp T_9.2;
T_9.3 ;
    %load/vec4 v0xacb050280_0;
    %ix/getv/s 4, v0xacb0500a0_0;
    %store/vec4a v0xacb051cc0, 4, 0;
    %load/vec4 v0xacb0500a0_0;
    %addi 1, 0, 32;
    %store/vec4 v0xacb0500a0_0, 0, 32;
    %jmp T_9.0;
T_9.1 ;
    %end;
    .scope S_0x1056bc4b0;
t_2 %join;
    %end;
    .thread T_9;
    .scope S_0x1056bc4b0;
T_10 ;
    %pushi/vec4 0, 0, 1;
    %store/vec4 v0xacb051c20_0, 0, 1;
    %fork TD_tb_layer3_flit_packetizer.reset_dut, S_0x1056d08a0;
    %join;
    %pushi/vec4 2863267841, 0, 32;
    %concati/vec4 2863267841, 0, 32;
    %concati/vec4 2863267841, 0, 32;
    %concati/vec4 2863267841, 0, 32;
    %concati/vec4 2863267841, 0, 32;
    %concati/vec4 2863267841, 0, 32;
    %concati/vec4 2863267841, 0, 32;
    %concati/vec4 2863267841, 0, 32;
    %concati/vec4 2863267841, 0, 32;
    %concati/vec4 2863267841, 0, 32;
    %concati/vec4 2863267841, 0, 32;
    %concati/vec4 2863267841, 0, 32;
    %concati/vec4 2863267841, 0, 32;
    %concati/vec4 2863267841, 0, 32;
    %concati/vec4 2863267841, 0, 32;
    %concati/vec4 2863267841, 0, 32;
    %store/vec4 v0xacb0526c0_0, 0, 512;
    %pushi/vec4 3149594626, 0, 32;
    %concati/vec4 3149594626, 0, 32;
    %concati/vec4 3149594626, 0, 32;
    %concati/vec4 3149594626, 0, 32;
    %concati/vec4 3149594626, 0, 32;
    %concati/vec4 3149594626, 0, 32;
    %concati/vec4 3149594626, 0, 32;
    %concati/vec4 3149594626, 0, 32;
    %concati/vec4 3149594626, 0, 32;
    %concati/vec4 3149594626, 0, 32;
    %concati/vec4 3149594626, 0, 32;
    %concati/vec4 3149594626, 0, 32;
    %concati/vec4 3149594626, 0, 32;
    %concati/vec4 3149594626, 0, 32;
    %concati/vec4 3149594626, 0, 32;
    %concati/vec4 3149594626, 0, 32;
    %store/vec4 v0xacb052760_0, 0, 512;
    %pushi/vec4 3435921411, 0, 32;
    %concati/vec4 3435921411, 0, 32;
    %concati/vec4 3435921411, 0, 32;
    %concati/vec4 3435921411, 0, 32;
    %concati/vec4 3435921411, 0, 32;
    %concati/vec4 3435921411, 0, 32;
    %concati/vec4 3435921411, 0, 32;
    %concati/vec4 3435921411, 0, 32;
    %concati/vec4 3435921411, 0, 32;
    %concati/vec4 3435921411, 0, 32;
    %concati/vec4 3435921411, 0, 32;
    %concati/vec4 3435921411, 0, 32;
    %concati/vec4 3435921411, 0, 32;
    %concati/vec4 3435921411, 0, 32;
    %concati/vec4 3435921411, 0, 32;
    %concati/vec4 3435921411, 0, 32;
    %store/vec4 v0xacb052800_0, 0, 512;
    %pushi/vec4 3722248196, 0, 32;
    %concati/vec4 3722248196, 0, 32;
    %concati/vec4 3722248196, 0, 32;
    %concati/vec4 3722248196, 0, 32;
    %concati/vec4 3722248196, 0, 32;
    %concati/vec4 3722248196, 0, 32;
    %concati/vec4 3722248196, 0, 32;
    %concati/vec4 3722248196, 0, 32;
    %concati/vec4 3722248196, 0, 32;
    %concati/vec4 3722248196, 0, 32;
    %concati/vec4 3722248196, 0, 32;
    %concati/vec4 3722248196, 0, 32;
    %concati/vec4 3722248196, 0, 32;
    %concati/vec4 3722248196, 0, 32;
    %concati/vec4 3722248196, 0, 32;
    %concati/vec4 3722248196, 0, 32;
    %store/vec4 v0xacb0528a0_0, 0, 512;
    %load/vec4 v0xacb0528a0_0;
    %load/vec4 v0xacb052800_0;
    %concat/vec4; draw_concat_vec4
    %load/vec4 v0xacb052760_0;
    %concat/vec4; draw_concat_vec4
    %load/vec4 v0xacb0526c0_0;
    %concat/vec4; draw_concat_vec4
    %store/vec4 v0xacb051d60_0, 0, 2048;
    %load/vec4 v0xacb0526c0_0;
    %store/vec4 v0xacb051860_0, 0, 512;
    %pushi/vec4 4294967295, 0, 32;
    %concati/vec4 4294967295, 0, 32;
    %store/vec4 v0xacb051900_0, 0, 64;
    %pushi/vec4 0, 0, 1;
    %store/vec4 v0xacb0519a0_0, 0, 1;
    %fork TD_tb_layer3_flit_packetizer.send_beat, S_0xacac9c000;
    %join;
    %load/vec4 v0xacb052760_0;
    %store/vec4 v0xacb051860_0, 0, 512;
    %pushi/vec4 4294967295, 0, 32;
    %concati/vec4 4294967295, 0, 32;
    %store/vec4 v0xacb051900_0, 0, 64;
    %pushi/vec4 0, 0, 1;
    %store/vec4 v0xacb0519a0_0, 0, 1;
    %fork TD_tb_layer3_flit_packetizer.send_beat, S_0xacac9c000;
    %join;
    %load/vec4 v0xacb052800_0;
    %store/vec4 v0xacb051860_0, 0, 512;
    %pushi/vec4 4294967295, 0, 32;
    %concati/vec4 4294967295, 0, 32;
    %store/vec4 v0xacb051900_0, 0, 64;
    %pushi/vec4 0, 0, 1;
    %store/vec4 v0xacb0519a0_0, 0, 1;
    %fork TD_tb_layer3_flit_packetizer.send_beat, S_0xacac9c000;
    %join;
    %load/vec4 v0xacb0528a0_0;
    %store/vec4 v0xacb051860_0, 0, 512;
    %pushi/vec4 4294967295, 0, 32;
    %concati/vec4 4294967295, 0, 32;
    %store/vec4 v0xacb051900_0, 0, 64;
    %pushi/vec4 1, 0, 1;
    %store/vec4 v0xacb0519a0_0, 0, 1;
    %fork TD_tb_layer3_flit_packetizer.send_beat, S_0xacac9c000;
    %join;
    %load/vec4 v0xacb051d60_0;
    %store/vec4 v0xacb050460_0, 0, 2048;
    %pushi/vec4 0, 0, 1;
    %store/vec4 v0xacb050140_0, 0, 1;
    %pushi/vec4 0, 0, 32; draw_string_vec4
    %pushi/vec4 0, 0, 32; draw_string_vec4
    %concat/vec4; draw_string_vec4
    %pushi/vec4 0, 0, 32; draw_string_vec4
    %concat/vec4; draw_string_vec4
    %pushi/vec4 0, 0, 32; draw_string_vec4
    %concat/vec4; draw_string_vec4
    %pushi/vec4 0, 0, 32; draw_string_vec4
    %concat/vec4; draw_string_vec4
    %pushi/vec4 102, 0, 32; draw_string_vec4
    %concat/vec4; draw_string_vec4
    %pushi/vec4 1970039903, 0, 32; draw_string_vec4
    %concat/vec4; draw_string_vec4
    %pushi/vec4 1718380916, 0, 32; draw_string_vec4
    %concat/vec4; draw_string_vec4
    %store/vec4 v0xacb050500_0, 0, 256;
    %fork TD_tb_layer3_flit_packetizer.check_flit, S_0x1056c7ff0;
    %join;
    %pushi/vec4 2290649224, 0, 35;
    %concati/vec4 2290649224, 0, 32;
    %concati/vec4 2290649224, 0, 32;
    %concati/vec4 2290649224, 0, 32;
    %concati/vec4 2290649224, 0, 32;
    %concati/vec4 2290649224, 0, 32;
    %concati/vec4 2290649224, 0, 32;
    %concati/vec4 2290649224, 0, 32;
    %concati/vec4 2290649224, 0, 32;
    %concati/vec4 2290649224, 0, 32;
    %concati/vec4 2290649224, 0, 32;
    %concati/vec4 2290649224, 0, 32;
    %concati/vec4 2290649224, 0, 32;
    %concati/vec4 2290649224, 0, 32;
    %concati/vec4 2290649224, 0, 32;
    %concati/vec4 286331153, 0, 29;
    %store/vec4 v0xacb0526c0_0, 0, 512;
    %pushi/vec4 2290649224, 0, 34;
    %concati/vec4 2290649224, 0, 32;
    %concati/vec4 2290649224, 0, 32;
    %concati/vec4 2290649224, 0, 32;
    %concati/vec4 2290649224, 0, 32;
    %concati/vec4 2290649224, 0, 32;
    %concati/vec4 2290649224, 0, 32;
    %concati/vec4 2290649224, 0, 32;
    %concati/vec4 2290649224, 0, 32;
    %concati/vec4 2290649224, 0, 32;
    %concati/vec4 2290649224, 0, 32;
    %concati/vec4 2290649224, 0, 32;
    %concati/vec4 2290649224, 0, 32;
    %concati/vec4 2290649224, 0, 32;
    %concati/vec4 2290649224, 0, 32;
    %concati/vec4 572662306, 0, 30;
    %store/vec4 v0xacb052760_0, 0, 512;
    %pushi/vec4 0, 0, 512;
    %concati/vec4 0, 0, 512;
    %load/vec4 v0xacb052760_0;
    %concat/vec4; draw_concat_vec4
    %load/vec4 v0xacb0526c0_0;
    %concat/vec4; draw_concat_vec4
    %store/vec4 v0xacb051e00_0, 0, 2048;
    %load/vec4 v0xacb0526c0_0;
    %store/vec4 v0xacb051860_0, 0, 512;
    %pushi/vec4 4294967295, 0, 32;
    %concati/vec4 4294967295, 0, 32;
    %store/vec4 v0xacb051900_0, 0, 64;
    %pushi/vec4 0, 0, 1;
    %store/vec4 v0xacb0519a0_0, 0, 1;
    %fork TD_tb_layer3_flit_packetizer.send_beat, S_0xacac9c000;
    %join;
    %load/vec4 v0xacb052760_0;
    %store/vec4 v0xacb051860_0, 0, 512;
    %pushi/vec4 4294967295, 0, 32;
    %concati/vec4 4294967295, 0, 32;
    %store/vec4 v0xacb051900_0, 0, 64;
    %pushi/vec4 1, 0, 1;
    %store/vec4 v0xacb0519a0_0, 0, 1;
    %fork TD_tb_layer3_flit_packetizer.send_beat, S_0xacac9c000;
    %join;
    %load/vec4 v0xacb051e00_0;
    %store/vec4 v0xacb050460_0, 0, 2048;
    %pushi/vec4 1, 0, 1;
    %store/vec4 v0xacb050140_0, 0, 1;
    %pushi/vec4 0, 0, 32; draw_string_vec4
    %pushi/vec4 0, 0, 32; draw_string_vec4
    %concat/vec4; draw_string_vec4
    %pushi/vec4 6644082, 0, 32; draw_string_vec4
    %concat/vec4; draw_string_vec4
    %pushi/vec4 1819893612, 0, 32; draw_string_vec4
    %concat/vec4; draw_string_vec4
    %pushi/vec4 1634956383, 0, 32; draw_string_vec4
    %concat/vec4; draw_string_vec4
    %pushi/vec4 1885434484, 0, 32; draw_string_vec4
    %concat/vec4; draw_string_vec4
    %pushi/vec4 1767992415, 0, 32; draw_string_vec4
    %concat/vec4; draw_string_vec4
    %pushi/vec4 1718380916, 0, 32; draw_string_vec4
    %concat/vec4; draw_string_vec4
    %store/vec4 v0xacb050500_0, 0, 256;
    %fork TD_tb_layer3_flit_packetizer.check_flit, S_0x1056c7ff0;
    %join;
    %pushi/vec4 4027435774, 0, 32;
    %concati/vec4 4027435774, 0, 32;
    %concati/vec4 4027435774, 0, 32;
    %concati/vec4 4027435774, 0, 32;
    %concati/vec4 4027435774, 0, 32;
    %concati/vec4 4027435774, 0, 32;
    %concati/vec4 4027435774, 0, 32;
    %concati/vec4 4027435774, 0, 32;
    %concati/vec4 4027435774, 0, 32;
    %concati/vec4 4027435774, 0, 32;
    %concati/vec4 4027435774, 0, 32;
    %concati/vec4 4027435774, 0, 32;
    %concati/vec4 4027435774, 0, 32;
    %concati/vec4 4027435774, 0, 32;
    %concati/vec4 4027435774, 0, 32;
    %concati/vec4 4027435774, 0, 32;
    %store/vec4 v0xacb0526c0_0, 0, 512;
    %pushi/vec4 0, 0, 512;
    %concati/vec4 0, 0, 512;
    %concati/vec4 0, 0, 512;
    %load/vec4 v0xacb0526c0_0;
    %concat/vec4; draw_concat_vec4
    %store/vec4 v0xacb051e00_0, 0, 2048;
    %load/vec4 v0xacb0526c0_0;
    %store/vec4 v0xacb051860_0, 0, 512;
    %pushi/vec4 4294967295, 0, 32;
    %concati/vec4 4294967295, 0, 32;
    %store/vec4 v0xacb051900_0, 0, 64;
    %pushi/vec4 1, 0, 1;
    %store/vec4 v0xacb0519a0_0, 0, 1;
    %fork TD_tb_layer3_flit_packetizer.send_beat, S_0xacac9c000;
    %join;
    %load/vec4 v0xacb051e00_0;
    %store/vec4 v0xacb050460_0, 0, 2048;
    %pushi/vec4 1, 0, 1;
    %store/vec4 v0xacb050140_0, 0, 1;
    %pushi/vec4 0, 0, 32; draw_string_vec4
    %pushi/vec4 0, 0, 32; draw_string_vec4
    %concat/vec4; draw_string_vec4
    %pushi/vec4 29545, 0, 32; draw_string_vec4
    %concat/vec4; draw_string_vec4
    %pushi/vec4 1852271717, 0, 32; draw_string_vec4
    %concat/vec4; draw_string_vec4
    %pushi/vec4 1600284001, 0, 32; draw_string_vec4
    %concat/vec4; draw_string_vec4
    %pushi/vec4 1952408929, 0, 32; draw_string_vec4
    %concat/vec4; draw_string_vec4
    %pushi/vec4 1919711583, 0, 32; draw_string_vec4
    %concat/vec4; draw_string_vec4
    %pushi/vec4 1818325876, 0, 32; draw_string_vec4
    %concat/vec4; draw_string_vec4
    %store/vec4 v0xacb050500_0, 0, 256;
    %fork TD_tb_layer3_flit_packetizer.check_flit, S_0x1056c7ff0;
    %join;
    %pushi/vec4 3031695360, 0, 33;
    %concati/vec4 3031695360, 0, 32;
    %concati/vec4 3031695360, 0, 32;
    %concati/vec4 3031695360, 0, 32;
    %concati/vec4 3031695360, 0, 32;
    %concati/vec4 3031695360, 0, 32;
    %concati/vec4 3031695360, 0, 32;
    %concati/vec4 3031695360, 0, 32;
    %concati/vec4 3031695360, 0, 32;
    %concati/vec4 3031695360, 0, 32;
    %concati/vec4 3031695360, 0, 32;
    %concati/vec4 3031695360, 0, 32;
    %concati/vec4 3031695360, 0, 32;
    %concati/vec4 3031695360, 0, 32;
    %concati/vec4 3031695360, 0, 32;
    %concati/vec4 1515847680, 0, 31;
    %store/vec4 v0xacb0526c0_0, 0, 512;
    %pushi/vec4 3604357666, 0, 33;
    %concati/vec4 3604357666, 0, 32;
    %concati/vec4 3604357666, 0, 32;
    %concati/vec4 3604357666, 0, 32;
    %concati/vec4 3604357666, 0, 32;
    %concati/vec4 3604357666, 0, 32;
    %concati/vec4 3604357666, 0, 32;
    %concati/vec4 3604357666, 0, 32;
    %concati/vec4 3604357666, 0, 32;
    %concati/vec4 3604357666, 0, 32;
    %concati/vec4 3604357666, 0, 32;
    %concati/vec4 3604357666, 0, 32;
    %concati/vec4 3604357666, 0, 32;
    %concati/vec4 3604357666, 0, 32;
    %concati/vec4 3604357666, 0, 32;
    %concati/vec4 1802178833, 0, 31;
    %store/vec4 v0xacb052760_0, 0, 512;
    %pushi/vec4 4177019972, 0, 33;
    %concati/vec4 4177019972, 0, 32;
    %concati/vec4 4177019972, 0, 32;
    %concati/vec4 4177019972, 0, 32;
    %concati/vec4 4177019972, 0, 32;
    %concati/vec4 4177019972, 0, 32;
    %concati/vec4 4177019972, 0, 32;
    %concati/vec4 4177019972, 0, 32;
    %concati/vec4 4177019972, 0, 32;
    %concati/vec4 4177019972, 0, 32;
    %concati/vec4 4177019972, 0, 32;
    %concati/vec4 4177019972, 0, 32;
    %concati/vec4 4177019972, 0, 32;
    %concati/vec4 4177019972, 0, 32;
    %concati/vec4 4177019972, 0, 32;
    %concati/vec4 2088509986, 0, 31;
    %store/vec4 v0xacb052800_0, 0, 512;
    %pushi/vec4 2374841139, 0, 32;
    %concati/vec4 2374841139, 0, 32;
    %concati/vec4 2374841139, 0, 32;
    %concati/vec4 2374841139, 0, 32;
    %concati/vec4 2374841139, 0, 32;
    %concati/vec4 2374841139, 0, 32;
    %concati/vec4 2374841139, 0, 32;
    %concati/vec4 2374841139, 0, 32;
    %concati/vec4 2374841139, 0, 32;
    %concati/vec4 2374841139, 0, 32;
    %concati/vec4 2374841139, 0, 32;
    %concati/vec4 2374841139, 0, 32;
    %concati/vec4 2374841139, 0, 32;
    %concati/vec4 2374841139, 0, 32;
    %concati/vec4 2374841139, 0, 32;
    %concati/vec4 2374841139, 0, 32;
    %store/vec4 v0xacb0528a0_0, 0, 512;
    %load/vec4 v0xacb0528a0_0;
    %load/vec4 v0xacb052800_0;
    %concat/vec4; draw_concat_vec4
    %load/vec4 v0xacb052760_0;
    %concat/vec4; draw_concat_vec4
    %load/vec4 v0xacb0526c0_0;
    %concat/vec4; draw_concat_vec4
    %store/vec4 v0xacb051d60_0, 0, 2048;
    %load/vec4 v0xacb0526c0_0;
    %store/vec4 v0xacb051860_0, 0, 512;
    %pushi/vec4 4294967295, 0, 32;
    %concati/vec4 4294967295, 0, 32;
    %store/vec4 v0xacb051900_0, 0, 64;
    %pushi/vec4 0, 0, 1;
    %store/vec4 v0xacb0519a0_0, 0, 1;
    %fork TD_tb_layer3_flit_packetizer.send_beat, S_0xacac9c000;
    %join;
    %load/vec4 v0xacb052760_0;
    %store/vec4 v0xacb051860_0, 0, 512;
    %pushi/vec4 4294967295, 0, 32;
    %concati/vec4 4294967295, 0, 32;
    %store/vec4 v0xacb051900_0, 0, 64;
    %pushi/vec4 0, 0, 1;
    %store/vec4 v0xacb0519a0_0, 0, 1;
    %fork TD_tb_layer3_flit_packetizer.send_beat, S_0xacac9c000;
    %join;
    %load/vec4 v0xacb052800_0;
    %store/vec4 v0xacb051860_0, 0, 512;
    %pushi/vec4 4294967295, 0, 32;
    %concati/vec4 4294967295, 0, 32;
    %store/vec4 v0xacb051900_0, 0, 64;
    %pushi/vec4 0, 0, 1;
    %store/vec4 v0xacb0519a0_0, 0, 1;
    %fork TD_tb_layer3_flit_packetizer.send_beat, S_0xacac9c000;
    %join;
    %load/vec4 v0xacb0528a0_0;
    %store/vec4 v0xacb051860_0, 0, 512;
    %pushi/vec4 4294967295, 0, 32;
    %concati/vec4 4294967295, 0, 32;
    %store/vec4 v0xacb051900_0, 0, 64;
    %pushi/vec4 0, 0, 1;
    %store/vec4 v0xacb0519a0_0, 0, 1;
    %fork TD_tb_layer3_flit_packetizer.send_beat, S_0xacac9c000;
    %join;
    %load/vec4 v0xacb051d60_0;
    %store/vec4 v0xacb050460_0, 0, 2048;
    %pushi/vec4 0, 0, 1;
    %store/vec4 v0xacb050140_0, 0, 1;
    %pushi/vec4 0, 0, 32; draw_string_vec4
    %pushi/vec4 0, 0, 32; draw_string_vec4
    %concat/vec4; draw_string_vec4
    %pushi/vec4 6451061, 0, 32; draw_string_vec4
    %concat/vec4; draw_string_vec4
    %pushi/vec4 1852072306, 0, 32; draw_string_vec4
    %concat/vec4; draw_string_vec4
    %pushi/vec4 2036295276, 0, 32; draw_string_vec4
    %concat/vec4; draw_string_vec4
    %pushi/vec4 1970497631, 0, 32; draw_string_vec4
    %concat/vec4; draw_string_vec4
    %pushi/vec4 1852792692, 0, 32; draw_string_vec4
    %concat/vec4; draw_string_vec4
    %pushi/vec4 1818325876, 0, 32; draw_string_vec4
    %concat/vec4; draw_string_vec4
    %store/vec4 v0xacb050500_0, 0, 256;
    %fork TD_tb_layer3_flit_packetizer.check_flit, S_0x1056c7ff0;
    %join;
    %pushi/vec4 3735928559, 0, 512;
    %store/vec4 v0xacb051860_0, 0, 512;
    %pushi/vec4 4294967295, 0, 32;
    %concati/vec4 4294967295, 0, 32;
    %store/vec4 v0xacb051900_0, 0, 64;
    %pushi/vec4 0, 0, 1;
    %store/vec4 v0xacb0519a0_0, 0, 1;
    %fork TD_tb_layer3_flit_packetizer.send_beat, S_0xacac9c000;
    %join;
    %fork TD_tb_layer3_flit_packetizer.reset_dut, S_0x1056d08a0;
    %join;
    %load/vec4 v0xacb052580_0;
    %cmpi/e 1, 0, 1;
    %jmp/0xz  T_10.0, 6;
    %load/vec4 v0xacb052260_0;
    %addi 1, 0, 32;
    %store/vec4 v0xacb052260_0, 0, 32;
    %jmp T_10.1;
T_10.0 ;
    %load/vec4 v0xacb051ea0_0;
    %addi 1, 0, 32;
    %store/vec4 v0xacb051ea0_0, 0, 32;
    %vpi_call/w 3 196 "$display", "FAIL: tready not re-asserted after reset" {0 0 0};
T_10.1 ;
    %pushi/vec4 2576984746, 0, 32;
    %concati/vec4 2576984746, 0, 32;
    %concati/vec4 2576984746, 0, 32;
    %concati/vec4 2576984746, 0, 32;
    %concati/vec4 2576984746, 0, 32;
    %concati/vec4 2576984746, 0, 32;
    %concati/vec4 2576984746, 0, 32;
    %concati/vec4 2576984746, 0, 32;
    %concati/vec4 2576984746, 0, 32;
    %concati/vec4 2576984746, 0, 32;
    %concati/vec4 2576984746, 0, 32;
    %concati/vec4 2576984746, 0, 32;
    %concati/vec4 2576984746, 0, 32;
    %concati/vec4 2576984746, 0, 32;
    %concati/vec4 2576984746, 0, 32;
    %concati/vec4 2576984746, 0, 32;
    %store/vec4 v0xacb0526c0_0, 0, 512;
    %pushi/vec4 2576989115, 0, 32;
    %concati/vec4 2576989115, 0, 32;
    %concati/vec4 2576989115, 0, 32;
    %concati/vec4 2576989115, 0, 32;
    %concati/vec4 2576989115, 0, 32;
    %concati/vec4 2576989115, 0, 32;
    %concati/vec4 2576989115, 0, 32;
    %concati/vec4 2576989115, 0, 32;
    %concati/vec4 2576989115, 0, 32;
    %concati/vec4 2576989115, 0, 32;
    %concati/vec4 2576989115, 0, 32;
    %concati/vec4 2576989115, 0, 32;
    %concati/vec4 2576989115, 0, 32;
    %concati/vec4 2576989115, 0, 32;
    %concati/vec4 2576989115, 0, 32;
    %concati/vec4 2576989115, 0, 32;
    %store/vec4 v0xacb052760_0, 0, 512;
    %pushi/vec4 2576993484, 0, 32;
    %concati/vec4 2576993484, 0, 32;
    %concati/vec4 2576993484, 0, 32;
    %concati/vec4 2576993484, 0, 32;
    %concati/vec4 2576993484, 0, 32;
    %concati/vec4 2576993484, 0, 32;
    %concati/vec4 2576993484, 0, 32;
    %concati/vec4 2576993484, 0, 32;
    %concati/vec4 2576993484, 0, 32;
    %concati/vec4 2576993484, 0, 32;
    %concati/vec4 2576993484, 0, 32;
    %concati/vec4 2576993484, 0, 32;
    %concati/vec4 2576993484, 0, 32;
    %concati/vec4 2576993484, 0, 32;
    %concati/vec4 2576993484, 0, 32;
    %concati/vec4 2576993484, 0, 32;
    %store/vec4 v0xacb052800_0, 0, 512;
    %pushi/vec4 2576997853, 0, 32;
    %concati/vec4 2576997853, 0, 32;
    %concati/vec4 2576997853, 0, 32;
    %concati/vec4 2576997853, 0, 32;
    %concati/vec4 2576997853, 0, 32;
    %concati/vec4 2576997853, 0, 32;
    %concati/vec4 2576997853, 0, 32;
    %concati/vec4 2576997853, 0, 32;
    %concati/vec4 2576997853, 0, 32;
    %concati/vec4 2576997853, 0, 32;
    %concati/vec4 2576997853, 0, 32;
    %concati/vec4 2576997853, 0, 32;
    %concati/vec4 2576997853, 0, 32;
    %concati/vec4 2576997853, 0, 32;
    %concati/vec4 2576997853, 0, 32;
    %concati/vec4 2576997853, 0, 32;
    %store/vec4 v0xacb0528a0_0, 0, 512;
    %load/vec4 v0xacb0528a0_0;
    %load/vec4 v0xacb052800_0;
    %concat/vec4; draw_concat_vec4
    %load/vec4 v0xacb052760_0;
    %concat/vec4; draw_concat_vec4
    %load/vec4 v0xacb0526c0_0;
    %concat/vec4; draw_concat_vec4
    %store/vec4 v0xacb051d60_0, 0, 2048;
    %pushi/vec4 0, 0, 1;
    %store/vec4 v0xacb052120_0, 0, 1;
    %load/vec4 v0xacb0526c0_0;
    %store/vec4 v0xacb051860_0, 0, 512;
    %pushi/vec4 4294967295, 0, 32;
    %concati/vec4 4294967295, 0, 32;
    %store/vec4 v0xacb051900_0, 0, 64;
    %pushi/vec4 0, 0, 1;
    %store/vec4 v0xacb0519a0_0, 0, 1;
    %fork TD_tb_layer3_flit_packetizer.send_beat, S_0xacac9c000;
    %join;
    %load/vec4 v0xacb052760_0;
    %store/vec4 v0xacb051860_0, 0, 512;
    %pushi/vec4 4294967295, 0, 32;
    %concati/vec4 4294967295, 0, 32;
    %store/vec4 v0xacb051900_0, 0, 64;
    %pushi/vec4 0, 0, 1;
    %store/vec4 v0xacb0519a0_0, 0, 1;
    %fork TD_tb_layer3_flit_packetizer.send_beat, S_0xacac9c000;
    %join;
    %load/vec4 v0xacb052800_0;
    %store/vec4 v0xacb051860_0, 0, 512;
    %pushi/vec4 4294967295, 0, 32;
    %concati/vec4 4294967295, 0, 32;
    %store/vec4 v0xacb051900_0, 0, 64;
    %pushi/vec4 0, 0, 1;
    %store/vec4 v0xacb0519a0_0, 0, 1;
    %fork TD_tb_layer3_flit_packetizer.send_beat, S_0xacac9c000;
    %join;
    %load/vec4 v0xacb0528a0_0;
    %store/vec4 v0xacb051860_0, 0, 512;
    %pushi/vec4 4294967295, 0, 32;
    %concati/vec4 4294967295, 0, 32;
    %store/vec4 v0xacb051900_0, 0, 64;
    %pushi/vec4 1, 0, 1;
    %store/vec4 v0xacb0519a0_0, 0, 1;
    %fork TD_tb_layer3_flit_packetizer.send_beat, S_0xacac9c000;
    %join;
    %wait E_0xacac34940;
T_10.2 ;
    %load/vec4 v0xacb0521c0_0;
    %nor/r;
    %flag_set/vec4 8;
    %jmp/0xz T_10.3, 8;
    %wait E_0xacac34940;
    %jmp T_10.2;
T_10.3 ;
    %pushi/vec4 5, 0, 32;
T_10.4 %dup/vec4;
    %pushi/vec4 0, 0, 32;
    %cmp/s;
    %jmp/1xz T_10.5, 5;
    %jmp/1 T_10.5, 4;
    %pushi/vec4 1, 0, 32;
    %sub;
    %wait E_0xacac34980;
    %load/vec4 v0xacb0521c0_0;
    %cmpi/e 1, 0, 1;
    %flag_get/vec4 6;
    %jmp/0 T_10.8, 6;
    %load/vec4 v0xacb051fe0_0;
    %load/vec4 v0xacb051d60_0;
    %cmp/e;
    %flag_get/vec4 6;
    %and;
T_10.8;
    %flag_set/vec4 8;
    %jmp/0xz  T_10.6, 8;
    %load/vec4 v0xacb052260_0;
    %addi 1, 0, 32;
    %store/vec4 v0xacb052260_0, 0, 32;
    %jmp T_10.7;
T_10.6 ;
    %load/vec4 v0xacb051ea0_0;
    %addi 1, 0, 32;
    %store/vec4 v0xacb051ea0_0, 0, 32;
    %vpi_call/w 3 227 "$display", "FAIL [backpressure]: m_flit_data/valid did not hold stable while stalled" {0 0 0};
T_10.7 ;
    %load/vec4 v0xacb052580_0;
    %cmpi/e 0, 0, 1;
    %jmp/0xz  T_10.9, 6;
    %load/vec4 v0xacb052260_0;
    %addi 1, 0, 32;
    %store/vec4 v0xacb052260_0, 0, 32;
    %jmp T_10.10;
T_10.9 ;
    %load/vec4 v0xacb051ea0_0;
    %addi 1, 0, 32;
    %store/vec4 v0xacb051ea0_0, 0, 32;
    %vpi_call/w 3 235 "$display", "FAIL [backpressure]: s_axis_tready should stay low while FLIT output is stalled" {0 0 0};
T_10.10 ;
    %jmp T_10.4;
T_10.5 ;
    %pop/vec4 1;
    %wait E_0xacac34980;
    %pushi/vec4 1, 0, 1;
    %store/vec4 v0xacb052120_0, 0, 1;
    %load/vec4 v0xacb051d60_0;
    %store/vec4 v0xacb050460_0, 0, 2048;
    %pushi/vec4 0, 0, 1;
    %store/vec4 v0xacb050140_0, 0, 1;
    %pushi/vec4 0, 0, 32; draw_string_vec4
    %pushi/vec4 0, 0, 32; draw_string_vec4
    %concat/vec4; draw_string_vec4
    %pushi/vec4 0, 0, 32; draw_string_vec4
    %concat/vec4; draw_string_vec4
    %pushi/vec4 1650549611, 0, 32; draw_string_vec4
    %concat/vec4; draw_string_vec4
    %pushi/vec4 1886545267, 0, 32; draw_string_vec4
    %concat/vec4; draw_string_vec4
    %pushi/vec4 1937076837, 0, 32; draw_string_vec4
    %concat/vec4; draw_string_vec4
    %pushi/vec4 1601332588, 0, 32; draw_string_vec4
    %concat/vec4; draw_string_vec4
    %pushi/vec4 1700885349, 0, 32; draw_string_vec4
    %concat/vec4; draw_string_vec4
    %store/vec4 v0xacb050500_0, 0, 256;
    %fork TD_tb_layer3_flit_packetizer.check_flit, S_0x1056c7ff0;
    %join;
    %fork t_5, S_0xacac9c180;
    %jmp t_4;
    .scope S_0xacac9c180;
t_5 ;
    %pushi/vec4 3789619200, 0, 32;
    %concati/vec4 3789619200, 0, 32;
    %concati/vec4 3789619200, 0, 32;
    %concati/vec4 3789619200, 0, 32;
    %concati/vec4 3789619200, 0, 32;
    %concati/vec4 3789619200, 0, 32;
    %concati/vec4 3789619200, 0, 32;
    %concati/vec4 3789619200, 0, 32;
    %concati/vec4 3789619200, 0, 32;
    %concati/vec4 3789619200, 0, 32;
    %concati/vec4 3789619200, 0, 32;
    %concati/vec4 3789619200, 0, 32;
    %concati/vec4 3789619200, 0, 32;
    %concati/vec4 3789619200, 0, 32;
    %concati/vec4 3789619200, 0, 32;
    %concati/vec4 3789619200, 0, 32;
    %store/vec4 v0xacb0526c0_0, 0, 512;
    %pushi/vec4 3806527487, 0, 32;
    %concati/vec4 3806527487, 0, 32;
    %concati/vec4 3806527487, 0, 32;
    %concati/vec4 3806527487, 0, 32;
    %concati/vec4 3806527487, 0, 32;
    %concati/vec4 3806527487, 0, 32;
    %concati/vec4 3806527487, 0, 32;
    %concati/vec4 3806527487, 0, 32;
    %concati/vec4 3806527487, 0, 32;
    %concati/vec4 3806527487, 0, 32;
    %concati/vec4 3806527487, 0, 32;
    %concati/vec4 3806527487, 0, 32;
    %concati/vec4 3806527487, 0, 32;
    %concati/vec4 3806527487, 0, 32;
    %concati/vec4 3806527487, 0, 32;
    %concati/vec4 3806527487, 0, 32;
    %store/vec4 v0xacb051b80_0, 0, 512;
    %pushi/vec4 255, 0, 64;
    %store/vec4 v0xacb051ae0_0, 0, 64;
    %pushi/vec4 0, 0, 512;
    %concati/vec4 0, 0, 512;
    %pushi/vec4 0, 0, 448;
    %load/vec4 v0xacb051b80_0;
    %parti/s 64, 0, 2;
    %concat/vec4; draw_concat_vec4
    %concat/vec4; draw_concat_vec4
    %load/vec4 v0xacb0526c0_0;
    %concat/vec4; draw_concat_vec4
    %store/vec4 v0xacb051a40_0, 0, 2048;
    %load/vec4 v0xacb0526c0_0;
    %store/vec4 v0xacb051860_0, 0, 512;
    %pushi/vec4 4294967295, 0, 32;
    %concati/vec4 4294967295, 0, 32;
    %store/vec4 v0xacb051900_0, 0, 64;
    %pushi/vec4 0, 0, 1;
    %store/vec4 v0xacb0519a0_0, 0, 1;
    %fork TD_tb_layer3_flit_packetizer.send_beat, S_0xacac9c000;
    %join;
    %load/vec4 v0xacb051b80_0;
    %store/vec4 v0xacb051860_0, 0, 512;
    %load/vec4 v0xacb051ae0_0;
    %store/vec4 v0xacb051900_0, 0, 64;
    %pushi/vec4 1, 0, 1;
    %store/vec4 v0xacb0519a0_0, 0, 1;
    %fork TD_tb_layer3_flit_packetizer.send_beat, S_0xacac9c000;
    %join;
    %load/vec4 v0xacb051a40_0;
    %store/vec4 v0xacb050460_0, 0, 2048;
    %pushi/vec4 1, 0, 1;
    %store/vec4 v0xacb050140_0, 0, 1;
    %pushi/vec4 0, 0, 32; draw_string_vec4
    %pushi/vec4 0, 0, 32; draw_string_vec4
    %concat/vec4; draw_string_vec4
    %pushi/vec4 0, 0, 32; draw_string_vec4
    %concat/vec4; draw_string_vec4
    %pushi/vec4 29803, 0, 32; draw_string_vec4
    %concat/vec4; draw_string_vec4
    %pushi/vec4 1701146719, 0, 32; draw_string_vec4
    %concat/vec4; draw_string_vec4
    %pushi/vec4 1885434484, 0, 32; draw_string_vec4
    %concat/vec4; draw_string_vec4
    %pushi/vec4 1767992415, 0, 32; draw_string_vec4
    %concat/vec4; draw_string_vec4
    %pushi/vec4 1835103083, 0, 32; draw_string_vec4
    %concat/vec4; draw_string_vec4
    %store/vec4 v0xacb050500_0, 0, 256;
    %fork TD_tb_layer3_flit_packetizer.check_flit, S_0x1056c7ff0;
    %join;
    %end;
    .scope S_0x1056bc4b0;
t_4 %join;
    %vpi_call/w 3 271 "$display", "=================================================" {0 0 0};
    %vpi_call/w 3 272 "$display", "TESTS PASSED: %0d   TESTS FAILED: %0d", v0xacb052260_0, v0xacb051ea0_0 {0 0 0};
    %vpi_call/w 3 273 "$display", "=================================================" {0 0 0};
    %load/vec4 v0xacb051ea0_0;
    %cmpi/e 0, 0, 32;
    %jmp/0xz  T_10.11, 4;
    %vpi_call/w 3 275 "$display", "RESULT: ALL TESTS PASSED" {0 0 0};
    %jmp T_10.12;
T_10.11 ;
    %vpi_call/w 3 277 "$display", "RESULT: FAILURES PRESENT" {0 0 0};
T_10.12 ;
    %vpi_call/w 3 279 "$finish" {0 0 0};
    %end;
    .thread T_10;
    .scope S_0x1056bc4b0;
T_11 ;
    %vpi_call/w 3 283 "$dumpfile", "sim/dump_layer3_flit_packetizer.vcd" {0 0 0};
    %vpi_call/w 3 284 "$dumpvars", 32'sb00000000000000000000000000000000, S_0x1056bc4b0 {0 0 0};
    %end;
    .thread T_11;
# The file index is used to find the file name in the following table.
:file_names 5;
    "N/A";
    "<interactive>";
    "-";
    "tb/tb_layer3_flit_packetizer.v";
    "rtl/layer3_flit_packetizer.v";
