#! /opt/homebrew/Cellar/icarus-verilog/12.0/bin/vvp
:ivl_version "12.0 (stable)";
:ivl_delay_selection "TYPICAL";
:vpi_time_precision - 12;
:vpi_module "/opt/homebrew/Cellar/icarus-verilog/12.0/lib/ivl/system.vpi";
:vpi_module "/opt/homebrew/Cellar/icarus-verilog/12.0/lib/ivl/vhdl_sys.vpi";
:vpi_module "/opt/homebrew/Cellar/icarus-verilog/12.0/lib/ivl/vhdl_textio.vpi";
:vpi_module "/opt/homebrew/Cellar/icarus-verilog/12.0/lib/ivl/v2005_math.vpi";
:vpi_module "/opt/homebrew/Cellar/icarus-verilog/12.0/lib/ivl/va_math.vpi";
:vpi_module "/opt/homebrew/Cellar/icarus-verilog/12.0/lib/ivl/v2009.vpi";
S_0x10128db00 .scope package, "$unit" "$unit" 2 1;
 .timescale 0 0;
S_0x10128e7a0 .scope module, "tb_layer2_axis_arbiter" "tb_layer2_axis_arbiter" 3 22;
 .timescale -9 -12;
P_0xbd6c21f80 .param/l "CLK_PERIOD" 1 3 25, +C4<00000000000000000000000000001010>;
P_0xbd6c21fc0 .param/l "TDATA_WIDTH" 1 3 24, +C4<00000000000000000000001000000000>;
v0xbd7076ee0_0 .var/i "atomicity_violations", 31 0;
v0xbd7076f80_0 .var "clk", 0 0;
v0xbd7077020_0 .net "dbg_grant0_count", 31 0, v0xbd7075ea0_0;  1 drivers
v0xbd70770c0_0 .net "dbg_grant1_count", 31 0, v0xbd7075f40_0;  1 drivers
v0xbd7077160_0 .var/i "exp_idx", 31 0;
v0xbd7077200_0 .var/i "fail_count", 31 0;
v0xbd70772a0_0 .net "m_axis_tdata", 511 0, L_0xbd6c84320;  1 drivers
v0xbd7077340_0 .net "m_axis_tkeep", 63 0, L_0xbd6c843c0;  1 drivers
v0xbd70773e0_0 .net "m_axis_tlast", 0 0, L_0xbd6c84460;  1 drivers
v0xbd7077480_0 .var "m_axis_tready", 0 0;
v0xbd7077520_0 .net "m_axis_tvalid", 0 0, L_0xbd6c84280;  1 drivers
v0xbd70775c0_0 .var/i "pass_count", 31 0;
v0xbd7077660_0 .var "rst_n", 0 0;
v0xbd7077700_0 .var/i "rx_count", 31 0;
v0xbd70777a0 .array "rx_data", 255 0, 511 0;
v0xbd7077840 .array "rx_last", 255 0, 0 0;
v0xbd70778e0_0 .var "s_axis0_tdata", 511 0;
v0xbd7077980_0 .var "s_axis0_tkeep", 63 0;
v0xbd7077a20_0 .var "s_axis0_tlast", 0 0;
v0xbd7077ac0_0 .net "s_axis0_tready", 0 0, L_0xbd6c845a0;  1 drivers
v0xbd7077b60_0 .var "s_axis0_tvalid", 0 0;
v0xbd7077c00_0 .var "s_axis1_tdata", 511 0;
v0xbd7077ca0_0 .var "s_axis1_tkeep", 63 0;
v0xbd7077d40_0 .var "s_axis1_tlast", 0 0;
v0xbd7077de0_0 .net "s_axis1_tready", 0 0, L_0xbd6c84640;  1 drivers
v0xbd7077e80_0 .var "s_axis1_tvalid", 0 0;
S_0x101280ab0 .scope task, "check_next_beat" "check_next_beat" 3 135, 3 135 0, S_0x10128e7a0;
 .timescale -9 -12;
v0xbd70740a0_0 .var "exp_data", 511 0;
v0xbd7074a00_0 .var "exp_last", 0 0;
v0xbd7074aa0_0 .var "label", 255 0;
E_0xbd6c70580 .event negedge, v0xbd7075d60_0;
E_0xbd6c705c0 .event posedge, v0xbd7075d60_0;
TD_tb_layer2_axis_arbiter.check_next_beat ;
T_0.0 ;
    %load/vec4 v0xbd7077700_0;
    %load/vec4 v0xbd7077160_0;
    %cmp/s;
    %flag_or 5, 4;
    %jmp/0xz T_0.1, 5;
    %wait E_0xbd6c705c0;
    %jmp T_0.0;
T_0.1 ;
    %wait E_0xbd6c70580;
    %ix/getv/s 4, v0xbd7077160_0;
    %load/vec4a v0xbd70777a0, 4;
    %load/vec4 v0xbd70740a0_0;
    %cmp/e;
    %flag_get/vec4 6;
    %jmp/0 T_0.4, 6;
    %ix/getv/s 4, v0xbd7077160_0;
    %load/vec4a v0xbd7077840, 4;
    %load/vec4 v0xbd7074a00_0;
    %cmp/e;
    %flag_get/vec4 6;
    %and;
T_0.4;
    %flag_set/vec4 8;
    %jmp/0xz  T_0.2, 8;
    %load/vec4 v0xbd70775c0_0;
    %addi 1, 0, 32;
    %store/vec4 v0xbd70775c0_0, 0, 32;
    %jmp T_0.3;
T_0.2 ;
    %load/vec4 v0xbd7077200_0;
    %addi 1, 0, 32;
    %store/vec4 v0xbd7077200_0, 0, 32;
    %vpi_call/w 3 143 "$display", "FAIL [%0s]: beat %0d mismatch. got last=%b exp last=%b", v0xbd7074aa0_0, v0xbd7077160_0, &A<v0xbd7077840, v0xbd7077160_0 >, v0xbd7074a00_0 {0 0 0};
T_0.3 ;
    %load/vec4 v0xbd7077160_0;
    %addi 1, 0, 32;
    %store/vec4 v0xbd7077160_0, 0, 32;
    %end;
S_0x101280c30 .scope begin, "contention_test" "contention_test" 3 171, 3 171 0, S_0x10128e7a0;
 .timescale -9 -12;
v0xbd7074000_0 .var/i "grants0_before", 31 0;
v0xbd7075040_0 .var/i "grants1_before", 31 0;
v0xbd70750e0_0 .var/i "k", 31 0;
v0xbd7075180_0 .var/i "last_count", 31 0;
v0xbd7075220_0 .var/i "rx_before", 31 0;
S_0x101288f80 .scope begin, "m0_burst" "m0_burst" 3 179, 3 179 0, S_0x101280c30;
 .timescale -9 -12;
v0xbd7074b40_0 .var/i "p", 31 0;
S_0x101289100 .scope begin, "m1_burst" "m1_burst" 3 186, 3 186 0, S_0x101280c30;
 .timescale -9 -12;
v0xbd7074be0_0 .var/i "p", 31 0;
S_0x10128fcf0 .scope begin, "source_scoreboard" "source_scoreboard" 3 237, 3 237 0, S_0x101280c30;
 .timescale -9 -12;
v0xbd7074c80 .array "m0_exp", 5 0, 511 0;
v0xbd7074d20_0 .var/i "m0_next", 31 0;
v0xbd7074dc0 .array "m1_exp", 5 0, 511 0;
v0xbd7074e60_0 .var/i "m1_next", 31 0;
v0xbd7074f00_0 .var/i "p2", 31 0;
v0xbd7074fa0_0 .var "tag", 15 0;
S_0x10128fe70 .scope task, "drive0" "drive0" 3 104, 3 104 0, S_0x10128e7a0;
 .timescale -9 -12;
v0xbd70752c0_0 .var "data", 511 0;
v0xbd7075360_0 .var "last", 0 0;
TD_tb_layer2_axis_arbiter.drive0 ;
    %wait E_0xbd6c70580;
    %load/vec4 v0xbd70752c0_0;
    %store/vec4 v0xbd70778e0_0, 0, 512;
    %pushi/vec4 4294967295, 0, 32;
    %concati/vec4 4294967295, 0, 32;
    %store/vec4 v0xbd7077980_0, 0, 64;
    %pushi/vec4 1, 0, 1;
    %store/vec4 v0xbd7077b60_0, 0, 1;
    %load/vec4 v0xbd7075360_0;
    %store/vec4 v0xbd7077a20_0, 0, 1;
    %wait E_0xbd6c705c0;
T_1.5 ;
    %load/vec4 v0xbd7077ac0_0;
    %cmpi/ne 1, 0, 1;
    %jmp/0xz T_1.6, 6;
    %wait E_0xbd6c705c0;
    %jmp T_1.5;
T_1.6 ;
    %wait E_0xbd6c70580;
    %pushi/vec4 0, 0, 1;
    %store/vec4 v0xbd7077b60_0, 0, 1;
    %pushi/vec4 0, 0, 1;
    %store/vec4 v0xbd7077a20_0, 0, 1;
    %end;
S_0x101294ad0 .scope task, "drive1" "drive1" 3 119, 3 119 0, S_0x10128e7a0;
 .timescale -9 -12;
v0xbd7075400_0 .var "data", 511 0;
v0xbd70754a0_0 .var "last", 0 0;
TD_tb_layer2_axis_arbiter.drive1 ;
    %wait E_0xbd6c70580;
    %load/vec4 v0xbd7075400_0;
    %store/vec4 v0xbd7077c00_0, 0, 512;
    %pushi/vec4 4294967295, 0, 32;
    %concati/vec4 4294967295, 0, 32;
    %store/vec4 v0xbd7077ca0_0, 0, 64;
    %pushi/vec4 1, 0, 1;
    %store/vec4 v0xbd7077e80_0, 0, 1;
    %load/vec4 v0xbd70754a0_0;
    %store/vec4 v0xbd7077d40_0, 0, 1;
    %wait E_0xbd6c705c0;
T_2.7 ;
    %load/vec4 v0xbd7077de0_0;
    %cmpi/ne 1, 0, 1;
    %jmp/0xz T_2.8, 6;
    %wait E_0xbd6c705c0;
    %jmp T_2.7;
T_2.8 ;
    %wait E_0xbd6c70580;
    %pushi/vec4 0, 0, 1;
    %store/vec4 v0xbd7077e80_0, 0, 1;
    %pushi/vec4 0, 0, 1;
    %store/vec4 v0xbd7077d40_0, 0, 1;
    %end;
S_0xbd70a0000 .scope module, "dut" "layer2_axis_arbiter" 3 52, 4 36 0, S_0x10128e7a0;
 .timescale -9 -12;
    .port_info 0 /INPUT 1 "clk";
    .port_info 1 /INPUT 1 "rst_n";
    .port_info 2 /INPUT 512 "s_axis0_tdata";
    .port_info 3 /INPUT 64 "s_axis0_tkeep";
    .port_info 4 /INPUT 1 "s_axis0_tvalid";
    .port_info 5 /OUTPUT 1 "s_axis0_tready";
    .port_info 6 /INPUT 1 "s_axis0_tlast";
    .port_info 7 /INPUT 512 "s_axis1_tdata";
    .port_info 8 /INPUT 64 "s_axis1_tkeep";
    .port_info 9 /INPUT 1 "s_axis1_tvalid";
    .port_info 10 /OUTPUT 1 "s_axis1_tready";
    .port_info 11 /INPUT 1 "s_axis1_tlast";
    .port_info 12 /OUTPUT 512 "m_axis_tdata";
    .port_info 13 /OUTPUT 64 "m_axis_tkeep";
    .port_info 14 /OUTPUT 1 "m_axis_tvalid";
    .port_info 15 /INPUT 1 "m_axis_tready";
    .port_info 16 /OUTPUT 1 "m_axis_tlast";
    .port_info 17 /OUTPUT 32 "dbg_grant0_count";
    .port_info 18 /OUTPUT 32 "dbg_grant1_count";
P_0xbd7061980 .param/l "TDATA_WIDTH" 0 4 37, +C4<00000000000000000000001000000000>;
L_0xbd7084000 .functor BUFZ 1, v0xbd7077b60_0, C4<0>, C4<0>, C4<0>;
L_0xbd7084070 .functor BUFZ 1, v0xbd7077e80_0, C4<0>, C4<0>, C4<0>;
L_0xbd6c15c70 .functor AND 1, L_0xbd7084000, L_0xbd7084070, C4<1>, C4<1>;
L_0xbd6c15ce0 .functor NOT 1, v0xbd70761c0_0, C4<0>, C4<0>, C4<0>;
L_0xbd6c15d50 .functor OR 1, v0xbd7076260_0, L_0xbd7084000, C4<0>, C4<0>;
L_0xbd6c15dc0 .functor OR 1, L_0xbd6c15d50, L_0xbd7084070, C4<0>, C4<0>;
L_0xbd6c15e30 .functor AND 1, L_0xbd6c15dc0, L_0xbd6c84500, C4<1>, C4<1>;
L_0xbd6c15ea0 .functor AND 1, L_0xbd6c15dc0, L_0xbd6c84140, C4<1>, C4<1>;
L_0xbd7478058 .functor BUFT 1, C4<1>, C4<0>, C4<0>, C4<0>;
v0xbd7075540_0 .net/2u *"_ivl_10", 0 0, L_0xbd7478058;  1 drivers
v0xbd70755e0_0 .net *"_ivl_12", 0 0, L_0xbd6c84000;  1 drivers
v0xbd7075680_0 .net *"_ivl_19", 0 0, L_0xbd6c15d50;  1 drivers
v0xbd7075720_0 .net *"_ivl_22", 0 0, L_0xbd6c841e0;  1 drivers
L_0xbd74780a0 .functor BUFT 1, C4<0>, C4<0>, C4<0>, C4<0>;
v0xbd70757c0_0 .net/2u *"_ivl_24", 0 0, L_0xbd74780a0;  1 drivers
v0xbd7075860_0 .net *"_ivl_35", 0 0, L_0xbd6c84500;  1 drivers
v0xbd7075900_0 .net *"_ivl_37", 0 0, L_0xbd6c15e30;  1 drivers
L_0xbd74780e8 .functor BUFT 1, C4<0>, C4<0>, C4<0>, C4<0>;
v0xbd70759a0_0 .net/2u *"_ivl_38", 0 0, L_0xbd74780e8;  1 drivers
v0xbd7075a40_0 .net *"_ivl_43", 0 0, L_0xbd6c15ea0;  1 drivers
L_0xbd7478130 .functor BUFT 1, C4<0>, C4<0>, C4<0>, C4<0>;
v0xbd7075ae0_0 .net/2u *"_ivl_44", 0 0, L_0xbd7478130;  1 drivers
v0xbd7075b80_0 .net *"_ivl_6", 0 0, L_0xbd6c15ce0;  1 drivers
L_0xbd7478010 .functor BUFT 1, C4<0>, C4<0>, C4<0>, C4<0>;
v0xbd7075c20_0 .net/2u *"_ivl_8", 0 0, L_0xbd7478010;  1 drivers
v0xbd7075cc0_0 .net "arb_active", 0 0, L_0xbd6c15dc0;  1 drivers
v0xbd7075d60_0 .net "clk", 0 0, v0xbd7076f80_0;  1 drivers
v0xbd7075e00_0 .net "contend", 0 0, L_0xbd6c15c70;  1 drivers
v0xbd7075ea0_0 .var "dbg_grant0_count", 31 0;
v0xbd7075f40_0 .var "dbg_grant1_count", 31 0;
v0xbd7075fe0_0 .net "eff_grant", 0 0, L_0xbd6c84140;  1 drivers
v0xbd7076080_0 .net "fresh_grant", 0 0, L_0xbd6c840a0;  1 drivers
v0xbd7076120_0 .var "grant", 0 0;
v0xbd70761c0_0 .var "last_served", 0 0;
v0xbd7076260_0 .var "locked", 0 0;
v0xbd7076300_0 .net "m_axis_tdata", 511 0, L_0xbd6c84320;  alias, 1 drivers
v0xbd70763a0_0 .net "m_axis_tkeep", 63 0, L_0xbd6c843c0;  alias, 1 drivers
v0xbd7076440_0 .net "m_axis_tlast", 0 0, L_0xbd6c84460;  alias, 1 drivers
v0xbd70764e0_0 .net "m_axis_tready", 0 0, v0xbd7077480_0;  1 drivers
v0xbd7076580_0 .net "m_axis_tvalid", 0 0, L_0xbd6c84280;  alias, 1 drivers
v0xbd7076620_0 .net "rst_n", 0 0, v0xbd7077660_0;  1 drivers
v0xbd70766c0_0 .net "s_axis0_tdata", 511 0, v0xbd70778e0_0;  1 drivers
v0xbd7076760_0 .net "s_axis0_tkeep", 63 0, v0xbd7077980_0;  1 drivers
v0xbd7076800_0 .net "s_axis0_tlast", 0 0, v0xbd7077a20_0;  1 drivers
v0xbd70768a0_0 .net "s_axis0_tready", 0 0, L_0xbd6c845a0;  alias, 1 drivers
v0xbd7076940_0 .net "s_axis0_tvalid", 0 0, v0xbd7077b60_0;  1 drivers
v0xbd70769e0_0 .net "s_axis1_tdata", 511 0, v0xbd7077c00_0;  1 drivers
v0xbd7076a80_0 .net "s_axis1_tkeep", 63 0, v0xbd7077ca0_0;  1 drivers
v0xbd7076b20_0 .net "s_axis1_tlast", 0 0, v0xbd7077d40_0;  1 drivers
v0xbd7076bc0_0 .net "s_axis1_tready", 0 0, L_0xbd6c84640;  alias, 1 drivers
v0xbd7076c60_0 .net "s_axis1_tvalid", 0 0, v0xbd7077e80_0;  1 drivers
v0xbd7076d00_0 .net "want0", 0 0, L_0xbd7084000;  1 drivers
v0xbd7076da0_0 .net "want1", 0 0, L_0xbd7084070;  1 drivers
E_0xbd6c70600/0 .event negedge, v0xbd7076620_0;
E_0xbd6c70600/1 .event posedge, v0xbd7075d60_0;
E_0xbd6c70600 .event/or E_0xbd6c70600/0, E_0xbd6c70600/1;
L_0xbd6c84000 .functor MUXZ 1, L_0xbd7478058, L_0xbd7478010, L_0xbd7084000, C4<>;
L_0xbd6c840a0 .functor MUXZ 1, L_0xbd6c84000, L_0xbd6c15ce0, L_0xbd6c15c70, C4<>;
L_0xbd6c84140 .functor MUXZ 1, L_0xbd6c840a0, v0xbd7076120_0, v0xbd7076260_0, C4<>;
L_0xbd6c841e0 .functor MUXZ 1, v0xbd7077b60_0, v0xbd7077e80_0, L_0xbd6c84140, C4<>;
L_0xbd6c84280 .functor MUXZ 1, L_0xbd74780a0, L_0xbd6c841e0, L_0xbd6c15dc0, C4<>;
L_0xbd6c84320 .functor MUXZ 512, v0xbd70778e0_0, v0xbd7077c00_0, L_0xbd6c84140, C4<>;
L_0xbd6c843c0 .functor MUXZ 64, v0xbd7077980_0, v0xbd7077ca0_0, L_0xbd6c84140, C4<>;
L_0xbd6c84460 .functor MUXZ 1, v0xbd7077a20_0, v0xbd7077d40_0, L_0xbd6c84140, C4<>;
L_0xbd6c84500 .reduce/nor L_0xbd6c84140;
L_0xbd6c845a0 .functor MUXZ 1, L_0xbd74780e8, v0xbd7077480_0, L_0xbd6c15e30, C4<>;
L_0xbd6c84640 .functor MUXZ 1, L_0xbd7478130, v0xbd7077480_0, L_0xbd6c15ea0, C4<>;
S_0xbd70a0180 .scope task, "reset_dut" "reset_dut" 3 92, 3 92 0, S_0x10128e7a0;
 .timescale -9 -12;
TD_tb_layer2_axis_arbiter.reset_dut ;
    %pushi/vec4 0, 0, 1;
    %store/vec4 v0xbd7077660_0, 0, 1;
    %pushi/vec4 0, 0, 1;
    %store/vec4 v0xbd7077b60_0, 0, 1;
    %pushi/vec4 0, 0, 1;
    %store/vec4 v0xbd7077a20_0, 0, 1;
    %pushi/vec4 0, 0, 512;
    %store/vec4 v0xbd70778e0_0, 0, 512;
    %pushi/vec4 4294967295, 0, 32;
    %concati/vec4 4294967295, 0, 32;
    %store/vec4 v0xbd7077980_0, 0, 64;
    %pushi/vec4 0, 0, 1;
    %store/vec4 v0xbd7077e80_0, 0, 1;
    %pushi/vec4 0, 0, 1;
    %store/vec4 v0xbd7077d40_0, 0, 1;
    %pushi/vec4 0, 0, 512;
    %store/vec4 v0xbd7077c00_0, 0, 512;
    %pushi/vec4 4294967295, 0, 32;
    %concati/vec4 4294967295, 0, 32;
    %store/vec4 v0xbd7077ca0_0, 0, 64;
    %pushi/vec4 1, 0, 1;
    %store/vec4 v0xbd7077480_0, 0, 1;
    %pushi/vec4 3, 0, 32;
T_3.9 %dup/vec4;
    %pushi/vec4 0, 0, 32;
    %cmp/s;
    %jmp/1xz T_3.10, 5;
    %jmp/1 T_3.10, 4;
    %pushi/vec4 1, 0, 32;
    %sub;
    %wait E_0xbd6c705c0;
    %jmp T_3.9;
T_3.10 ;
    %pop/vec4 1;
    %pushi/vec4 1, 0, 1;
    %store/vec4 v0xbd7077660_0, 0, 1;
    %wait E_0xbd6c705c0;
    %end;
    .scope S_0xbd70a0000;
T_4 ;
    %wait E_0xbd6c70600;
    %load/vec4 v0xbd7076620_0;
    %nor/r;
    %flag_set/vec4 8;
    %jmp/0xz  T_4.0, 8;
    %pushi/vec4 0, 0, 1;
    %assign/vec4 v0xbd7076260_0, 0;
    %pushi/vec4 0, 0, 1;
    %assign/vec4 v0xbd7076120_0, 0;
    %pushi/vec4 1, 0, 1;
    %assign/vec4 v0xbd70761c0_0, 0;
    %pushi/vec4 0, 0, 32;
    %assign/vec4 v0xbd7075ea0_0, 0;
    %pushi/vec4 0, 0, 32;
    %assign/vec4 v0xbd7075f40_0, 0;
    %jmp T_4.1;
T_4.0 ;
    %load/vec4 v0xbd7076260_0;
    %nor/r;
    %flag_set/vec4 8;
    %jmp/0xz  T_4.2, 8;
    %load/vec4 v0xbd7076580_0;
    %flag_set/vec4 9;
    %flag_get/vec4 9;
    %jmp/0 T_4.6, 9;
    %load/vec4 v0xbd70764e0_0;
    %and;
T_4.6;
    %flag_set/vec4 8;
    %jmp/0xz  T_4.4, 8;
    %load/vec4 v0xbd7075fe0_0;
    %assign/vec4 v0xbd7076120_0, 0;
    %load/vec4 v0xbd7076440_0;
    %nor/r;
    %flag_set/vec4 8;
    %jmp/0xz  T_4.7, 8;
    %pushi/vec4 1, 0, 1;
    %assign/vec4 v0xbd7076260_0, 0;
    %jmp T_4.8;
T_4.7 ;
    %load/vec4 v0xbd7075fe0_0;
    %assign/vec4 v0xbd70761c0_0, 0;
    %load/vec4 v0xbd7075fe0_0;
    %flag_set/vec4 8;
    %jmp/0xz  T_4.9, 8;
    %load/vec4 v0xbd7075f40_0;
    %addi 1, 0, 32;
    %assign/vec4 v0xbd7075f40_0, 0;
    %jmp T_4.10;
T_4.9 ;
    %load/vec4 v0xbd7075ea0_0;
    %addi 1, 0, 32;
    %assign/vec4 v0xbd7075ea0_0, 0;
T_4.10 ;
T_4.8 ;
T_4.4 ;
    %jmp T_4.3;
T_4.2 ;
    %load/vec4 v0xbd7076580_0;
    %flag_set/vec4 10;
    %flag_get/vec4 10;
    %jmp/0 T_4.14, 10;
    %load/vec4 v0xbd70764e0_0;
    %and;
T_4.14;
    %flag_set/vec4 9;
    %flag_get/vec4 9;
    %jmp/0 T_4.13, 9;
    %load/vec4 v0xbd7076440_0;
    %and;
T_4.13;
    %flag_set/vec4 8;
    %jmp/0xz  T_4.11, 8;
    %pushi/vec4 0, 0, 1;
    %assign/vec4 v0xbd7076260_0, 0;
    %load/vec4 v0xbd7076120_0;
    %assign/vec4 v0xbd70761c0_0, 0;
    %load/vec4 v0xbd7076120_0;
    %flag_set/vec4 8;
    %jmp/0xz  T_4.15, 8;
    %load/vec4 v0xbd7075f40_0;
    %addi 1, 0, 32;
    %assign/vec4 v0xbd7075f40_0, 0;
    %jmp T_4.16;
T_4.15 ;
    %load/vec4 v0xbd7075ea0_0;
    %addi 1, 0, 32;
    %assign/vec4 v0xbd7075ea0_0, 0;
T_4.16 ;
T_4.11 ;
T_4.3 ;
T_4.1 ;
    %jmp T_4;
    .thread T_4;
    .scope S_0x10128e7a0;
T_5 ;
    %pushi/vec4 0, 0, 32;
    %store/vec4 v0xbd70775c0_0, 0, 32;
    %pushi/vec4 0, 0, 32;
    %store/vec4 v0xbd7077200_0, 0, 32;
    %pushi/vec4 0, 0, 32;
    %store/vec4 v0xbd7077700_0, 0, 32;
    %pushi/vec4 0, 0, 32;
    %store/vec4 v0xbd7076ee0_0, 0, 32;
    %pushi/vec4 0, 0, 32;
    %store/vec4 v0xbd7077160_0, 0, 32;
    %end;
    .thread T_5, $init;
    .scope S_0x10128e7a0;
T_6 ;
    %delay 5000, 0;
    %load/vec4 v0xbd7076f80_0;
    %inv;
    %store/vec4 v0xbd7076f80_0, 0, 1;
    %jmp T_6;
    .thread T_6;
    .scope S_0x10128e7a0;
T_7 ;
    %wait E_0xbd6c705c0;
    %load/vec4 v0xbd7077520_0;
    %flag_set/vec4 9;
    %flag_get/vec4 9;
    %jmp/0 T_7.2, 9;
    %load/vec4 v0xbd7077480_0;
    %and;
T_7.2;
    %flag_set/vec4 8;
    %jmp/0xz  T_7.0, 8;
    %load/vec4 v0xbd70772a0_0;
    %ix/getv/s 3, v0xbd7077700_0;
    %ix/load 4, 0, 0; Constant delay
    %assign/vec4/a/d v0xbd70777a0, 0, 4;
    %load/vec4 v0xbd70773e0_0;
    %ix/getv/s 3, v0xbd7077700_0;
    %ix/load 4, 0, 0; Constant delay
    %assign/vec4/a/d v0xbd7077840, 0, 4;
    %load/vec4 v0xbd7077700_0;
    %addi 1, 0, 32;
    %assign/vec4 v0xbd7077700_0, 0;
T_7.0 ;
    %jmp T_7;
    .thread T_7;
    .scope S_0x10128e7a0;
T_8 ;
    %wait E_0xbd6c705c0;
    %load/vec4 v0xbd7076260_0;
    %flag_set/vec4 8;
    %jmp/0xz  T_8.0, 8;
    %load/vec4 v0xbd7076120_0;
    %cmpi/e 0, 0, 1;
    %flag_get/vec4 4;
    %jmp/0 T_8.4, 4;
    %load/vec4 v0xbd7077de0_0;
    %pushi/vec4 1, 0, 1;
    %cmp/e;
    %flag_get/vec4 6;
    %and;
T_8.4;
    %flag_set/vec4 8;
    %jmp/0xz  T_8.2, 8;
    %load/vec4 v0xbd7076ee0_0;
    %addi 1, 0, 32;
    %store/vec4 v0xbd7076ee0_0, 0, 32;
T_8.2 ;
    %load/vec4 v0xbd7076120_0;
    %cmpi/e 1, 0, 1;
    %flag_get/vec4 4;
    %jmp/0 T_8.7, 4;
    %load/vec4 v0xbd7077ac0_0;
    %pushi/vec4 1, 0, 1;
    %cmp/e;
    %flag_get/vec4 6;
    %and;
T_8.7;
    %flag_set/vec4 8;
    %jmp/0xz  T_8.5, 8;
    %load/vec4 v0xbd7076ee0_0;
    %addi 1, 0, 32;
    %store/vec4 v0xbd7076ee0_0, 0, 32;
T_8.5 ;
T_8.0 ;
    %jmp T_8;
    .thread T_8;
    .scope S_0x10128e7a0;
T_9 ;
    %pushi/vec4 0, 0, 1;
    %store/vec4 v0xbd7076f80_0, 0, 1;
    %fork TD_tb_layer2_axis_arbiter.reset_dut, S_0xbd70a0180;
    %join;
    %pushi/vec4 2863267841, 0, 32;
    %concati/vec4 2863267841, 0, 32;
    %concati/vec4 2863267841, 0, 32;
    %concati/vec4 2863267841, 0, 32;
    %concati/vec4 2863267841, 0, 32;
    %concati/vec4 2863267841, 0, 32;
    %concati/vec4 2863267841, 0, 32;
    %concati/vec4 2863267841, 0, 32;
    %concati/vec4 2863267841, 0, 32;
    %concati/vec4 2863267841, 0, 32;
    %concati/vec4 2863267841, 0, 32;
    %concati/vec4 2863267841, 0, 32;
    %concati/vec4 2863267841, 0, 32;
    %concati/vec4 2863267841, 0, 32;
    %concati/vec4 2863267841, 0, 32;
    %concati/vec4 2863267841, 0, 32;
    %store/vec4 v0xbd70752c0_0, 0, 512;
    %pushi/vec4 0, 0, 1;
    %store/vec4 v0xbd7075360_0, 0, 1;
    %fork TD_tb_layer2_axis_arbiter.drive0, S_0x10128fe70;
    %join;
    %pushi/vec4 2863267842, 0, 32;
    %concati/vec4 2863267842, 0, 32;
    %concati/vec4 2863267842, 0, 32;
    %concati/vec4 2863267842, 0, 32;
    %concati/vec4 2863267842, 0, 32;
    %concati/vec4 2863267842, 0, 32;
    %concati/vec4 2863267842, 0, 32;
    %concati/vec4 2863267842, 0, 32;
    %concati/vec4 2863267842, 0, 32;
    %concati/vec4 2863267842, 0, 32;
    %concati/vec4 2863267842, 0, 32;
    %concati/vec4 2863267842, 0, 32;
    %concati/vec4 2863267842, 0, 32;
    %concati/vec4 2863267842, 0, 32;
    %concati/vec4 2863267842, 0, 32;
    %concati/vec4 2863267842, 0, 32;
    %store/vec4 v0xbd70752c0_0, 0, 512;
    %pushi/vec4 0, 0, 1;
    %store/vec4 v0xbd7075360_0, 0, 1;
    %fork TD_tb_layer2_axis_arbiter.drive0, S_0x10128fe70;
    %join;
    %pushi/vec4 2863267843, 0, 32;
    %concati/vec4 2863267843, 0, 32;
    %concati/vec4 2863267843, 0, 32;
    %concati/vec4 2863267843, 0, 32;
    %concati/vec4 2863267843, 0, 32;
    %concati/vec4 2863267843, 0, 32;
    %concati/vec4 2863267843, 0, 32;
    %concati/vec4 2863267843, 0, 32;
    %concati/vec4 2863267843, 0, 32;
    %concati/vec4 2863267843, 0, 32;
    %concati/vec4 2863267843, 0, 32;
    %concati/vec4 2863267843, 0, 32;
    %concati/vec4 2863267843, 0, 32;
    %concati/vec4 2863267843, 0, 32;
    %concati/vec4 2863267843, 0, 32;
    %concati/vec4 2863267843, 0, 32;
    %store/vec4 v0xbd70752c0_0, 0, 512;
    %pushi/vec4 1, 0, 1;
    %store/vec4 v0xbd7075360_0, 0, 1;
    %fork TD_tb_layer2_axis_arbiter.drive0, S_0x10128fe70;
    %join;
    %pushi/vec4 2863267841, 0, 32;
    %concati/vec4 2863267841, 0, 32;
    %concati/vec4 2863267841, 0, 32;
    %concati/vec4 2863267841, 0, 32;
    %concati/vec4 2863267841, 0, 32;
    %concati/vec4 2863267841, 0, 32;
    %concati/vec4 2863267841, 0, 32;
    %concati/vec4 2863267841, 0, 32;
    %concati/vec4 2863267841, 0, 32;
    %concati/vec4 2863267841, 0, 32;
    %concati/vec4 2863267841, 0, 32;
    %concati/vec4 2863267841, 0, 32;
    %concati/vec4 2863267841, 0, 32;
    %concati/vec4 2863267841, 0, 32;
    %concati/vec4 2863267841, 0, 32;
    %concati/vec4 2863267841, 0, 32;
    %store/vec4 v0xbd70740a0_0, 0, 512;
    %pushi/vec4 0, 0, 1;
    %store/vec4 v0xbd7074a00_0, 0, 1;
    %pushi/vec4 0, 0, 32; draw_string_vec4
    %pushi/vec4 0, 0, 32; draw_string_vec4
    %concat/vec4; draw_string_vec4
    %pushi/vec4 0, 0, 32; draw_string_vec4
    %concat/vec4; draw_string_vec4
    %pushi/vec4 0, 0, 32; draw_string_vec4
    %concat/vec4; draw_string_vec4
    %pushi/vec4 27952, 0, 32; draw_string_vec4
    %concat/vec4; draw_string_vec4
    %pushi/vec4 1600220271, 0, 32; draw_string_vec4
    %concat/vec4; draw_string_vec4
    %pushi/vec4 1852137314, 0, 32; draw_string_vec4
    %concat/vec4; draw_string_vec4
    %pushi/vec4 1700885552, 0, 32; draw_string_vec4
    %concat/vec4; draw_string_vec4
    %store/vec4 v0xbd7074aa0_0, 0, 256;
    %fork TD_tb_layer2_axis_arbiter.check_next_beat, S_0x101280ab0;
    %join;
    %pushi/vec4 2863267842, 0, 32;
    %concati/vec4 2863267842, 0, 32;
    %concati/vec4 2863267842, 0, 32;
    %concati/vec4 2863267842, 0, 32;
    %concati/vec4 2863267842, 0, 32;
    %concati/vec4 2863267842, 0, 32;
    %concati/vec4 2863267842, 0, 32;
    %concati/vec4 2863267842, 0, 32;
    %concati/vec4 2863267842, 0, 32;
    %concati/vec4 2863267842, 0, 32;
    %concati/vec4 2863267842, 0, 32;
    %concati/vec4 2863267842, 0, 32;
    %concati/vec4 2863267842, 0, 32;
    %concati/vec4 2863267842, 0, 32;
    %concati/vec4 2863267842, 0, 32;
    %concati/vec4 2863267842, 0, 32;
    %store/vec4 v0xbd70740a0_0, 0, 512;
    %pushi/vec4 0, 0, 1;
    %store/vec4 v0xbd7074a00_0, 0, 1;
    %pushi/vec4 0, 0, 32; draw_string_vec4
    %pushi/vec4 0, 0, 32; draw_string_vec4
    %concat/vec4; draw_string_vec4
    %pushi/vec4 0, 0, 32; draw_string_vec4
    %concat/vec4; draw_string_vec4
    %pushi/vec4 0, 0, 32; draw_string_vec4
    %concat/vec4; draw_string_vec4
    %pushi/vec4 27952, 0, 32; draw_string_vec4
    %concat/vec4; draw_string_vec4
    %pushi/vec4 1600220271, 0, 32; draw_string_vec4
    %concat/vec4; draw_string_vec4
    %pushi/vec4 1852137314, 0, 32; draw_string_vec4
    %concat/vec4; draw_string_vec4
    %pushi/vec4 1700885553, 0, 32; draw_string_vec4
    %concat/vec4; draw_string_vec4
    %store/vec4 v0xbd7074aa0_0, 0, 256;
    %fork TD_tb_layer2_axis_arbiter.check_next_beat, S_0x101280ab0;
    %join;
    %pushi/vec4 2863267843, 0, 32;
    %concati/vec4 2863267843, 0, 32;
    %concati/vec4 2863267843, 0, 32;
    %concati/vec4 2863267843, 0, 32;
    %concati/vec4 2863267843, 0, 32;
    %concati/vec4 2863267843, 0, 32;
    %concati/vec4 2863267843, 0, 32;
    %concati/vec4 2863267843, 0, 32;
    %concati/vec4 2863267843, 0, 32;
    %concati/vec4 2863267843, 0, 32;
    %concati/vec4 2863267843, 0, 32;
    %concati/vec4 2863267843, 0, 32;
    %concati/vec4 2863267843, 0, 32;
    %concati/vec4 2863267843, 0, 32;
    %concati/vec4 2863267843, 0, 32;
    %concati/vec4 2863267843, 0, 32;
    %store/vec4 v0xbd70740a0_0, 0, 512;
    %pushi/vec4 1, 0, 1;
    %store/vec4 v0xbd7074a00_0, 0, 1;
    %pushi/vec4 0, 0, 32; draw_string_vec4
    %pushi/vec4 0, 0, 32; draw_string_vec4
    %concat/vec4; draw_string_vec4
    %pushi/vec4 0, 0, 32; draw_string_vec4
    %concat/vec4; draw_string_vec4
    %pushi/vec4 0, 0, 32; draw_string_vec4
    %concat/vec4; draw_string_vec4
    %pushi/vec4 27952, 0, 32; draw_string_vec4
    %concat/vec4; draw_string_vec4
    %pushi/vec4 1600220271, 0, 32; draw_string_vec4
    %concat/vec4; draw_string_vec4
    %pushi/vec4 1852137314, 0, 32; draw_string_vec4
    %concat/vec4; draw_string_vec4
    %pushi/vec4 1700885554, 0, 32; draw_string_vec4
    %concat/vec4; draw_string_vec4
    %store/vec4 v0xbd7074aa0_0, 0, 256;
    %fork TD_tb_layer2_axis_arbiter.check_next_beat, S_0x101280ab0;
    %join;
    %pushi/vec4 3149594625, 0, 32;
    %concati/vec4 3149594625, 0, 32;
    %concati/vec4 3149594625, 0, 32;
    %concati/vec4 3149594625, 0, 32;
    %concati/vec4 3149594625, 0, 32;
    %concati/vec4 3149594625, 0, 32;
    %concati/vec4 3149594625, 0, 32;
    %concati/vec4 3149594625, 0, 32;
    %concati/vec4 3149594625, 0, 32;
    %concati/vec4 3149594625, 0, 32;
    %concati/vec4 3149594625, 0, 32;
    %concati/vec4 3149594625, 0, 32;
    %concati/vec4 3149594625, 0, 32;
    %concati/vec4 3149594625, 0, 32;
    %concati/vec4 3149594625, 0, 32;
    %concati/vec4 3149594625, 0, 32;
    %store/vec4 v0xbd7075400_0, 0, 512;
    %pushi/vec4 0, 0, 1;
    %store/vec4 v0xbd70754a0_0, 0, 1;
    %fork TD_tb_layer2_axis_arbiter.drive1, S_0x101294ad0;
    %join;
    %pushi/vec4 3149594626, 0, 32;
    %concati/vec4 3149594626, 0, 32;
    %concati/vec4 3149594626, 0, 32;
    %concati/vec4 3149594626, 0, 32;
    %concati/vec4 3149594626, 0, 32;
    %concati/vec4 3149594626, 0, 32;
    %concati/vec4 3149594626, 0, 32;
    %concati/vec4 3149594626, 0, 32;
    %concati/vec4 3149594626, 0, 32;
    %concati/vec4 3149594626, 0, 32;
    %concati/vec4 3149594626, 0, 32;
    %concati/vec4 3149594626, 0, 32;
    %concati/vec4 3149594626, 0, 32;
    %concati/vec4 3149594626, 0, 32;
    %concati/vec4 3149594626, 0, 32;
    %concati/vec4 3149594626, 0, 32;
    %store/vec4 v0xbd7075400_0, 0, 512;
    %pushi/vec4 1, 0, 1;
    %store/vec4 v0xbd70754a0_0, 0, 1;
    %fork TD_tb_layer2_axis_arbiter.drive1, S_0x101294ad0;
    %join;
    %pushi/vec4 3149594625, 0, 32;
    %concati/vec4 3149594625, 0, 32;
    %concati/vec4 3149594625, 0, 32;
    %concati/vec4 3149594625, 0, 32;
    %concati/vec4 3149594625, 0, 32;
    %concati/vec4 3149594625, 0, 32;
    %concati/vec4 3149594625, 0, 32;
    %concati/vec4 3149594625, 0, 32;
    %concati/vec4 3149594625, 0, 32;
    %concati/vec4 3149594625, 0, 32;
    %concati/vec4 3149594625, 0, 32;
    %concati/vec4 3149594625, 0, 32;
    %concati/vec4 3149594625, 0, 32;
    %concati/vec4 3149594625, 0, 32;
    %concati/vec4 3149594625, 0, 32;
    %concati/vec4 3149594625, 0, 32;
    %store/vec4 v0xbd70740a0_0, 0, 512;
    %pushi/vec4 0, 0, 1;
    %store/vec4 v0xbd7074a00_0, 0, 1;
    %pushi/vec4 0, 0, 32; draw_string_vec4
    %pushi/vec4 0, 0, 32; draw_string_vec4
    %concat/vec4; draw_string_vec4
    %pushi/vec4 0, 0, 32; draw_string_vec4
    %concat/vec4; draw_string_vec4
    %pushi/vec4 0, 0, 32; draw_string_vec4
    %concat/vec4; draw_string_vec4
    %pushi/vec4 27953, 0, 32; draw_string_vec4
    %concat/vec4; draw_string_vec4
    %pushi/vec4 1600220271, 0, 32; draw_string_vec4
    %concat/vec4; draw_string_vec4
    %pushi/vec4 1852137314, 0, 32; draw_string_vec4
    %concat/vec4; draw_string_vec4
    %pushi/vec4 1700885552, 0, 32; draw_string_vec4
    %concat/vec4; draw_string_vec4
    %store/vec4 v0xbd7074aa0_0, 0, 256;
    %fork TD_tb_layer2_axis_arbiter.check_next_beat, S_0x101280ab0;
    %join;
    %pushi/vec4 3149594626, 0, 32;
    %concati/vec4 3149594626, 0, 32;
    %concati/vec4 3149594626, 0, 32;
    %concati/vec4 3149594626, 0, 32;
    %concati/vec4 3149594626, 0, 32;
    %concati/vec4 3149594626, 0, 32;
    %concati/vec4 3149594626, 0, 32;
    %concati/vec4 3149594626, 0, 32;
    %concati/vec4 3149594626, 0, 32;
    %concati/vec4 3149594626, 0, 32;
    %concati/vec4 3149594626, 0, 32;
    %concati/vec4 3149594626, 0, 32;
    %concati/vec4 3149594626, 0, 32;
    %concati/vec4 3149594626, 0, 32;
    %concati/vec4 3149594626, 0, 32;
    %concati/vec4 3149594626, 0, 32;
    %store/vec4 v0xbd70740a0_0, 0, 512;
    %pushi/vec4 1, 0, 1;
    %store/vec4 v0xbd7074a00_0, 0, 1;
    %pushi/vec4 0, 0, 32; draw_string_vec4
    %pushi/vec4 0, 0, 32; draw_string_vec4
    %concat/vec4; draw_string_vec4
    %pushi/vec4 0, 0, 32; draw_string_vec4
    %concat/vec4; draw_string_vec4
    %pushi/vec4 0, 0, 32; draw_string_vec4
    %concat/vec4; draw_string_vec4
    %pushi/vec4 27953, 0, 32; draw_string_vec4
    %concat/vec4; draw_string_vec4
    %pushi/vec4 1600220271, 0, 32; draw_string_vec4
    %concat/vec4; draw_string_vec4
    %pushi/vec4 1852137314, 0, 32; draw_string_vec4
    %concat/vec4; draw_string_vec4
    %pushi/vec4 1700885553, 0, 32; draw_string_vec4
    %concat/vec4; draw_string_vec4
    %store/vec4 v0xbd7074aa0_0, 0, 256;
    %fork TD_tb_layer2_axis_arbiter.check_next_beat, S_0x101280ab0;
    %join;
    %fork t_1, S_0x101280c30;
    %jmp t_0;
    .scope S_0x101280c30;
t_1 ;
    %load/vec4 v0xbd7077700_0;
    %store/vec4 v0xbd7075220_0, 0, 32;
    %load/vec4 v0xbd7077020_0;
    %store/vec4 v0xbd7074000_0, 0, 32;
    %load/vec4 v0xbd70770c0_0;
    %store/vec4 v0xbd7075040_0, 0, 32;
    %fork t_3, S_0x101280c30;
    %fork t_4, S_0x101280c30;
    %join;
    %join;
    %jmp t_2;
t_3 ;
    %fork t_6, S_0x101288f80;
    %jmp t_5;
    .scope S_0x101288f80;
t_6 ;
    %pushi/vec4 0, 0, 32;
    %store/vec4 v0xbd7074b40_0, 0, 32;
T_9.0 ;
    %load/vec4 v0xbd7074b40_0;
    %cmpi/s 3, 0, 32;
    %jmp/0xz T_9.1, 5;
    %pushi/vec4 3221225472, 0, 32;
    %load/vec4 v0xbd7074b40_0;
    %muli 2, 0, 32;
    %add;
    %replicate 16;
    %store/vec4 v0xbd70752c0_0, 0, 512;
    %pushi/vec4 0, 0, 1;
    %store/vec4 v0xbd7075360_0, 0, 1;
    %fork TD_tb_layer2_axis_arbiter.drive0, S_0x10128fe70;
    %join;
    %pushi/vec4 3221225472, 0, 32;
    %load/vec4 v0xbd7074b40_0;
    %muli 2, 0, 32;
    %addi 1, 0, 32;
    %add;
    %replicate 16;
    %store/vec4 v0xbd70752c0_0, 0, 512;
    %pushi/vec4 1, 0, 1;
    %store/vec4 v0xbd7075360_0, 0, 1;
    %fork TD_tb_layer2_axis_arbiter.drive0, S_0x10128fe70;
    %join;
    %load/vec4 v0xbd7074b40_0;
    %addi 1, 0, 32;
    %store/vec4 v0xbd7074b40_0, 0, 32;
    %jmp T_9.0;
T_9.1 ;
    %end;
    .scope S_0x101280c30;
t_5 %join;
    %end;
t_4 ;
    %fork t_8, S_0x101289100;
    %jmp t_7;
    .scope S_0x101289100;
t_8 ;
    %pushi/vec4 0, 0, 32;
    %store/vec4 v0xbd7074be0_0, 0, 32;
T_9.2 ;
    %load/vec4 v0xbd7074be0_0;
    %cmpi/s 3, 0, 32;
    %jmp/0xz T_9.3, 5;
    %pushi/vec4 3489660928, 0, 32;
    %load/vec4 v0xbd7074be0_0;
    %muli 2, 0, 32;
    %add;
    %replicate 16;
    %store/vec4 v0xbd7075400_0, 0, 512;
    %pushi/vec4 0, 0, 1;
    %store/vec4 v0xbd70754a0_0, 0, 1;
    %fork TD_tb_layer2_axis_arbiter.drive1, S_0x101294ad0;
    %join;
    %pushi/vec4 3489660928, 0, 32;
    %load/vec4 v0xbd7074be0_0;
    %muli 2, 0, 32;
    %addi 1, 0, 32;
    %add;
    %replicate 16;
    %store/vec4 v0xbd7075400_0, 0, 512;
    %pushi/vec4 1, 0, 1;
    %store/vec4 v0xbd70754a0_0, 0, 1;
    %fork TD_tb_layer2_axis_arbiter.drive1, S_0x101294ad0;
    %join;
    %load/vec4 v0xbd7074be0_0;
    %addi 1, 0, 32;
    %store/vec4 v0xbd7074be0_0, 0, 32;
    %jmp T_9.2;
T_9.3 ;
    %end;
    .scope S_0x101280c30;
t_7 %join;
    %end;
    .scope S_0x101280c30;
t_2 ;
    %load/vec4 v0xbd7077700_0;
    %load/vec4 v0xbd7075220_0;
    %sub;
    %cmpi/e 12, 0, 32;
    %jmp/0xz  T_9.4, 4;
    %load/vec4 v0xbd70775c0_0;
    %addi 1, 0, 32;
    %store/vec4 v0xbd70775c0_0, 0, 32;
    %jmp T_9.5;
T_9.4 ;
    %load/vec4 v0xbd7077200_0;
    %addi 1, 0, 32;
    %store/vec4 v0xbd7077200_0, 0, 32;
    %load/vec4 v0xbd7077700_0;
    %load/vec4 v0xbd7075220_0;
    %sub;
    %vpi_call/w 3 199 "$display", "FAIL [contention]: expected 12 beats, got %0d", S<0,vec4,s32> {1 0 0};
T_9.5 ;
    %load/vec4 v0xbd7077020_0;
    %load/vec4 v0xbd7074000_0;
    %sub;
    %cmpi/e 3, 0, 32;
    %jmp/0xz  T_9.6, 4;
    %load/vec4 v0xbd70775c0_0;
    %addi 1, 0, 32;
    %store/vec4 v0xbd70775c0_0, 0, 32;
    %jmp T_9.7;
T_9.6 ;
    %load/vec4 v0xbd7077200_0;
    %addi 1, 0, 32;
    %store/vec4 v0xbd7077200_0, 0, 32;
    %vpi_call/w 3 205 "$display", "FAIL [contention]: master0 grant count wrong" {0 0 0};
T_9.7 ;
    %load/vec4 v0xbd70770c0_0;
    %load/vec4 v0xbd7075040_0;
    %sub;
    %cmpi/e 3, 0, 32;
    %jmp/0xz  T_9.8, 4;
    %load/vec4 v0xbd70775c0_0;
    %addi 1, 0, 32;
    %store/vec4 v0xbd70775c0_0, 0, 32;
    %jmp T_9.9;
T_9.8 ;
    %load/vec4 v0xbd7077200_0;
    %addi 1, 0, 32;
    %store/vec4 v0xbd7077200_0, 0, 32;
    %vpi_call/w 3 208 "$display", "FAIL [contention]: master1 grant count wrong" {0 0 0};
T_9.9 ;
    %pushi/vec4 0, 0, 32;
    %store/vec4 v0xbd7075180_0, 0, 32;
    %load/vec4 v0xbd7075220_0;
    %store/vec4 v0xbd70750e0_0, 0, 32;
T_9.10 ;
    %load/vec4 v0xbd70750e0_0;
    %load/vec4 v0xbd7077700_0;
    %cmp/s;
    %jmp/0xz T_9.11, 5;
    %ix/getv/s 4, v0xbd70750e0_0;
    %load/vec4a v0xbd7077840, 4;
    %flag_set/vec4 8;
    %jmp/0xz  T_9.12, 8;
    %load/vec4 v0xbd7075180_0;
    %addi 1, 0, 32;
    %store/vec4 v0xbd7075180_0, 0, 32;
T_9.12 ;
    %load/vec4 v0xbd70750e0_0;
    %addi 1, 0, 32;
    %store/vec4 v0xbd70750e0_0, 0, 32;
    %jmp T_9.10;
T_9.11 ;
    %load/vec4 v0xbd7075180_0;
    %cmpi/e 6, 0, 32;
    %jmp/0xz  T_9.14, 4;
    %load/vec4 v0xbd70775c0_0;
    %addi 1, 0, 32;
    %store/vec4 v0xbd70775c0_0, 0, 32;
    %jmp T_9.15;
T_9.14 ;
    %load/vec4 v0xbd7077200_0;
    %addi 1, 0, 32;
    %store/vec4 v0xbd7077200_0, 0, 32;
    %vpi_call/w 3 217 "$display", "FAIL [contention]: expected 6 last-beats, got %0d", v0xbd7075180_0 {0 0 0};
T_9.15 ;
    %load/vec4 v0xbd7075220_0;
    %store/vec4 v0xbd70750e0_0, 0, 32;
T_9.16 ;
    %load/vec4 v0xbd70750e0_0;
    %load/vec4 v0xbd7077700_0;
    %cmp/s;
    %jmp/0xz T_9.17, 5;
    %ix/getv/s 4, v0xbd70750e0_0;
    %load/vec4a v0xbd7077840, 4;
    %cmpi/e 0, 0, 1;
    %flag_get/vec4 6;
    %jmp/0 T_9.20, 6;
    %load/vec4 v0xbd70750e0_0;
    %addi 1, 0, 32;
    %ix/vec4/s 4;
    %load/vec4a v0xbd7077840, 4;
    %pushi/vec4 1, 0, 1;
    %cmp/e;
    %flag_get/vec4 6;
    %and;
T_9.20;
    %flag_set/vec4 8;
    %jmp/0xz  T_9.18, 8;
    %load/vec4 v0xbd70775c0_0;
    %addi 1, 0, 32;
    %store/vec4 v0xbd70775c0_0, 0, 32;
    %jmp T_9.19;
T_9.18 ;
    %load/vec4 v0xbd7077200_0;
    %addi 1, 0, 32;
    %store/vec4 v0xbd7077200_0, 0, 32;
    %vpi_call/w 3 223 "$display", "FAIL [contention]: packet framing broken at log index %0d", v0xbd70750e0_0 {0 0 0};
T_9.19 ;
    %load/vec4 v0xbd70750e0_0;
    %addi 2, 0, 32;
    %store/vec4 v0xbd70750e0_0, 0, 32;
    %jmp T_9.16;
T_9.17 ;
    %fork t_10, S_0x10128fcf0;
    %jmp t_9;
    .scope S_0x10128fcf0;
t_10 ;
    %pushi/vec4 0, 0, 32;
    %store/vec4 v0xbd7074f00_0, 0, 32;
T_9.21 ;
    %load/vec4 v0xbd7074f00_0;
    %cmpi/s 6, 0, 32;
    %jmp/0xz T_9.22, 5;
    %pushi/vec4 3221225472, 0, 32;
    %load/vec4 v0xbd7074f00_0;
    %add;
    %replicate 16;
    %ix/getv/s 4, v0xbd7074f00_0;
    %store/vec4a v0xbd7074c80, 4, 0;
    %pushi/vec4 3489660928, 0, 32;
    %load/vec4 v0xbd7074f00_0;
    %add;
    %replicate 16;
    %ix/getv/s 4, v0xbd7074f00_0;
    %store/vec4a v0xbd7074dc0, 4, 0;
    %load/vec4 v0xbd7074f00_0;
    %addi 1, 0, 32;
    %store/vec4 v0xbd7074f00_0, 0, 32;
    %jmp T_9.21;
T_9.22 ;
    %pushi/vec4 0, 0, 32;
    %store/vec4 v0xbd7074d20_0, 0, 32;
    %pushi/vec4 0, 0, 32;
    %store/vec4 v0xbd7074e60_0, 0, 32;
    %load/vec4 v0xbd7075220_0;
    %store/vec4 v0xbd70750e0_0, 0, 32;
T_9.23 ;
    %load/vec4 v0xbd70750e0_0;
    %load/vec4 v0xbd7077700_0;
    %cmp/s;
    %jmp/0xz T_9.24, 5;
    %ix/getv/s 4, v0xbd70750e0_0;
    %load/vec4a v0xbd70777a0, 4;
    %parti/s 16, 16, 6;
    %store/vec4 v0xbd7074fa0_0, 0, 16;
    %load/vec4 v0xbd7074fa0_0;
    %cmpi/e 49152, 0, 16;
    %jmp/0xz  T_9.25, 4;
    %load/vec4 v0xbd7074d20_0;
    %cmpi/s 6, 0, 32;
    %flag_get/vec4 5;
    %jmp/0 T_9.29, 5;
    %ix/getv/s 4, v0xbd70750e0_0;
    %load/vec4a v0xbd70777a0, 4;
    %ix/getv/s 4, v0xbd7074d20_0;
    %load/vec4a v0xbd7074c80, 4;
    %cmp/e;
    %flag_get/vec4 6;
    %and;
T_9.29;
    %flag_set/vec4 8;
    %jmp/0xz  T_9.27, 8;
    %load/vec4 v0xbd70775c0_0;
    %addi 1, 0, 32;
    %store/vec4 v0xbd70775c0_0, 0, 32;
    %jmp T_9.28;
T_9.27 ;
    %load/vec4 v0xbd7077200_0;
    %addi 1, 0, 32;
    %store/vec4 v0xbd7077200_0, 0, 32;
    %vpi_call/w 3 258 "$display", "FAIL [scoreboard]: master0 beat out of order/corrupted at log idx %0d (expected seq %0d)", v0xbd70750e0_0, v0xbd7074d20_0 {0 0 0};
T_9.28 ;
    %load/vec4 v0xbd7074d20_0;
    %addi 1, 0, 32;
    %store/vec4 v0xbd7074d20_0, 0, 32;
    %jmp T_9.26;
T_9.25 ;
    %load/vec4 v0xbd7074fa0_0;
    %cmpi/e 53248, 0, 16;
    %jmp/0xz  T_9.30, 4;
    %load/vec4 v0xbd7074e60_0;
    %cmpi/s 6, 0, 32;
    %flag_get/vec4 5;
    %jmp/0 T_9.34, 5;
    %ix/getv/s 4, v0xbd70750e0_0;
    %load/vec4a v0xbd70777a0, 4;
    %ix/getv/s 4, v0xbd7074e60_0;
    %load/vec4a v0xbd7074dc0, 4;
    %cmp/e;
    %flag_get/vec4 6;
    %and;
T_9.34;
    %flag_set/vec4 8;
    %jmp/0xz  T_9.32, 8;
    %load/vec4 v0xbd70775c0_0;
    %addi 1, 0, 32;
    %store/vec4 v0xbd70775c0_0, 0, 32;
    %jmp T_9.33;
T_9.32 ;
    %load/vec4 v0xbd7077200_0;
    %addi 1, 0, 32;
    %store/vec4 v0xbd7077200_0, 0, 32;
    %vpi_call/w 3 266 "$display", "FAIL [scoreboard]: master1 beat out of order/corrupted at log idx %0d (expected seq %0d)", v0xbd70750e0_0, v0xbd7074e60_0 {0 0 0};
T_9.33 ;
    %load/vec4 v0xbd7074e60_0;
    %addi 1, 0, 32;
    %store/vec4 v0xbd7074e60_0, 0, 32;
    %jmp T_9.31;
T_9.30 ;
    %load/vec4 v0xbd7077200_0;
    %addi 1, 0, 32;
    %store/vec4 v0xbd7077200_0, 0, 32;
    %vpi_call/w 3 271 "$display", "FAIL [scoreboard]: unrecognized source tag %h at log idx %0d", v0xbd7074fa0_0, v0xbd70750e0_0 {0 0 0};
T_9.31 ;
T_9.26 ;
    %load/vec4 v0xbd70750e0_0;
    %addi 1, 0, 32;
    %store/vec4 v0xbd70750e0_0, 0, 32;
    %jmp T_9.23;
T_9.24 ;
    %load/vec4 v0xbd7074d20_0;
    %cmpi/e 6, 0, 32;
    %jmp/0xz  T_9.35, 4;
    %load/vec4 v0xbd70775c0_0;
    %addi 1, 0, 32;
    %store/vec4 v0xbd70775c0_0, 0, 32;
    %jmp T_9.36;
T_9.35 ;
    %load/vec4 v0xbd7077200_0;
    %addi 1, 0, 32;
    %store/vec4 v0xbd7077200_0, 0, 32;
    %vpi_call/w 3 276 "$display", "FAIL [scoreboard]: master0 beat count wrong, got %0d", v0xbd7074d20_0 {0 0 0};
T_9.36 ;
    %load/vec4 v0xbd7074e60_0;
    %cmpi/e 6, 0, 32;
    %jmp/0xz  T_9.37, 4;
    %load/vec4 v0xbd70775c0_0;
    %addi 1, 0, 32;
    %store/vec4 v0xbd70775c0_0, 0, 32;
    %jmp T_9.38;
T_9.37 ;
    %load/vec4 v0xbd7077200_0;
    %addi 1, 0, 32;
    %store/vec4 v0xbd7077200_0, 0, 32;
    %vpi_call/w 3 279 "$display", "FAIL [scoreboard]: master1 beat count wrong, got %0d", v0xbd7074e60_0 {0 0 0};
T_9.38 ;
    %end;
    .scope S_0x101280c30;
t_9 %join;
    %load/vec4 v0xbd7077700_0;
    %store/vec4 v0xbd7077160_0, 0, 32;
    %end;
    .scope S_0x10128e7a0;
t_0 %join;
    %fork t_12, S_0x10128e7a0;
    %fork t_13, S_0x10128e7a0;
    %join;
    %join;
    %jmp t_11;
t_12 ;
    %pushi/vec4 3775992081, 0, 32;
    %concati/vec4 3775992081, 0, 32;
    %concati/vec4 3775992081, 0, 32;
    %concati/vec4 3775992081, 0, 32;
    %concati/vec4 3775992081, 0, 32;
    %concati/vec4 3775992081, 0, 32;
    %concati/vec4 3775992081, 0, 32;
    %concati/vec4 3775992081, 0, 32;
    %concati/vec4 3775992081, 0, 32;
    %concati/vec4 3775992081, 0, 32;
    %concati/vec4 3775992081, 0, 32;
    %concati/vec4 3775992081, 0, 32;
    %concati/vec4 3775992081, 0, 32;
    %concati/vec4 3775992081, 0, 32;
    %concati/vec4 3775992081, 0, 32;
    %concati/vec4 3775992081, 0, 32;
    %store/vec4 v0xbd70752c0_0, 0, 512;
    %pushi/vec4 0, 0, 1;
    %store/vec4 v0xbd7075360_0, 0, 1;
    %fork TD_tb_layer2_axis_arbiter.drive0, S_0x10128fe70;
    %join;
    %pushi/vec4 3793887778, 0, 32;
    %concati/vec4 3793887778, 0, 32;
    %concati/vec4 3793887778, 0, 32;
    %concati/vec4 3793887778, 0, 32;
    %concati/vec4 3793887778, 0, 32;
    %concati/vec4 3793887778, 0, 32;
    %concati/vec4 3793887778, 0, 32;
    %concati/vec4 3793887778, 0, 32;
    %concati/vec4 3793887778, 0, 32;
    %concati/vec4 3793887778, 0, 32;
    %concati/vec4 3793887778, 0, 32;
    %concati/vec4 3793887778, 0, 32;
    %concati/vec4 3793887778, 0, 32;
    %concati/vec4 3793887778, 0, 32;
    %concati/vec4 3793887778, 0, 32;
    %concati/vec4 3793887778, 0, 32;
    %store/vec4 v0xbd70752c0_0, 0, 512;
    %pushi/vec4 1, 0, 1;
    %store/vec4 v0xbd7075360_0, 0, 1;
    %fork TD_tb_layer2_axis_arbiter.drive0, S_0x10128fe70;
    %join;
    %end;
t_13 ;
    %wait E_0xbd6c705c0;
T_9.39 ;
    %load/vec4 v0xbd7077520_0;
    %flag_set/vec4 9;
    %flag_get/vec4 9;
    %jmp/0 T_9.41, 9;
    %load/vec4 v0xbd7077480_0;
    %and;
T_9.41;
    %nor/r;
    %flag_set/vec4 8;
    %jmp/0xz T_9.40, 8;
    %wait E_0xbd6c705c0;
    %jmp T_9.39;
T_9.40 ;
    %wait E_0xbd6c70580;
    %pushi/vec4 0, 0, 1;
    %store/vec4 v0xbd7077480_0, 0, 1;
    %pushi/vec4 4, 0, 32;
T_9.42 %dup/vec4;
    %pushi/vec4 0, 0, 32;
    %cmp/s;
    %jmp/1xz T_9.43, 5;
    %jmp/1 T_9.43, 4;
    %pushi/vec4 1, 0, 32;
    %sub;
    %wait E_0xbd6c705c0;
    %jmp T_9.42;
T_9.43 ;
    %pop/vec4 1;
    %wait E_0xbd6c70580;
    %pushi/vec4 1, 0, 1;
    %store/vec4 v0xbd7077480_0, 0, 1;
    %end;
    .scope S_0x10128e7a0;
t_11 ;
    %pushi/vec4 3775992081, 0, 32;
    %concati/vec4 3775992081, 0, 32;
    %concati/vec4 3775992081, 0, 32;
    %concati/vec4 3775992081, 0, 32;
    %concati/vec4 3775992081, 0, 32;
    %concati/vec4 3775992081, 0, 32;
    %concati/vec4 3775992081, 0, 32;
    %concati/vec4 3775992081, 0, 32;
    %concati/vec4 3775992081, 0, 32;
    %concati/vec4 3775992081, 0, 32;
    %concati/vec4 3775992081, 0, 32;
    %concati/vec4 3775992081, 0, 32;
    %concati/vec4 3775992081, 0, 32;
    %concati/vec4 3775992081, 0, 32;
    %concati/vec4 3775992081, 0, 32;
    %concati/vec4 3775992081, 0, 32;
    %store/vec4 v0xbd70740a0_0, 0, 512;
    %pushi/vec4 0, 0, 1;
    %store/vec4 v0xbd7074a00_0, 0, 1;
    %pushi/vec4 0, 0, 32; draw_string_vec4
    %pushi/vec4 0, 0, 32; draw_string_vec4
    %concat/vec4; draw_string_vec4
    %pushi/vec4 0, 0, 32; draw_string_vec4
    %concat/vec4; draw_string_vec4
    %pushi/vec4 25185, 0, 32; draw_string_vec4
    %concat/vec4; draw_string_vec4
    %pushi/vec4 1667985522, 0, 32; draw_string_vec4
    %concat/vec4; draw_string_vec4
    %pushi/vec4 1702065013, 0, 32; draw_string_vec4
    %concat/vec4; draw_string_vec4
    %pushi/vec4 1919246178, 0, 32; draw_string_vec4
    %concat/vec4; draw_string_vec4
    %pushi/vec4 1700885552, 0, 32; draw_string_vec4
    %concat/vec4; draw_string_vec4
    %store/vec4 v0xbd7074aa0_0, 0, 256;
    %fork TD_tb_layer2_axis_arbiter.check_next_beat, S_0x101280ab0;
    %join;
    %pushi/vec4 3793887778, 0, 32;
    %concati/vec4 3793887778, 0, 32;
    %concati/vec4 3793887778, 0, 32;
    %concati/vec4 3793887778, 0, 32;
    %concati/vec4 3793887778, 0, 32;
    %concati/vec4 3793887778, 0, 32;
    %concati/vec4 3793887778, 0, 32;
    %concati/vec4 3793887778, 0, 32;
    %concati/vec4 3793887778, 0, 32;
    %concati/vec4 3793887778, 0, 32;
    %concati/vec4 3793887778, 0, 32;
    %concati/vec4 3793887778, 0, 32;
    %concati/vec4 3793887778, 0, 32;
    %concati/vec4 3793887778, 0, 32;
    %concati/vec4 3793887778, 0, 32;
    %concati/vec4 3793887778, 0, 32;
    %store/vec4 v0xbd70740a0_0, 0, 512;
    %pushi/vec4 1, 0, 1;
    %store/vec4 v0xbd7074a00_0, 0, 1;
    %pushi/vec4 0, 0, 32; draw_string_vec4
    %pushi/vec4 0, 0, 32; draw_string_vec4
    %concat/vec4; draw_string_vec4
    %pushi/vec4 0, 0, 32; draw_string_vec4
    %concat/vec4; draw_string_vec4
    %pushi/vec4 25185, 0, 32; draw_string_vec4
    %concat/vec4; draw_string_vec4
    %pushi/vec4 1667985522, 0, 32; draw_string_vec4
    %concat/vec4; draw_string_vec4
    %pushi/vec4 1702065013, 0, 32; draw_string_vec4
    %concat/vec4; draw_string_vec4
    %pushi/vec4 1919246178, 0, 32; draw_string_vec4
    %concat/vec4; draw_string_vec4
    %pushi/vec4 1700885553, 0, 32; draw_string_vec4
    %concat/vec4; draw_string_vec4
    %store/vec4 v0xbd7074aa0_0, 0, 256;
    %fork TD_tb_layer2_axis_arbiter.check_next_beat, S_0x101280ab0;
    %join;
    %wait E_0xbd6c70580;
    %pushi/vec4 4294967295, 0, 32;
    %concati/vec4 4294967295, 0, 32;
    %concati/vec4 4294967295, 0, 32;
    %concati/vec4 4294967295, 0, 32;
    %concati/vec4 4294967295, 0, 32;
    %concati/vec4 4294967295, 0, 32;
    %concati/vec4 4294967295, 0, 32;
    %concati/vec4 4294967295, 0, 32;
    %concati/vec4 4294967295, 0, 32;
    %concati/vec4 4294967295, 0, 32;
    %concati/vec4 4294967295, 0, 32;
    %concati/vec4 4294967295, 0, 32;
    %concati/vec4 4294967295, 0, 32;
    %concati/vec4 4294967295, 0, 32;
    %concati/vec4 4294967295, 0, 32;
    %concati/vec4 4294967295, 0, 32;
    %store/vec4 v0xbd70778e0_0, 0, 512;
    %pushi/vec4 4294967295, 0, 32;
    %concati/vec4 4294967295, 0, 32;
    %store/vec4 v0xbd7077980_0, 0, 64;
    %pushi/vec4 1, 0, 1;
    %store/vec4 v0xbd7077b60_0, 0, 1;
    %pushi/vec4 0, 0, 1;
    %store/vec4 v0xbd7077a20_0, 0, 1;
    %wait E_0xbd6c705c0;
T_9.44 ;
    %load/vec4 v0xbd7077ac0_0;
    %cmpi/ne 1, 0, 1;
    %jmp/0xz T_9.45, 6;
    %wait E_0xbd6c705c0;
    %jmp T_9.44;
T_9.45 ;
    %wait E_0xbd6c70580;
    %pushi/vec4 0, 0, 1;
    %store/vec4 v0xbd7077b60_0, 0, 1;
    %load/vec4 v0xbd7077700_0;
    %store/vec4 v0xbd7077160_0, 0, 32;
    %fork TD_tb_layer2_axis_arbiter.reset_dut, S_0xbd70a0180;
    %join;
    %load/vec4 v0xbd7077ac0_0;
    %cmpi/e 0, 0, 1;
    %flag_get/vec4 6;
    %jmp/0 T_9.48, 6;
    %load/vec4 v0xbd7077de0_0;
    %pushi/vec4 0, 0, 1;
    %cmp/e;
    %flag_get/vec4 6;
    %and;
T_9.48;
    %flag_set/vec4 8;
    %jmp/0xz  T_9.46, 8;
    %load/vec4 v0xbd70775c0_0;
    %addi 1, 0, 32;
    %store/vec4 v0xbd70775c0_0, 0, 32;
    %jmp T_9.47;
T_9.46 ;
    %load/vec4 v0xbd7077200_0;
    %addi 1, 0, 32;
    %store/vec4 v0xbd7077200_0, 0, 32;
    %vpi_call/w 3 333 "$display", "FAIL: tready lines not idle-low immediately post-reset with no requests" {0 0 0};
T_9.47 ;
    %pushi/vec4 2443359168, 0, 35;
    %concati/vec4 2443359168, 0, 32;
    %concati/vec4 2443359168, 0, 32;
    %concati/vec4 2443359168, 0, 32;
    %concati/vec4 2443359168, 0, 32;
    %concati/vec4 2443359168, 0, 32;
    %concati/vec4 2443359168, 0, 32;
    %concati/vec4 2443359168, 0, 32;
    %concati/vec4 2443359168, 0, 32;
    %concati/vec4 2443359168, 0, 32;
    %concati/vec4 2443359168, 0, 32;
    %concati/vec4 2443359168, 0, 32;
    %concati/vec4 2443359168, 0, 32;
    %concati/vec4 2443359168, 0, 32;
    %concati/vec4 2443359168, 0, 32;
    %concati/vec4 305419896, 0, 29;
    %store/vec4 v0xbd7075400_0, 0, 512;
    %pushi/vec4 1, 0, 1;
    %store/vec4 v0xbd70754a0_0, 0, 1;
    %fork TD_tb_layer2_axis_arbiter.drive1, S_0x101294ad0;
    %join;
    %pushi/vec4 2443359168, 0, 35;
    %concati/vec4 2443359168, 0, 32;
    %concati/vec4 2443359168, 0, 32;
    %concati/vec4 2443359168, 0, 32;
    %concati/vec4 2443359168, 0, 32;
    %concati/vec4 2443359168, 0, 32;
    %concati/vec4 2443359168, 0, 32;
    %concati/vec4 2443359168, 0, 32;
    %concati/vec4 2443359168, 0, 32;
    %concati/vec4 2443359168, 0, 32;
    %concati/vec4 2443359168, 0, 32;
    %concati/vec4 2443359168, 0, 32;
    %concati/vec4 2443359168, 0, 32;
    %concati/vec4 2443359168, 0, 32;
    %concati/vec4 2443359168, 0, 32;
    %concati/vec4 305419896, 0, 29;
    %store/vec4 v0xbd70740a0_0, 0, 512;
    %pushi/vec4 1, 0, 1;
    %store/vec4 v0xbd7074a00_0, 0, 1;
    %pushi/vec4 0, 0, 32; draw_string_vec4
    %pushi/vec4 0, 0, 32; draw_string_vec4
    %concat/vec4; draw_string_vec4
    %pushi/vec4 0, 0, 32; draw_string_vec4
    %concat/vec4; draw_string_vec4
    %pushi/vec4 7368563, 0, 32; draw_string_vec4
    %concat/vec4; draw_string_vec4
    %pushi/vec4 1952412261, 0, 32; draw_string_vec4
    %concat/vec4; draw_string_vec4
    %pushi/vec4 1936028767, 0, 32; draw_string_vec4
    %concat/vec4; draw_string_vec4
    %pushi/vec4 1919247215, 0, 32; draw_string_vec4
    %concat/vec4; draw_string_vec4
    %pushi/vec4 1986359929, 0, 32; draw_string_vec4
    %concat/vec4; draw_string_vec4
    %store/vec4 v0xbd7074aa0_0, 0, 256;
    %fork TD_tb_layer2_axis_arbiter.check_next_beat, S_0x101280ab0;
    %join;
    %vpi_call/w 3 341 "$display", "=================================================" {0 0 0};
    %vpi_call/w 3 342 "$display", "TESTS PASSED: %0d   TESTS FAILED: %0d", v0xbd70775c0_0, v0xbd7077200_0 {0 0 0};
    %vpi_call/w 3 343 "$display", "Atomicity invariant violations: %0d", v0xbd7076ee0_0 {0 0 0};
    %vpi_call/w 3 344 "$display", "=================================================" {0 0 0};
    %load/vec4 v0xbd7077200_0;
    %cmpi/e 0, 0, 32;
    %flag_get/vec4 4;
    %jmp/0 T_9.51, 4;
    %load/vec4 v0xbd7076ee0_0;
    %pushi/vec4 0, 0, 32;
    %cmp/e;
    %flag_get/vec4 4;
    %and;
T_9.51;
    %flag_set/vec4 8;
    %jmp/0xz  T_9.49, 8;
    %vpi_call/w 3 346 "$display", "RESULT: ALL TESTS PASSED" {0 0 0};
    %jmp T_9.50;
T_9.49 ;
    %vpi_call/w 3 348 "$display", "RESULT: FAILURES PRESENT" {0 0 0};
T_9.50 ;
    %vpi_call/w 3 350 "$finish" {0 0 0};
    %end;
    .thread T_9;
    .scope S_0x10128e7a0;
T_10 ;
    %vpi_call/w 3 354 "$dumpfile", "sim/dump_layer2_axis_arbiter.vcd" {0 0 0};
    %vpi_call/w 3 355 "$dumpvars", 32'sb00000000000000000000000000000000, S_0x10128e7a0 {0 0 0};
    %end;
    .thread T_10;
# The file index is used to find the file name in the following table.
:file_names 5;
    "N/A";
    "<interactive>";
    "-";
    "tb/tb_layer2_axis_arbiter.v";
    "rtl/layer2_axis_arbiter.v";
