#! /opt/homebrew/Cellar/icarus-verilog/12.0/bin/vvp
:ivl_version "12.0 (stable)";
:ivl_delay_selection "TYPICAL";
:vpi_time_precision - 12;
:vpi_module "/opt/homebrew/Cellar/icarus-verilog/12.0/lib/ivl/system.vpi";
:vpi_module "/opt/homebrew/Cellar/icarus-verilog/12.0/lib/ivl/vhdl_sys.vpi";
:vpi_module "/opt/homebrew/Cellar/icarus-verilog/12.0/lib/ivl/vhdl_textio.vpi";
:vpi_module "/opt/homebrew/Cellar/icarus-verilog/12.0/lib/ivl/v2005_math.vpi";
:vpi_module "/opt/homebrew/Cellar/icarus-verilog/12.0/lib/ivl/va_math.vpi";
:vpi_module "/opt/homebrew/Cellar/icarus-verilog/12.0/lib/ivl/v2009.vpi";
S_0x1015f1ca0 .scope package, "$unit" "$unit" 2 1;
 .timescale 0 0;
S_0x1015f2190 .scope module, "tb_layer1_axis_stream_ingress" "tb_layer1_axis_stream_ingress" 3 3;
 .timescale -9 -12;
P_0xbb6c34100 .param/l "CLK_PERIOD" 1 3 6, +C4<00000000000000000000000000001010>;
P_0xbb6c34140 .param/l "TDATA_WIDTH" 1 3 5, +C4<00000000000000000000001000000000>;
v0xbb7064dc0_0 .var "clk", 0 0;
v0xbb7064e60_0 .var/i "exp_idx", 31 0;
v0xbb7064f00_0 .var/i "fail_count", 31 0;
v0xbb7064fa0_0 .net "m_tdata", 511 0, v0xbb70645a0_0;  1 drivers
v0xbb7065040_0 .net "m_tkeep", 63 0, v0xbb7064640_0;  1 drivers
v0xbb70650e0_0 .net "m_tlast", 0 0, v0xbb70646e0_0;  1 drivers
v0xbb7065180_0 .var "m_tready", 0 0;
v0xbb7065220_0 .net "m_tvalid", 0 0, v0xbb7064820_0;  1 drivers
v0xbb70652c0_0 .var/i "pass_count", 31 0;
v0xbb7065360_0 .var "rst_n", 0 0;
v0xbb7065400_0 .var/i "rx_count", 31 0;
v0xbb70654a0 .array "rx_data", 255 0, 511 0;
v0xbb7065540 .array "rx_keep", 255 0, 63 0;
v0xbb70655e0 .array "rx_last", 255 0, 0 0;
v0xbb7065680_0 .var "s_tdata", 511 0;
v0xbb7065720_0 .var "s_tkeep", 63 0;
v0xbb70657c0_0 .var "s_tlast", 0 0;
v0xbb7065860_0 .net "s_tready", 0 0, L_0xbb7084150;  1 drivers
v0xbb7065900_0 .var "s_tvalid", 0 0;
S_0x1015f0570 .scope begin, "backpressure_test" "backpressure_test" 3 139, 3 139 0, S_0x1015f2190;
 .timescale -9 -12;
v0xbb70640a0_0 .var/i "r", 31 0;
E_0xbb6c2e840 .event negedge, v0xbb7064500_0;
E_0xbb6c2e880 .event posedge, v0xbb7064500_0;
S_0x1015e4a40 .scope begin, "burst_test" "burst_test" 3 108, 3 108 0, S_0x1015f2190;
 .timescale -9 -12;
v0xbb7064140_0 .var/i "i", 31 0;
v0xbb70641e0_0 .var/i "rx_before", 31 0;
S_0x1015e4bc0 .scope task, "check_next" "check_next" 3 74, 3 74 0, S_0x1015f2190;
 .timescale -9 -12;
v0xbb7064280_0 .var "exp_data", 511 0;
v0xbb7064320_0 .var "exp_last", 0 0;
v0xbb70643c0_0 .var "label", 255 0;
TD_tb_layer1_axis_stream_ingress.check_next ;
T_0.0 ;
    %load/vec4 v0xbb7065400_0;
    %load/vec4 v0xbb7064e60_0;
    %cmp/s;
    %flag_or 5, 4;
    %jmp/0xz T_0.1, 5;
    %wait E_0xbb6c2e880;
    %jmp T_0.0;
T_0.1 ;
    %wait E_0xbb6c2e840;
    %ix/getv/s 4, v0xbb7064e60_0;
    %load/vec4a v0xbb70654a0, 4;
    %load/vec4 v0xbb7064280_0;
    %cmp/e;
    %flag_get/vec4 6;
    %jmp/0 T_0.4, 6;
    %ix/getv/s 4, v0xbb7064e60_0;
    %load/vec4a v0xbb70655e0, 4;
    %load/vec4 v0xbb7064320_0;
    %cmp/e;
    %flag_get/vec4 6;
    %and;
T_0.4;
    %flag_set/vec4 8;
    %jmp/0xz  T_0.2, 8;
    %load/vec4 v0xbb70652c0_0;
    %addi 1, 0, 32;
    %store/vec4 v0xbb70652c0_0, 0, 32;
    %jmp T_0.3;
T_0.2 ;
    %load/vec4 v0xbb7064f00_0;
    %addi 1, 0, 32;
    %store/vec4 v0xbb7064f00_0, 0, 32;
    %vpi_call/w 3 82 "$display", "FAIL [%0s]: beat %0d mismatch", v0xbb70643c0_0, v0xbb7064e60_0 {0 0 0};
T_0.3 ;
    %load/vec4 v0xbb7064e60_0;
    %addi 1, 0, 32;
    %store/vec4 v0xbb7064e60_0, 0, 32;
    %end;
S_0x1015ed0a0 .scope module, "dut" "layer1_axis_stream_ingress" 3 24, 4 28 0, S_0x1015f2190;
 .timescale -9 -12;
    .port_info 0 /INPUT 1 "clk";
    .port_info 1 /INPUT 1 "rst_n";
    .port_info 2 /INPUT 512 "s_tdata";
    .port_info 3 /INPUT 64 "s_tkeep";
    .port_info 4 /INPUT 1 "s_tvalid";
    .port_info 5 /OUTPUT 1 "s_tready";
    .port_info 6 /INPUT 1 "s_tlast";
    .port_info 7 /OUTPUT 512 "m_tdata";
    .port_info 8 /OUTPUT 64 "m_tkeep";
    .port_info 9 /OUTPUT 1 "m_tvalid";
    .port_info 10 /INPUT 1 "m_tready";
    .port_info 11 /OUTPUT 1 "m_tlast";
P_0xbb6c01980 .param/l "TDATA_WIDTH" 0 4 29, +C4<00000000000000000000001000000000>;
L_0xbb7084150 .functor OR 1, v0xbb7065180_0, L_0x1015f2310, C4<0>, C4<0>;
v0xbb7064460_0 .net *"_ivl_1", 0 0, L_0x1015f2310;  1 drivers
v0xbb7064500_0 .net "clk", 0 0, v0xbb7064dc0_0;  1 drivers
v0xbb70645a0_0 .var "m_tdata", 511 0;
v0xbb7064640_0 .var "m_tkeep", 63 0;
v0xbb70646e0_0 .var "m_tlast", 0 0;
v0xbb7064780_0 .net "m_tready", 0 0, v0xbb7065180_0;  1 drivers
v0xbb7064820_0 .var "m_tvalid", 0 0;
v0xbb70648c0_0 .net "rst_n", 0 0, v0xbb7065360_0;  1 drivers
v0xbb7064960_0 .net "s_tdata", 511 0, v0xbb7065680_0;  1 drivers
v0xbb7064a00_0 .net "s_tkeep", 63 0, v0xbb7065720_0;  1 drivers
v0xbb7064aa0_0 .net "s_tlast", 0 0, v0xbb70657c0_0;  1 drivers
v0xbb7064b40_0 .net "s_tready", 0 0, L_0xbb7084150;  alias, 1 drivers
v0xbb7064be0_0 .net "s_tvalid", 0 0, v0xbb7065900_0;  1 drivers
E_0xbb6c2e8c0/0 .event negedge, v0xbb70648c0_0;
E_0xbb6c2e8c0/1 .event posedge, v0xbb7064500_0;
E_0xbb6c2e8c0 .event/or E_0xbb6c2e8c0/0, E_0xbb6c2e8c0/1;
L_0x1015f2310 .reduce/nor v0xbb7064820_0;
S_0x1015f4310 .scope task, "reset_dut" "reset_dut" 3 47, 3 47 0, S_0x1015f2190;
 .timescale -9 -12;
TD_tb_layer1_axis_stream_ingress.reset_dut ;
    %pushi/vec4 0, 0, 1;
    %store/vec4 v0xbb7065360_0, 0, 1;
    %pushi/vec4 0, 0, 1;
    %store/vec4 v0xbb7065900_0, 0, 1;
    %pushi/vec4 0, 0, 1;
    %store/vec4 v0xbb70657c0_0, 0, 1;
    %pushi/vec4 0, 0, 512;
    %store/vec4 v0xbb7065680_0, 0, 512;
    %pushi/vec4 4294967295, 0, 32;
    %concati/vec4 4294967295, 0, 32;
    %store/vec4 v0xbb7065720_0, 0, 64;
    %pushi/vec4 1, 0, 1;
    %store/vec4 v0xbb7065180_0, 0, 1;
    %pushi/vec4 3, 0, 32;
T_1.5 %dup/vec4;
    %pushi/vec4 0, 0, 32;
    %cmp/s;
    %jmp/1xz T_1.6, 5;
    %jmp/1 T_1.6, 4;
    %pushi/vec4 1, 0, 32;
    %sub;
    %wait E_0xbb6c2e880;
    %jmp T_1.5;
T_1.6 ;
    %pop/vec4 1;
    %pushi/vec4 1, 0, 1;
    %store/vec4 v0xbb7065360_0, 0, 1;
    %wait E_0xbb6c2e880;
    %end;
S_0x1015f4e40 .scope task, "send_beat" "send_beat" 3 58, 3 58 0, S_0x1015f2190;
 .timescale -9 -12;
v0xbb7064c80_0 .var "data", 511 0;
v0xbb7064d20_0 .var "last", 0 0;
TD_tb_layer1_axis_stream_ingress.send_beat ;
    %wait E_0xbb6c2e840;
    %load/vec4 v0xbb7064c80_0;
    %store/vec4 v0xbb7065680_0, 0, 512;
    %pushi/vec4 4294967295, 0, 32;
    %concati/vec4 4294967295, 0, 32;
    %store/vec4 v0xbb7065720_0, 0, 64;
    %pushi/vec4 1, 0, 1;
    %store/vec4 v0xbb7065900_0, 0, 1;
    %load/vec4 v0xbb7064d20_0;
    %store/vec4 v0xbb70657c0_0, 0, 1;
    %wait E_0xbb6c2e880;
T_2.7 ;
    %load/vec4 v0xbb7065860_0;
    %cmpi/ne 1, 0, 1;
    %jmp/0xz T_2.8, 6;
    %wait E_0xbb6c2e880;
    %jmp T_2.7;
T_2.8 ;
    %wait E_0xbb6c2e840;
    %pushi/vec4 0, 0, 1;
    %store/vec4 v0xbb7065900_0, 0, 1;
    %pushi/vec4 0, 0, 1;
    %store/vec4 v0xbb70657c0_0, 0, 1;
    %end;
    .scope S_0x1015ed0a0;
T_3 ;
    %wait E_0xbb6c2e8c0;
    %load/vec4 v0xbb70648c0_0;
    %nor/r;
    %flag_set/vec4 8;
    %jmp/0xz  T_3.0, 8;
    %pushi/vec4 0, 0, 1;
    %assign/vec4 v0xbb7064820_0, 0;
    %pushi/vec4 0, 0, 512;
    %assign/vec4 v0xbb70645a0_0, 0;
    %pushi/vec4 0, 0, 64;
    %assign/vec4 v0xbb7064640_0, 0;
    %pushi/vec4 0, 0, 1;
    %assign/vec4 v0xbb70646e0_0, 0;
    %jmp T_3.1;
T_3.0 ;
    %load/vec4 v0xbb7064b40_0;
    %flag_set/vec4 8;
    %jmp/0xz  T_3.2, 8;
    %load/vec4 v0xbb7064be0_0;
    %assign/vec4 v0xbb7064820_0, 0;
    %load/vec4 v0xbb7064be0_0;
    %flag_set/vec4 8;
    %jmp/0xz  T_3.4, 8;
    %load/vec4 v0xbb7064960_0;
    %assign/vec4 v0xbb70645a0_0, 0;
    %load/vec4 v0xbb7064a00_0;
    %assign/vec4 v0xbb7064640_0, 0;
    %load/vec4 v0xbb7064aa0_0;
    %assign/vec4 v0xbb70646e0_0, 0;
T_3.4 ;
T_3.2 ;
T_3.1 ;
    %jmp T_3;
    .thread T_3;
    .scope S_0x1015f2190;
T_4 ;
    %pushi/vec4 0, 0, 32;
    %store/vec4 v0xbb70652c0_0, 0, 32;
    %pushi/vec4 0, 0, 32;
    %store/vec4 v0xbb7064f00_0, 0, 32;
    %pushi/vec4 0, 0, 32;
    %store/vec4 v0xbb7065400_0, 0, 32;
    %pushi/vec4 0, 0, 32;
    %store/vec4 v0xbb7064e60_0, 0, 32;
    %end;
    .thread T_4, $init;
    .scope S_0x1015f2190;
T_5 ;
    %delay 5000, 0;
    %load/vec4 v0xbb7064dc0_0;
    %inv;
    %store/vec4 v0xbb7064dc0_0, 0, 1;
    %jmp T_5;
    .thread T_5;
    .scope S_0x1015f2190;
T_6 ;
    %wait E_0xbb6c2e880;
    %load/vec4 v0xbb7065220_0;
    %flag_set/vec4 9;
    %flag_get/vec4 9;
    %jmp/0 T_6.2, 9;
    %load/vec4 v0xbb7065180_0;
    %and;
T_6.2;
    %flag_set/vec4 8;
    %jmp/0xz  T_6.0, 8;
    %load/vec4 v0xbb7064fa0_0;
    %ix/getv/s 3, v0xbb7065400_0;
    %ix/load 4, 0, 0; Constant delay
    %assign/vec4/a/d v0xbb70654a0, 0, 4;
    %load/vec4 v0xbb7065040_0;
    %ix/getv/s 3, v0xbb7065400_0;
    %ix/load 4, 0, 0; Constant delay
    %assign/vec4/a/d v0xbb7065540, 0, 4;
    %load/vec4 v0xbb70650e0_0;
    %ix/getv/s 3, v0xbb7065400_0;
    %ix/load 4, 0, 0; Constant delay
    %assign/vec4/a/d v0xbb70655e0, 0, 4;
    %load/vec4 v0xbb7065400_0;
    %addi 1, 0, 32;
    %assign/vec4 v0xbb7065400_0, 0;
T_6.0 ;
    %jmp T_6;
    .thread T_6;
    .scope S_0x1015f2190;
T_7 ;
    %pushi/vec4 0, 0, 1;
    %store/vec4 v0xbb7064dc0_0, 0, 1;
    %fork TD_tb_layer1_axis_stream_ingress.reset_dut, S_0x1015f4310;
    %join;
    %pushi/vec4 2290614272, 0, 35;
    %concati/vec4 2290614272, 0, 32;
    %concati/vec4 2290614272, 0, 32;
    %concati/vec4 2290614272, 0, 32;
    %concati/vec4 2290614272, 0, 32;
    %concati/vec4 2290614272, 0, 32;
    %concati/vec4 2290614272, 0, 32;
    %concati/vec4 2290614272, 0, 32;
    %concati/vec4 2290614272, 0, 32;
    %concati/vec4 2290614272, 0, 32;
    %concati/vec4 2290614272, 0, 32;
    %concati/vec4 2290614272, 0, 32;
    %concati/vec4 2290614272, 0, 32;
    %concati/vec4 2290614272, 0, 32;
    %concati/vec4 2290614272, 0, 32;
    %concati/vec4 286326784, 0, 29;
    %store/vec4 v0xbb7064c80_0, 0, 512;
    %pushi/vec4 0, 0, 1;
    %store/vec4 v0xbb7064d20_0, 0, 1;
    %fork TD_tb_layer1_axis_stream_ingress.send_beat, S_0x1015f4e40;
    %join;
    %pushi/vec4 2290614280, 0, 35;
    %concati/vec4 2290614280, 0, 32;
    %concati/vec4 2290614280, 0, 32;
    %concati/vec4 2290614280, 0, 32;
    %concati/vec4 2290614280, 0, 32;
    %concati/vec4 2290614280, 0, 32;
    %concati/vec4 2290614280, 0, 32;
    %concati/vec4 2290614280, 0, 32;
    %concati/vec4 2290614280, 0, 32;
    %concati/vec4 2290614280, 0, 32;
    %concati/vec4 2290614280, 0, 32;
    %concati/vec4 2290614280, 0, 32;
    %concati/vec4 2290614280, 0, 32;
    %concati/vec4 2290614280, 0, 32;
    %concati/vec4 2290614280, 0, 32;
    %concati/vec4 286326785, 0, 29;
    %store/vec4 v0xbb7064c80_0, 0, 512;
    %pushi/vec4 0, 0, 1;
    %store/vec4 v0xbb7064d20_0, 0, 1;
    %fork TD_tb_layer1_axis_stream_ingress.send_beat, S_0x1015f4e40;
    %join;
    %pushi/vec4 2290614288, 0, 35;
    %concati/vec4 2290614288, 0, 32;
    %concati/vec4 2290614288, 0, 32;
    %concati/vec4 2290614288, 0, 32;
    %concati/vec4 2290614288, 0, 32;
    %concati/vec4 2290614288, 0, 32;
    %concati/vec4 2290614288, 0, 32;
    %concati/vec4 2290614288, 0, 32;
    %concati/vec4 2290614288, 0, 32;
    %concati/vec4 2290614288, 0, 32;
    %concati/vec4 2290614288, 0, 32;
    %concati/vec4 2290614288, 0, 32;
    %concati/vec4 2290614288, 0, 32;
    %concati/vec4 2290614288, 0, 32;
    %concati/vec4 2290614288, 0, 32;
    %concati/vec4 286326786, 0, 29;
    %store/vec4 v0xbb7064c80_0, 0, 512;
    %pushi/vec4 0, 0, 1;
    %store/vec4 v0xbb7064d20_0, 0, 1;
    %fork TD_tb_layer1_axis_stream_ingress.send_beat, S_0x1015f4e40;
    %join;
    %pushi/vec4 2290614296, 0, 35;
    %concati/vec4 2290614296, 0, 32;
    %concati/vec4 2290614296, 0, 32;
    %concati/vec4 2290614296, 0, 32;
    %concati/vec4 2290614296, 0, 32;
    %concati/vec4 2290614296, 0, 32;
    %concati/vec4 2290614296, 0, 32;
    %concati/vec4 2290614296, 0, 32;
    %concati/vec4 2290614296, 0, 32;
    %concati/vec4 2290614296, 0, 32;
    %concati/vec4 2290614296, 0, 32;
    %concati/vec4 2290614296, 0, 32;
    %concati/vec4 2290614296, 0, 32;
    %concati/vec4 2290614296, 0, 32;
    %concati/vec4 2290614296, 0, 32;
    %concati/vec4 286326787, 0, 29;
    %store/vec4 v0xbb7064c80_0, 0, 512;
    %pushi/vec4 1, 0, 1;
    %store/vec4 v0xbb7064d20_0, 0, 1;
    %fork TD_tb_layer1_axis_stream_ingress.send_beat, S_0x1015f4e40;
    %join;
    %pushi/vec4 2290614272, 0, 35;
    %concati/vec4 2290614272, 0, 32;
    %concati/vec4 2290614272, 0, 32;
    %concati/vec4 2290614272, 0, 32;
    %concati/vec4 2290614272, 0, 32;
    %concati/vec4 2290614272, 0, 32;
    %concati/vec4 2290614272, 0, 32;
    %concati/vec4 2290614272, 0, 32;
    %concati/vec4 2290614272, 0, 32;
    %concati/vec4 2290614272, 0, 32;
    %concati/vec4 2290614272, 0, 32;
    %concati/vec4 2290614272, 0, 32;
    %concati/vec4 2290614272, 0, 32;
    %concati/vec4 2290614272, 0, 32;
    %concati/vec4 2290614272, 0, 32;
    %concati/vec4 286326784, 0, 29;
    %store/vec4 v0xbb7064280_0, 0, 512;
    %pushi/vec4 0, 0, 1;
    %store/vec4 v0xbb7064320_0, 0, 1;
    %pushi/vec4 0, 0, 32; draw_string_vec4
    %pushi/vec4 0, 0, 32; draw_string_vec4
    %concat/vec4; draw_string_vec4
    %pushi/vec4 0, 0, 32; draw_string_vec4
    %concat/vec4; draw_string_vec4
    %pushi/vec4 0, 0, 32; draw_string_vec4
    %concat/vec4; draw_string_vec4
    %pushi/vec4 0, 0, 32; draw_string_vec4
    %concat/vec4; draw_string_vec4
    %pushi/vec4 6447475, 0, 32; draw_string_vec4
    %concat/vec4; draw_string_vec4
    %pushi/vec4 1768120162, 0, 32; draw_string_vec4
    %concat/vec4; draw_string_vec4
    %pushi/vec4 1700885552, 0, 32; draw_string_vec4
    %concat/vec4; draw_string_vec4
    %store/vec4 v0xbb70643c0_0, 0, 256;
    %fork TD_tb_layer1_axis_stream_ingress.check_next, S_0x1015e4bc0;
    %join;
    %pushi/vec4 2290614280, 0, 35;
    %concati/vec4 2290614280, 0, 32;
    %concati/vec4 2290614280, 0, 32;
    %concati/vec4 2290614280, 0, 32;
    %concati/vec4 2290614280, 0, 32;
    %concati/vec4 2290614280, 0, 32;
    %concati/vec4 2290614280, 0, 32;
    %concati/vec4 2290614280, 0, 32;
    %concati/vec4 2290614280, 0, 32;
    %concati/vec4 2290614280, 0, 32;
    %concati/vec4 2290614280, 0, 32;
    %concati/vec4 2290614280, 0, 32;
    %concati/vec4 2290614280, 0, 32;
    %concati/vec4 2290614280, 0, 32;
    %concati/vec4 2290614280, 0, 32;
    %concati/vec4 286326785, 0, 29;
    %store/vec4 v0xbb7064280_0, 0, 512;
    %pushi/vec4 0, 0, 1;
    %store/vec4 v0xbb7064320_0, 0, 1;
    %pushi/vec4 0, 0, 32; draw_string_vec4
    %pushi/vec4 0, 0, 32; draw_string_vec4
    %concat/vec4; draw_string_vec4
    %pushi/vec4 0, 0, 32; draw_string_vec4
    %concat/vec4; draw_string_vec4
    %pushi/vec4 0, 0, 32; draw_string_vec4
    %concat/vec4; draw_string_vec4
    %pushi/vec4 0, 0, 32; draw_string_vec4
    %concat/vec4; draw_string_vec4
    %pushi/vec4 6447475, 0, 32; draw_string_vec4
    %concat/vec4; draw_string_vec4
    %pushi/vec4 1768120162, 0, 32; draw_string_vec4
    %concat/vec4; draw_string_vec4
    %pushi/vec4 1700885553, 0, 32; draw_string_vec4
    %concat/vec4; draw_string_vec4
    %store/vec4 v0xbb70643c0_0, 0, 256;
    %fork TD_tb_layer1_axis_stream_ingress.check_next, S_0x1015e4bc0;
    %join;
    %pushi/vec4 2290614288, 0, 35;
    %concati/vec4 2290614288, 0, 32;
    %concati/vec4 2290614288, 0, 32;
    %concati/vec4 2290614288, 0, 32;
    %concati/vec4 2290614288, 0, 32;
    %concati/vec4 2290614288, 0, 32;
    %concati/vec4 2290614288, 0, 32;
    %concati/vec4 2290614288, 0, 32;
    %concati/vec4 2290614288, 0, 32;
    %concati/vec4 2290614288, 0, 32;
    %concati/vec4 2290614288, 0, 32;
    %concati/vec4 2290614288, 0, 32;
    %concati/vec4 2290614288, 0, 32;
    %concati/vec4 2290614288, 0, 32;
    %concati/vec4 2290614288, 0, 32;
    %concati/vec4 286326786, 0, 29;
    %store/vec4 v0xbb7064280_0, 0, 512;
    %pushi/vec4 0, 0, 1;
    %store/vec4 v0xbb7064320_0, 0, 1;
    %pushi/vec4 0, 0, 32; draw_string_vec4
    %pushi/vec4 0, 0, 32; draw_string_vec4
    %concat/vec4; draw_string_vec4
    %pushi/vec4 0, 0, 32; draw_string_vec4
    %concat/vec4; draw_string_vec4
    %pushi/vec4 0, 0, 32; draw_string_vec4
    %concat/vec4; draw_string_vec4
    %pushi/vec4 0, 0, 32; draw_string_vec4
    %concat/vec4; draw_string_vec4
    %pushi/vec4 6447475, 0, 32; draw_string_vec4
    %concat/vec4; draw_string_vec4
    %pushi/vec4 1768120162, 0, 32; draw_string_vec4
    %concat/vec4; draw_string_vec4
    %pushi/vec4 1700885554, 0, 32; draw_string_vec4
    %concat/vec4; draw_string_vec4
    %store/vec4 v0xbb70643c0_0, 0, 256;
    %fork TD_tb_layer1_axis_stream_ingress.check_next, S_0x1015e4bc0;
    %join;
    %pushi/vec4 2290614296, 0, 35;
    %concati/vec4 2290614296, 0, 32;
    %concati/vec4 2290614296, 0, 32;
    %concati/vec4 2290614296, 0, 32;
    %concati/vec4 2290614296, 0, 32;
    %concati/vec4 2290614296, 0, 32;
    %concati/vec4 2290614296, 0, 32;
    %concati/vec4 2290614296, 0, 32;
    %concati/vec4 2290614296, 0, 32;
    %concati/vec4 2290614296, 0, 32;
    %concati/vec4 2290614296, 0, 32;
    %concati/vec4 2290614296, 0, 32;
    %concati/vec4 2290614296, 0, 32;
    %concati/vec4 2290614296, 0, 32;
    %concati/vec4 2290614296, 0, 32;
    %concati/vec4 286326787, 0, 29;
    %store/vec4 v0xbb7064280_0, 0, 512;
    %pushi/vec4 1, 0, 1;
    %store/vec4 v0xbb7064320_0, 0, 1;
    %pushi/vec4 0, 0, 32; draw_string_vec4
    %pushi/vec4 0, 0, 32; draw_string_vec4
    %concat/vec4; draw_string_vec4
    %pushi/vec4 0, 0, 32; draw_string_vec4
    %concat/vec4; draw_string_vec4
    %pushi/vec4 0, 0, 32; draw_string_vec4
    %concat/vec4; draw_string_vec4
    %pushi/vec4 0, 0, 32; draw_string_vec4
    %concat/vec4; draw_string_vec4
    %pushi/vec4 6447475, 0, 32; draw_string_vec4
    %concat/vec4; draw_string_vec4
    %pushi/vec4 1768120162, 0, 32; draw_string_vec4
    %concat/vec4; draw_string_vec4
    %pushi/vec4 1700885555, 0, 32; draw_string_vec4
    %concat/vec4; draw_string_vec4
    %store/vec4 v0xbb70643c0_0, 0, 256;
    %fork TD_tb_layer1_axis_stream_ingress.check_next, S_0x1015e4bc0;
    %join;
    %fork t_1, S_0x1015e4a40;
    %jmp t_0;
    .scope S_0x1015e4a40;
t_1 ;
    %load/vec4 v0xbb7065400_0;
    %store/vec4 v0xbb70641e0_0, 0, 32;
    %wait E_0xbb6c2e840;
    %pushi/vec4 1, 0, 1;
    %store/vec4 v0xbb7065900_0, 0, 1;
    %pushi/vec4 4294967295, 0, 32;
    %concati/vec4 4294967295, 0, 32;
    %store/vec4 v0xbb7065720_0, 0, 64;
    %pushi/vec4 0, 0, 32;
    %store/vec4 v0xbb7064140_0, 0, 32;
T_7.0 ;
    %load/vec4 v0xbb7064140_0;
    %cmpi/s 8, 0, 32;
    %jmp/0xz T_7.1, 5;
    %pushi/vec4 572653568, 0, 32;
    %load/vec4 v0xbb7064140_0;
    %add;
    %replicate 16;
    %store/vec4 v0xbb7065680_0, 0, 512;
    %load/vec4 v0xbb7064140_0;
    %pushi/vec4 7, 0, 32;
    %cmp/e;
    %flag_get/vec4 4;
    %store/vec4 v0xbb70657c0_0, 0, 1;
    %wait E_0xbb6c2e880;
    %load/vec4 v0xbb7065860_0;
    %cmpi/e 1, 0, 1;
    %jmp/0xz  T_7.2, 6;
    %load/vec4 v0xbb70652c0_0;
    %addi 1, 0, 32;
    %store/vec4 v0xbb70652c0_0, 0, 32;
    %jmp T_7.3;
T_7.2 ;
    %load/vec4 v0xbb7064f00_0;
    %addi 1, 0, 32;
    %store/vec4 v0xbb7064f00_0, 0, 32;
    %vpi_call/w 3 121 "$display", "FAIL [burst]: s_tready dropped mid-burst at beat %0d", v0xbb7064140_0 {0 0 0};
T_7.3 ;
    %wait E_0xbb6c2e840;
    %load/vec4 v0xbb7064140_0;
    %addi 1, 0, 32;
    %store/vec4 v0xbb7064140_0, 0, 32;
    %jmp T_7.0;
T_7.1 ;
    %pushi/vec4 0, 0, 1;
    %store/vec4 v0xbb7065900_0, 0, 1;
    %pushi/vec4 0, 0, 1;
    %store/vec4 v0xbb70657c0_0, 0, 1;
    %pushi/vec4 0, 0, 32;
    %store/vec4 v0xbb7064140_0, 0, 32;
T_7.4 ;
    %load/vec4 v0xbb7064140_0;
    %cmpi/s 8, 0, 32;
    %jmp/0xz T_7.5, 5;
    %pushi/vec4 572653568, 0, 32;
    %load/vec4 v0xbb7064140_0;
    %add;
    %replicate 16;
    %store/vec4 v0xbb7064280_0, 0, 512;
    %load/vec4 v0xbb7064140_0;
    %pushi/vec4 7, 0, 32;
    %cmp/e;
    %flag_get/vec4 4;
    %store/vec4 v0xbb7064320_0, 0, 1;
    %pushi/vec4 0, 0, 32; draw_string_vec4
    %pushi/vec4 0, 0, 32; draw_string_vec4
    %concat/vec4; draw_string_vec4
    %pushi/vec4 0, 0, 32; draw_string_vec4
    %concat/vec4; draw_string_vec4
    %pushi/vec4 0, 0, 32; draw_string_vec4
    %concat/vec4; draw_string_vec4
    %pushi/vec4 0, 0, 32; draw_string_vec4
    %concat/vec4; draw_string_vec4
    %pushi/vec4 25205, 0, 32; draw_string_vec4
    %concat/vec4; draw_string_vec4
    %pushi/vec4 1920169055, 0, 32; draw_string_vec4
    %concat/vec4; draw_string_vec4
    %pushi/vec4 1650811252, 0, 32; draw_string_vec4
    %concat/vec4; draw_string_vec4
    %store/vec4 v0xbb70643c0_0, 0, 256;
    %fork TD_tb_layer1_axis_stream_ingress.check_next, S_0x1015e4bc0;
    %join;
    %load/vec4 v0xbb7064140_0;
    %addi 1, 0, 32;
    %store/vec4 v0xbb7064140_0, 0, 32;
    %jmp T_7.4;
T_7.5 ;
    %load/vec4 v0xbb7065400_0;
    %load/vec4 v0xbb70641e0_0;
    %sub;
    %cmpi/e 8, 0, 32;
    %jmp/0xz  T_7.6, 4;
    %load/vec4 v0xbb70652c0_0;
    %addi 1, 0, 32;
    %store/vec4 v0xbb70652c0_0, 0, 32;
    %jmp T_7.7;
T_7.6 ;
    %load/vec4 v0xbb7064f00_0;
    %addi 1, 0, 32;
    %store/vec4 v0xbb7064f00_0, 0, 32;
    %load/vec4 v0xbb7065400_0;
    %load/vec4 v0xbb70641e0_0;
    %sub;
    %vpi_call/w 3 132 "$display", "FAIL [burst]: expected 8 beats, got %0d", S<0,vec4,s32> {1 0 0};
T_7.7 ;
    %end;
    .scope S_0x1015f2190;
t_0 %join;
    %fork t_3, S_0x1015f0570;
    %jmp t_2;
    .scope S_0x1015f0570;
t_3 ;
    %pushi/vec4 0, 0, 1;
    %store/vec4 v0xbb7065180_0, 0, 1;
    %wait E_0xbb6c2e840;
    %pushi/vec4 3435921408, 0, 34;
    %concati/vec4 3435921408, 0, 32;
    %concati/vec4 3435921408, 0, 32;
    %concati/vec4 3435921408, 0, 32;
    %concati/vec4 3435921408, 0, 32;
    %concati/vec4 3435921408, 0, 32;
    %concati/vec4 3435921408, 0, 32;
    %concati/vec4 3435921408, 0, 32;
    %concati/vec4 3435921408, 0, 32;
    %concati/vec4 3435921408, 0, 32;
    %concati/vec4 3435921408, 0, 32;
    %concati/vec4 3435921408, 0, 32;
    %concati/vec4 3435921408, 0, 32;
    %concati/vec4 3435921408, 0, 32;
    %concati/vec4 3435921408, 0, 32;
    %concati/vec4 858980352, 0, 30;
    %store/vec4 v0xbb7065680_0, 0, 512;
    %pushi/vec4 4294967295, 0, 32;
    %concati/vec4 4294967295, 0, 32;
    %store/vec4 v0xbb7065720_0, 0, 64;
    %pushi/vec4 1, 0, 1;
    %store/vec4 v0xbb7065900_0, 0, 1;
    %pushi/vec4 0, 0, 1;
    %store/vec4 v0xbb70657c0_0, 0, 1;
    %wait E_0xbb6c2e880;
    %wait E_0xbb6c2e840;
    %pushi/vec4 0, 0, 1;
    %store/vec4 v0xbb7065900_0, 0, 1;
    %wait E_0xbb6c2e880;
T_7.8 ;
    %load/vec4 v0xbb7065220_0;
    %nor/r;
    %flag_set/vec4 8;
    %jmp/0xz T_7.9, 8;
    %wait E_0xbb6c2e880;
    %jmp T_7.8;
T_7.9 ;
    %pushi/vec4 0, 0, 32;
    %store/vec4 v0xbb70640a0_0, 0, 32;
T_7.10 ;
    %load/vec4 v0xbb70640a0_0;
    %cmpi/s 4, 0, 32;
    %jmp/0xz T_7.11, 5;
    %wait E_0xbb6c2e840;
    %load/vec4 v0xbb7065220_0;
    %cmpi/e 1, 0, 1;
    %flag_get/vec4 6;
    %jmp/0 T_7.14, 6;
    %load/vec4 v0xbb7064fa0_0;
    %pushi/vec4 3435921408, 0, 34;
    %concati/vec4 3435921408, 0, 32;
    %concati/vec4 3435921408, 0, 32;
    %concati/vec4 3435921408, 0, 32;
    %concati/vec4 3435921408, 0, 32;
    %concati/vec4 3435921408, 0, 32;
    %concati/vec4 3435921408, 0, 32;
    %concati/vec4 3435921408, 0, 32;
    %concati/vec4 3435921408, 0, 32;
    %concati/vec4 3435921408, 0, 32;
    %concati/vec4 3435921408, 0, 32;
    %concati/vec4 3435921408, 0, 32;
    %concati/vec4 3435921408, 0, 32;
    %concati/vec4 3435921408, 0, 32;
    %concati/vec4 3435921408, 0, 32;
    %concati/vec4 858980352, 0, 30;
    %cmp/e;
    %flag_get/vec4 6;
    %and;
T_7.14;
    %flag_set/vec4 8;
    %jmp/0xz  T_7.12, 8;
    %load/vec4 v0xbb70652c0_0;
    %addi 1, 0, 32;
    %store/vec4 v0xbb70652c0_0, 0, 32;
    %jmp T_7.13;
T_7.12 ;
    %load/vec4 v0xbb7064f00_0;
    %addi 1, 0, 32;
    %store/vec4 v0xbb7064f00_0, 0, 32;
    %vpi_call/w 3 158 "$display", "FAIL [backpressure]: output did not hold stable while stalled" {0 0 0};
T_7.13 ;
    %load/vec4 v0xbb7065860_0;
    %cmpi/e 0, 0, 1;
    %jmp/0xz  T_7.15, 6;
    %load/vec4 v0xbb70652c0_0;
    %addi 1, 0, 32;
    %store/vec4 v0xbb70652c0_0, 0, 32;
    %jmp T_7.16;
T_7.15 ;
    %load/vec4 v0xbb7064f00_0;
    %addi 1, 0, 32;
    %store/vec4 v0xbb7064f00_0, 0, 32;
    %vpi_call/w 3 160 "$display", "FAIL [backpressure]: s_tready should be low (buffer full, consumer stalled)" {0 0 0};
T_7.16 ;
    %load/vec4 v0xbb70640a0_0;
    %addi 1, 0, 32;
    %store/vec4 v0xbb70640a0_0, 0, 32;
    %jmp T_7.10;
T_7.11 ;
    %wait E_0xbb6c2e840;
    %pushi/vec4 1, 0, 1;
    %store/vec4 v0xbb7065180_0, 0, 1;
    %pushi/vec4 3435921408, 0, 34;
    %concati/vec4 3435921408, 0, 32;
    %concati/vec4 3435921408, 0, 32;
    %concati/vec4 3435921408, 0, 32;
    %concati/vec4 3435921408, 0, 32;
    %concati/vec4 3435921408, 0, 32;
    %concati/vec4 3435921408, 0, 32;
    %concati/vec4 3435921408, 0, 32;
    %concati/vec4 3435921408, 0, 32;
    %concati/vec4 3435921408, 0, 32;
    %concati/vec4 3435921408, 0, 32;
    %concati/vec4 3435921408, 0, 32;
    %concati/vec4 3435921408, 0, 32;
    %concati/vec4 3435921408, 0, 32;
    %concati/vec4 3435921408, 0, 32;
    %concati/vec4 858980352, 0, 30;
    %store/vec4 v0xbb7064280_0, 0, 512;
    %pushi/vec4 0, 0, 1;
    %store/vec4 v0xbb7064320_0, 0, 1;
    %pushi/vec4 0, 0, 32; draw_string_vec4
    %pushi/vec4 0, 0, 32; draw_string_vec4
    %concat/vec4; draw_string_vec4
    %pushi/vec4 0, 0, 32; draw_string_vec4
    %concat/vec4; draw_string_vec4
    %pushi/vec4 1650549611, 0, 32; draw_string_vec4
    %concat/vec4; draw_string_vec4
    %pushi/vec4 1886545267, 0, 32; draw_string_vec4
    %concat/vec4; draw_string_vec4
    %pushi/vec4 1937076837, 0, 32; draw_string_vec4
    %concat/vec4; draw_string_vec4
    %pushi/vec4 1601332588, 0, 32; draw_string_vec4
    %concat/vec4; draw_string_vec4
    %pushi/vec4 1700885349, 0, 32; draw_string_vec4
    %concat/vec4; draw_string_vec4
    %store/vec4 v0xbb70643c0_0, 0, 256;
    %fork TD_tb_layer1_axis_stream_ingress.check_next, S_0x1015e4bc0;
    %join;
    %end;
    .scope S_0x1015f2190;
t_2 %join;
    %wait E_0xbb6c2e840;
    %pushi/vec4 2290614272, 0, 33;
    %concati/vec4 2290614272, 0, 32;
    %concati/vec4 2290614272, 0, 32;
    %concati/vec4 2290614272, 0, 32;
    %concati/vec4 2290614272, 0, 32;
    %concati/vec4 2290614272, 0, 32;
    %concati/vec4 2290614272, 0, 32;
    %concati/vec4 2290614272, 0, 32;
    %concati/vec4 2290614272, 0, 32;
    %concati/vec4 2290614272, 0, 32;
    %concati/vec4 2290614272, 0, 32;
    %concati/vec4 2290614272, 0, 32;
    %concati/vec4 2290614272, 0, 32;
    %concati/vec4 2290614272, 0, 32;
    %concati/vec4 2290614272, 0, 32;
    %concati/vec4 1145307136, 0, 31;
    %store/vec4 v0xbb7065680_0, 0, 512;
    %pushi/vec4 4294967295, 0, 32;
    %concati/vec4 4294967295, 0, 32;
    %store/vec4 v0xbb7065720_0, 0, 64;
    %pushi/vec4 1, 0, 1;
    %store/vec4 v0xbb7065900_0, 0, 1;
    %pushi/vec4 0, 0, 1;
    %store/vec4 v0xbb70657c0_0, 0, 1;
    %wait E_0xbb6c2e880;
T_7.17 ;
    %load/vec4 v0xbb7065860_0;
    %cmpi/ne 1, 0, 1;
    %jmp/0xz T_7.18, 6;
    %wait E_0xbb6c2e880;
    %jmp T_7.17;
T_7.18 ;
    %wait E_0xbb6c2e840;
    %pushi/vec4 0, 0, 1;
    %store/vec4 v0xbb7065900_0, 0, 1;
    %fork TD_tb_layer1_axis_stream_ingress.reset_dut, S_0x1015f4310;
    %join;
    %load/vec4 v0xbb7065220_0;
    %cmpi/e 0, 0, 1;
    %flag_get/vec4 6;
    %jmp/0 T_7.21, 6;
    %load/vec4 v0xbb7065860_0;
    %pushi/vec4 1, 0, 1;
    %cmp/e;
    %flag_get/vec4 6;
    %and;
T_7.21;
    %flag_set/vec4 8;
    %jmp/0xz  T_7.19, 8;
    %load/vec4 v0xbb70652c0_0;
    %addi 1, 0, 32;
    %store/vec4 v0xbb70652c0_0, 0, 32;
    %jmp T_7.20;
T_7.19 ;
    %load/vec4 v0xbb7064f00_0;
    %addi 1, 0, 32;
    %store/vec4 v0xbb7064f00_0, 0, 32;
    %vpi_call/w 3 180 "$display", "FAIL: state not clean after mid-transfer reset" {0 0 0};
T_7.20 ;
    %pushi/vec4 2863267840, 0, 33;
    %concati/vec4 2863267840, 0, 32;
    %concati/vec4 2863267840, 0, 32;
    %concati/vec4 2863267840, 0, 32;
    %concati/vec4 2863267840, 0, 32;
    %concati/vec4 2863267840, 0, 32;
    %concati/vec4 2863267840, 0, 32;
    %concati/vec4 2863267840, 0, 32;
    %concati/vec4 2863267840, 0, 32;
    %concati/vec4 2863267840, 0, 32;
    %concati/vec4 2863267840, 0, 32;
    %concati/vec4 2863267840, 0, 32;
    %concati/vec4 2863267840, 0, 32;
    %concati/vec4 2863267840, 0, 32;
    %concati/vec4 2863267840, 0, 32;
    %concati/vec4 1431633920, 0, 31;
    %store/vec4 v0xbb7064c80_0, 0, 512;
    %pushi/vec4 1, 0, 1;
    %store/vec4 v0xbb7064d20_0, 0, 1;
    %fork TD_tb_layer1_axis_stream_ingress.send_beat, S_0x1015f4e40;
    %join;
    %pushi/vec4 2863267840, 0, 33;
    %concati/vec4 2863267840, 0, 32;
    %concati/vec4 2863267840, 0, 32;
    %concati/vec4 2863267840, 0, 32;
    %concati/vec4 2863267840, 0, 32;
    %concati/vec4 2863267840, 0, 32;
    %concati/vec4 2863267840, 0, 32;
    %concati/vec4 2863267840, 0, 32;
    %concati/vec4 2863267840, 0, 32;
    %concati/vec4 2863267840, 0, 32;
    %concati/vec4 2863267840, 0, 32;
    %concati/vec4 2863267840, 0, 32;
    %concati/vec4 2863267840, 0, 32;
    %concati/vec4 2863267840, 0, 32;
    %concati/vec4 2863267840, 0, 32;
    %concati/vec4 1431633920, 0, 31;
    %store/vec4 v0xbb7064280_0, 0, 512;
    %pushi/vec4 1, 0, 1;
    %store/vec4 v0xbb7064320_0, 0, 1;
    %pushi/vec4 0, 0, 32; draw_string_vec4
    %pushi/vec4 0, 0, 32; draw_string_vec4
    %concat/vec4; draw_string_vec4
    %pushi/vec4 0, 0, 32; draw_string_vec4
    %concat/vec4; draw_string_vec4
    %pushi/vec4 7368563, 0, 32; draw_string_vec4
    %concat/vec4; draw_string_vec4
    %pushi/vec4 1952412261, 0, 32; draw_string_vec4
    %concat/vec4; draw_string_vec4
    %pushi/vec4 1936028767, 0, 32; draw_string_vec4
    %concat/vec4; draw_string_vec4
    %pushi/vec4 1919247215, 0, 32; draw_string_vec4
    %concat/vec4; draw_string_vec4
    %pushi/vec4 1986359929, 0, 32; draw_string_vec4
    %concat/vec4; draw_string_vec4
    %store/vec4 v0xbb70643c0_0, 0, 256;
    %fork TD_tb_layer1_axis_stream_ingress.check_next, S_0x1015e4bc0;
    %join;
    %vpi_call/w 3 186 "$display", "=================================================" {0 0 0};
    %vpi_call/w 3 187 "$display", "TESTS PASSED: %0d   TESTS FAILED: %0d", v0xbb70652c0_0, v0xbb7064f00_0 {0 0 0};
    %vpi_call/w 3 188 "$display", "=================================================" {0 0 0};
    %load/vec4 v0xbb7064f00_0;
    %cmpi/e 0, 0, 32;
    %jmp/0xz  T_7.22, 4;
    %vpi_call/w 3 189 "$display", "RESULT: ALL TESTS PASSED" {0 0 0};
    %jmp T_7.23;
T_7.22 ;
    %vpi_call/w 3 190 "$display", "RESULT: FAILURES PRESENT" {0 0 0};
T_7.23 ;
    %vpi_call/w 3 192 "$finish" {0 0 0};
    %end;
    .thread T_7;
    .scope S_0x1015f2190;
T_8 ;
    %vpi_call/w 3 196 "$dumpfile", "sim/dump_layer1_axis_stream_ingress.vcd" {0 0 0};
    %vpi_call/w 3 197 "$dumpvars", 32'sb00000000000000000000000000000000, S_0x1015f2190 {0 0 0};
    %end;
    .thread T_8;
# The file index is used to find the file name in the following table.
:file_names 5;
    "N/A";
    "<interactive>";
    "-";
    "tb/tb_layer1_axis_stream_ingress.v";
    "rtl/layer1_axis_stream_ingress.v";
