#! /opt/homebrew/Cellar/icarus-verilog/12.0/bin/vvp
:ivl_version "12.0 (stable)";
:ivl_delay_selection "TYPICAL";
:vpi_time_precision - 12;
:vpi_module "/opt/homebrew/Cellar/icarus-verilog/12.0/lib/ivl/system.vpi";
:vpi_module "/opt/homebrew/Cellar/icarus-verilog/12.0/lib/ivl/vhdl_sys.vpi";
:vpi_module "/opt/homebrew/Cellar/icarus-verilog/12.0/lib/ivl/vhdl_textio.vpi";
:vpi_module "/opt/homebrew/Cellar/icarus-verilog/12.0/lib/ivl/v2005_math.vpi";
:vpi_module "/opt/homebrew/Cellar/icarus-verilog/12.0/lib/ivl/va_math.vpi";
:vpi_module "/opt/homebrew/Cellar/icarus-verilog/12.0/lib/ivl/v2009.vpi";
S_0x102d7a0a0 .scope package, "$unit" "$unit" 2 1;
 .timescale 0 0;
S_0x102d7adb0 .scope module, "tb_layer4_flit_to_phy_lanes" "tb_layer4_flit_to_phy_lanes" 3 3;
 .timescale -9 -12;
P_0x102d79b60 .param/l "CLK_PERIOD" 1 3 12, +C4<00000000000000000000000000001010>;
P_0x102d79ba0 .param/l "CRC_BITS" 1 3 6, +C4<00000000000000000000000000100000>;
P_0x102d79be0 .param/l "DATA_BITS" 1 3 5, +C4<00000000000000000000100000000000>;
P_0x102d79c20 .param/l "LANE_BITS" 1 3 11, +C4<000000000000000000000001000001000>;
P_0x102d79c60 .param/l "NUM_LANES" 1 3 7, +C4<00000000000000000000000000000100>;
P_0x102d79ca0 .param/l "SYM_BITS" 1 3 8, +C4<00000000000000000000000000000010>;
P_0x102d79ce0 .param/l "TOTAL_BITS" 1 3 9, +C4<000000000000000000000100000100000>;
P_0x102d79d20 .param/l "TOTAL_SYMBOLS" 1 3 10, +C4<000000000000000000000010000010000>;
v0x830c35d60_0 .var "clk", 0 0;
v0x830c35e00_0 .var/i "fail_count", 31 0;
v0x830c35ea0_0 .net "m_lane0_data", 519 0, v0x830c350e0_0;  1 drivers
v0x830c35f40_0 .net "m_lane1_data", 519 0, v0x830c35180_0;  1 drivers
v0x830c35fe0_0 .net "m_lane2_data", 519 0, v0x830c35220_0;  1 drivers
v0x830c36080_0 .net "m_lane3_data", 519 0, v0x830c352c0_0;  1 drivers
v0x830c36120_0 .var "m_lane_ready", 0 0;
v0x830c361c0_0 .net "m_lane_valid", 0 0, v0x830c35400_0;  1 drivers
v0x830c36260_0 .var/i "pass_count", 31 0;
v0x830c36300_0 .var "rst_n", 0 0;
v0x830c363a0_0 .var "s_flit_crc", 31 0;
v0x830c36440_0 .var "s_flit_data", 2047 0;
v0x830c364e0_0 .net "s_flit_ready", 0 0, v0x830c35680_0;  1 drivers
v0x830c36580_0 .var "s_flit_valid", 0 0;
S_0x102d6cae0 .scope begin, "backpressure_test" "backpressure_test" 3 162, 3 162 0, S_0x102d7adb0;
 .timescale -9 -12;
v0x830c34000_0 .var "combined_bp", 2079 0;
v0x830c340a0 .array "exp_lane_bp", 3 0, 519 0;
v0x830c34140_0 .var "gray_sym", 1 0;
v0x830c341e0_0 .var/i "lane", 31 0;
v0x830c34280_0 .var/i "pos", 31 0;
v0x830c34320_0 .var/i "r", 31 0;
v0x830c343c0_0 .var "raw_sym", 1 0;
v0x830c34460_0 .var/i "sym_i", 31 0;
E_0x830c03ac0 .event negedge, v0x830c34fa0_0;
E_0x830c03b00 .event posedge, v0x830c34fa0_0;
S_0x102d6cc60 .scope task, "check_lanes" "check_lanes" 3 83, 3 83 0, S_0x102d7adb0;
 .timescale -9 -12;
v0x830c34500_0 .var "combined", 2079 0;
v0x830c345a0_0 .var "crc", 31 0;
v0x830c34640_0 .var "data", 2047 0;
v0x830c346e0 .array "exp_lane", 3 0, 519 0;
v0x830c34780_0 .var "gray_sym", 1 0;
v0x830c34820_0 .var "label", 255 0;
v0x830c348c0_0 .var/i "lane", 31 0;
v0x830c34960_0 .var/i "pos", 31 0;
v0x830c34a00_0 .var "raw_sym", 1 0;
v0x830c34aa0_0 .var/i "sym_i", 31 0;
TD_tb_layer4_flit_to_phy_lanes.check_lanes ;
    %load/vec4 v0x830c345a0_0;
    %load/vec4 v0x830c34640_0;
    %concat/vec4; draw_concat_vec4
    %store/vec4 v0x830c34500_0, 0, 2080;
    %pushi/vec4 0, 0, 32;
    %store/vec4 v0x830c34aa0_0, 0, 32;
T_0.0 ;
    %load/vec4 v0x830c34aa0_0;
    %pad/s 33;
    %cmpi/s 1040, 0, 33;
    %jmp/0xz T_0.1, 5;
    %load/vec4 v0x830c34aa0_0;
    %pushi/vec4 4, 0, 32;
    %mod/s;
    %store/vec4 v0x830c348c0_0, 0, 32;
    %load/vec4 v0x830c34aa0_0;
    %pushi/vec4 4, 0, 32;
    %div/s;
    %store/vec4 v0x830c34960_0, 0, 32;
    %load/vec4 v0x830c34500_0;
    %load/vec4 v0x830c34aa0_0;
    %muli 2, 0, 32;
    %part/s 2;
    %store/vec4 v0x830c34a00_0, 0, 2;
    %load/vec4 v0x830c34a00_0;
    %store/vec4 v0x830c35b80_0, 0, 2;
    %callf/vec4 TD_tb_layer4_flit_to_phy_lanes.gray_ref, S_0x102d7ce60;
    %store/vec4 v0x830c34780_0, 0, 2;
    %load/vec4 v0x830c34780_0;
    %ix/getv/s 4, v0x830c348c0_0;
    %flag_mov 8, 4;
    %load/vec4 v0x830c34960_0;
    %muli 2, 0, 32;
    %ix/vec4/s 5;
    %flag_or 4, 8;
    %store/vec4a v0x830c346e0, 4, 5;
    %load/vec4 v0x830c34aa0_0;
    %addi 1, 0, 32;
    %store/vec4 v0x830c34aa0_0, 0, 32;
    %jmp T_0.0;
T_0.1 ;
    %wait E_0x830c03b00;
T_0.2 ;
    %load/vec4 v0x830c361c0_0;
    %nor/r;
    %flag_set/vec4 8;
    %jmp/0xz T_0.3, 8;
    %wait E_0x830c03b00;
    %jmp T_0.2;
T_0.3 ;
    %wait E_0x830c03ac0;
    %load/vec4 v0x830c35ea0_0;
    %ix/load 4, 0, 0;
    %flag_set/imm 4, 0;
    %load/vec4a v0x830c346e0, 4;
    %cmp/e;
    %jmp/0xz  T_0.4, 6;
    %load/vec4 v0x830c36260_0;
    %addi 1, 0, 32;
    %store/vec4 v0x830c36260_0, 0, 32;
    %jmp T_0.5;
T_0.4 ;
    %load/vec4 v0x830c35e00_0;
    %addi 1, 0, 32;
    %store/vec4 v0x830c35e00_0, 0, 32;
    %vpi_call/w 3 103 "$display", "FAIL [%0s]: lane0 mismatch", v0x830c34820_0 {0 0 0};
T_0.5 ;
    %load/vec4 v0x830c35f40_0;
    %ix/load 4, 1, 0;
    %flag_set/imm 4, 0;
    %load/vec4a v0x830c346e0, 4;
    %cmp/e;
    %jmp/0xz  T_0.6, 6;
    %load/vec4 v0x830c36260_0;
    %addi 1, 0, 32;
    %store/vec4 v0x830c36260_0, 0, 32;
    %jmp T_0.7;
T_0.6 ;
    %load/vec4 v0x830c35e00_0;
    %addi 1, 0, 32;
    %store/vec4 v0x830c35e00_0, 0, 32;
    %vpi_call/w 3 106 "$display", "FAIL [%0s]: lane1 mismatch", v0x830c34820_0 {0 0 0};
T_0.7 ;
    %load/vec4 v0x830c35fe0_0;
    %ix/load 4, 2, 0;
    %flag_set/imm 4, 0;
    %load/vec4a v0x830c346e0, 4;
    %cmp/e;
    %jmp/0xz  T_0.8, 6;
    %load/vec4 v0x830c36260_0;
    %addi 1, 0, 32;
    %store/vec4 v0x830c36260_0, 0, 32;
    %jmp T_0.9;
T_0.8 ;
    %load/vec4 v0x830c35e00_0;
    %addi 1, 0, 32;
    %store/vec4 v0x830c35e00_0, 0, 32;
    %vpi_call/w 3 109 "$display", "FAIL [%0s]: lane2 mismatch", v0x830c34820_0 {0 0 0};
T_0.9 ;
    %load/vec4 v0x830c36080_0;
    %ix/load 4, 3, 0;
    %flag_set/imm 4, 0;
    %load/vec4a v0x830c346e0, 4;
    %cmp/e;
    %jmp/0xz  T_0.10, 6;
    %load/vec4 v0x830c36260_0;
    %addi 1, 0, 32;
    %store/vec4 v0x830c36260_0, 0, 32;
    %jmp T_0.11;
T_0.10 ;
    %load/vec4 v0x830c35e00_0;
    %addi 1, 0, 32;
    %store/vec4 v0x830c35e00_0, 0, 32;
    %vpi_call/w 3 112 "$display", "FAIL [%0s]: lane3 mismatch", v0x830c34820_0 {0 0 0};
T_0.11 ;
    %wait E_0x830c03b00;
    %end;
S_0x102d75110 .scope module, "dut" "layer4_flit_to_phy_lanes" 3 30, 4 32 0, S_0x102d7adb0;
 .timescale -9 -12;
    .port_info 0 /INPUT 1 "clk";
    .port_info 1 /INPUT 1 "rst_n";
    .port_info 2 /INPUT 2048 "s_flit_data";
    .port_info 3 /INPUT 32 "s_flit_crc";
    .port_info 4 /INPUT 1 "s_flit_valid";
    .port_info 5 /OUTPUT 1 "s_flit_ready";
    .port_info 6 /OUTPUT 520 "m_lane0_data";
    .port_info 7 /OUTPUT 520 "m_lane1_data";
    .port_info 8 /OUTPUT 520 "m_lane2_data";
    .port_info 9 /OUTPUT 520 "m_lane3_data";
    .port_info 10 /OUTPUT 1 "m_lane_valid";
    .port_info 11 /INPUT 1 "m_lane_ready";
P_0x102d7e6e0 .param/l "ACCUM" 1 4 69, C4<00>;
P_0x102d7e720 .param/l "CRC_BITS" 0 4 34, +C4<00000000000000000000000000100000>;
P_0x102d7e760 .param/l "DATA_BITS" 0 4 33, +C4<00000000000000000000100000000000>;
P_0x102d7e7a0 .param/l "LANE_BITS" 1 4 58, +C4<000000000000000000000001000001000>;
P_0x102d7e7e0 .param/l "NUM_LANES" 0 4 35, +C4<00000000000000000000000000000100>;
P_0x102d7e820 .param/l "PRESENT" 1 4 71, C4<10>;
P_0x102d7e860 .param/l "STRIPE" 1 4 70, C4<01>;
P_0x102d7e8a0 .param/l "SYM_BITS" 0 4 36, +C4<00000000000000000000000000000010>;
P_0x102d7e8e0 .param/l "TOTAL_BITS" 1 4 56, +C4<000000000000000000000100000100000>;
P_0x102d7e920 .param/l "TOTAL_SYMBOLS" 1 4 57, +C4<000000000000000000000010000010000>;
v0x830c34fa0_0 .net "clk", 0 0, v0x830c35d60_0;  1 drivers
v0x830c35040_0 .var "combined_reg", 2079 0;
v0x830c350e0_0 .var "m_lane0_data", 519 0;
v0x830c35180_0 .var "m_lane1_data", 519 0;
v0x830c35220_0 .var "m_lane2_data", 519 0;
v0x830c352c0_0 .var "m_lane3_data", 519 0;
v0x830c35360_0 .net "m_lane_ready", 0 0, v0x830c36120_0;  1 drivers
v0x830c35400_0 .var "m_lane_valid", 0 0;
v0x830c354a0_0 .net "rst_n", 0 0, v0x830c36300_0;  1 drivers
v0x830c35540_0 .net "s_flit_crc", 31 0, v0x830c363a0_0;  1 drivers
v0x830c355e0_0 .net "s_flit_data", 2047 0, v0x830c36440_0;  1 drivers
v0x830c35680_0 .var "s_flit_ready", 0 0;
v0x830c35720_0 .net "s_flit_valid", 0 0, v0x830c36580_0;  1 drivers
v0x830c357c0_0 .var "state", 1 0;
E_0x830c03b80/0 .event negedge, v0x830c354a0_0;
E_0x830c03b80/1 .event posedge, v0x830c34fa0_0;
E_0x830c03b80 .event/or E_0x830c03b80/0, E_0x830c03b80/1;
S_0x102d7e960 .scope begin, "$unm_blk_24" "$unm_blk_24" 4 109, 4 109 0, S_0x102d75110;
 .timescale -9 -12;
v0x830c34b40_0 .var "gray_sym", 1 0;
v0x830c34be0_0 .var/i "lane", 31 0;
v0x830c34c80_0 .var/i "pos", 31 0;
v0x830c34d20_0 .var "raw_sym", 1 0;
v0x830c34dc0_0 .var/i "sym_i", 31 0;
S_0x102d75290 .scope function.vec4.s2, "gray_encode" "gray_encode" 4 77, 4 77 0, S_0x102d75110;
 .timescale -9 -12;
; Variable gray_encode is vec4 return value of scope S_0x102d75290
v0x830c34f00_0 .var "val", 1 0;
TD_tb_layer4_flit_to_phy_lanes.dut.gray_encode ;
    %load/vec4 v0x830c34f00_0;
    %parti/s 1, 1, 2;
    %load/vec4 v0x830c34f00_0;
    %parti/s 1, 1, 2;
    %load/vec4 v0x830c34f00_0;
    %parti/s 1, 0, 2;
    %xor;
    %concat/vec4; draw_concat_vec4
    %ret/vec4 0, 0, 2;  Assign to gray_encode (store_vec4_to_lval)
    %end;
S_0x102d7cce0 .scope begin, "gen_counter_pattern" "gen_counter_pattern" 3 134, 3 134 0, S_0x102d7adb0;
 .timescale -9 -12;
v0x830c35860_0 .var "ccrc", 31 0;
v0x830c35900_0 .var "cdata", 2047 0;
v0x830c359a0_0 .var "full", 2079 0;
v0x830c35a40_0 .var/i "i", 31 0;
S_0x102d7ce60 .scope function.vec4.s2, "gray_ref" "gray_ref" 3 45, 3 45 0, S_0x102d7adb0;
 .timescale -9 -12;
; Variable gray_ref is vec4 return value of scope S_0x102d7ce60
v0x830c35b80_0 .var "val", 1 0;
TD_tb_layer4_flit_to_phy_lanes.gray_ref ;
    %load/vec4 v0x830c35b80_0;
    %dup/vec4;
    %pushi/vec4 0, 0, 2;
    %cmp/u;
    %jmp/1 T_2.12, 6;
    %dup/vec4;
    %pushi/vec4 1, 0, 2;
    %cmp/u;
    %jmp/1 T_2.13, 6;
    %dup/vec4;
    %pushi/vec4 2, 0, 2;
    %cmp/u;
    %jmp/1 T_2.14, 6;
    %dup/vec4;
    %pushi/vec4 3, 0, 2;
    %cmp/u;
    %jmp/1 T_2.15, 6;
    %jmp T_2.16;
T_2.12 ;
    %pushi/vec4 0, 0, 2;
    %ret/vec4 0, 0, 2;  Assign to gray_ref (store_vec4_to_lval)
    %jmp T_2.16;
T_2.13 ;
    %pushi/vec4 1, 0, 2;
    %ret/vec4 0, 0, 2;  Assign to gray_ref (store_vec4_to_lval)
    %jmp T_2.16;
T_2.14 ;
    %pushi/vec4 3, 0, 2;
    %ret/vec4 0, 0, 2;  Assign to gray_ref (store_vec4_to_lval)
    %jmp T_2.16;
T_2.15 ;
    %pushi/vec4 2, 0, 2;
    %ret/vec4 0, 0, 2;  Assign to gray_ref (store_vec4_to_lval)
    %jmp T_2.16;
T_2.16 ;
    %pop/vec4 1;
    %end;
S_0x8310bc000 .scope task, "reset_dut" "reset_dut" 3 57, 3 57 0, S_0x102d7adb0;
 .timescale -9 -12;
TD_tb_layer4_flit_to_phy_lanes.reset_dut ;
    %pushi/vec4 0, 0, 1;
    %store/vec4 v0x830c36300_0, 0, 1;
    %pushi/vec4 0, 0, 1;
    %store/vec4 v0x830c36580_0, 0, 1;
    %pushi/vec4 0, 0, 2048;
    %store/vec4 v0x830c36440_0, 0, 2048;
    %pushi/vec4 0, 0, 32;
    %store/vec4 v0x830c363a0_0, 0, 32;
    %pushi/vec4 1, 0, 1;
    %store/vec4 v0x830c36120_0, 0, 1;
    %pushi/vec4 3, 0, 32;
T_3.17 %dup/vec4;
    %pushi/vec4 0, 0, 32;
    %cmp/s;
    %jmp/1xz T_3.18, 5;
    %jmp/1 T_3.18, 4;
    %pushi/vec4 1, 0, 32;
    %sub;
    %wait E_0x830c03b00;
    %jmp T_3.17;
T_3.18 ;
    %pop/vec4 1;
    %pushi/vec4 1, 0, 1;
    %store/vec4 v0x830c36300_0, 0, 1;
    %wait E_0x830c03b00;
    %end;
S_0x8310bc180 .scope task, "send_flit" "send_flit" 3 70, 3 70 0, S_0x102d7adb0;
 .timescale -9 -12;
v0x830c35c20_0 .var "crc", 31 0;
v0x830c35cc0_0 .var "data", 2047 0;
TD_tb_layer4_flit_to_phy_lanes.send_flit ;
    %wait E_0x830c03ac0;
    %load/vec4 v0x830c35cc0_0;
    %store/vec4 v0x830c36440_0, 0, 2048;
    %load/vec4 v0x830c35c20_0;
    %store/vec4 v0x830c363a0_0, 0, 32;
    %pushi/vec4 1, 0, 1;
    %store/vec4 v0x830c36580_0, 0, 1;
    %wait E_0x830c03b00;
T_4.19 ;
    %load/vec4 v0x830c364e0_0;
    %cmpi/ne 1, 0, 1;
    %jmp/0xz T_4.20, 6;
    %wait E_0x830c03b00;
    %jmp T_4.19;
T_4.20 ;
    %wait E_0x830c03ac0;
    %pushi/vec4 0, 0, 1;
    %store/vec4 v0x830c36580_0, 0, 1;
    %end;
    .scope S_0x102d75110;
T_5 ;
    %end;
    .thread T_5;
    .scope S_0x102d75110;
T_6 ;
    %wait E_0x830c03b80;
    %load/vec4 v0x830c354a0_0;
    %nor/r;
    %flag_set/vec4 8;
    %jmp/0xz  T_6.0, 8;
    %pushi/vec4 0, 0, 2;
    %assign/vec4 v0x830c357c0_0, 0;
    %pushi/vec4 1, 0, 1;
    %assign/vec4 v0x830c35680_0, 0;
    %pushi/vec4 0, 0, 2080;
    %assign/vec4 v0x830c35040_0, 0;
    %pushi/vec4 0, 0, 520;
    %assign/vec4 v0x830c350e0_0, 0;
    %pushi/vec4 0, 0, 520;
    %assign/vec4 v0x830c35180_0, 0;
    %pushi/vec4 0, 0, 520;
    %assign/vec4 v0x830c35220_0, 0;
    %pushi/vec4 0, 0, 520;
    %assign/vec4 v0x830c352c0_0, 0;
    %pushi/vec4 0, 0, 1;
    %assign/vec4 v0x830c35400_0, 0;
    %jmp T_6.1;
T_6.0 ;
    %load/vec4 v0x830c357c0_0;
    %dup/vec4;
    %pushi/vec4 0, 0, 2;
    %cmp/u;
    %jmp/1 T_6.2, 6;
    %dup/vec4;
    %pushi/vec4 1, 0, 2;
    %cmp/u;
    %jmp/1 T_6.3, 6;
    %dup/vec4;
    %pushi/vec4 2, 0, 2;
    %cmp/u;
    %jmp/1 T_6.4, 6;
    %pushi/vec4 0, 0, 2;
    %assign/vec4 v0x830c357c0_0, 0;
    %jmp T_6.6;
T_6.2 ;
    %pushi/vec4 1, 0, 1;
    %assign/vec4 v0x830c35680_0, 0;
    %load/vec4 v0x830c35720_0;
    %flag_set/vec4 9;
    %flag_get/vec4 9;
    %jmp/0 T_6.9, 9;
    %load/vec4 v0x830c35680_0;
    %and;
T_6.9;
    %flag_set/vec4 8;
    %jmp/0xz  T_6.7, 8;
    %load/vec4 v0x830c35540_0;
    %load/vec4 v0x830c355e0_0;
    %concat/vec4; draw_concat_vec4
    %assign/vec4 v0x830c35040_0, 0;
    %pushi/vec4 0, 0, 1;
    %assign/vec4 v0x830c35680_0, 0;
    %pushi/vec4 1, 0, 2;
    %assign/vec4 v0x830c357c0_0, 0;
T_6.7 ;
    %jmp T_6.6;
T_6.3 ;
    %fork t_1, S_0x102d7e960;
    %jmp t_0;
    .scope S_0x102d7e960;
t_1 ;
    %pushi/vec4 0, 0, 32;
    %store/vec4 v0x830c34dc0_0, 0, 32;
T_6.10 ;
    %load/vec4 v0x830c34dc0_0;
    %pad/s 33;
    %cmpi/s 1040, 0, 33;
    %jmp/0xz T_6.11, 5;
    %load/vec4 v0x830c34dc0_0;
    %pushi/vec4 4, 0, 32;
    %mod/s;
    %store/vec4 v0x830c34be0_0, 0, 32;
    %load/vec4 v0x830c34dc0_0;
    %pushi/vec4 4, 0, 32;
    %div/s;
    %store/vec4 v0x830c34c80_0, 0, 32;
    %load/vec4 v0x830c35040_0;
    %load/vec4 v0x830c34dc0_0;
    %muli 2, 0, 32;
    %part/s 2;
    %store/vec4 v0x830c34d20_0, 0, 2;
    %load/vec4 v0x830c34d20_0;
    %store/vec4 v0x830c34f00_0, 0, 2;
    %callf/vec4 TD_tb_layer4_flit_to_phy_lanes.dut.gray_encode, S_0x102d75290;
    %store/vec4 v0x830c34b40_0, 0, 2;
    %load/vec4 v0x830c34be0_0;
    %dup/vec4;
    %pushi/vec4 0, 0, 32;
    %cmp/u;
    %jmp/1 T_6.12, 6;
    %dup/vec4;
    %pushi/vec4 1, 0, 32;
    %cmp/u;
    %jmp/1 T_6.13, 6;
    %dup/vec4;
    %pushi/vec4 2, 0, 32;
    %cmp/u;
    %jmp/1 T_6.14, 6;
    %dup/vec4;
    %pushi/vec4 3, 0, 32;
    %cmp/u;
    %jmp/1 T_6.15, 6;
    %jmp T_6.16;
T_6.12 ;
    %load/vec4 v0x830c34b40_0;
    %ix/load 5, 0, 0;
    %load/vec4 v0x830c34c80_0;
    %muli 2, 0, 32;
    %ix/vec4/s 4;
    %assign/vec4/off/d v0x830c350e0_0, 4, 5;
    %jmp T_6.16;
T_6.13 ;
    %load/vec4 v0x830c34b40_0;
    %ix/load 5, 0, 0;
    %load/vec4 v0x830c34c80_0;
    %muli 2, 0, 32;
    %ix/vec4/s 4;
    %assign/vec4/off/d v0x830c35180_0, 4, 5;
    %jmp T_6.16;
T_6.14 ;
    %load/vec4 v0x830c34b40_0;
    %ix/load 5, 0, 0;
    %load/vec4 v0x830c34c80_0;
    %muli 2, 0, 32;
    %ix/vec4/s 4;
    %assign/vec4/off/d v0x830c35220_0, 4, 5;
    %jmp T_6.16;
T_6.15 ;
    %load/vec4 v0x830c34b40_0;
    %ix/load 5, 0, 0;
    %load/vec4 v0x830c34c80_0;
    %muli 2, 0, 32;
    %ix/vec4/s 4;
    %assign/vec4/off/d v0x830c352c0_0, 4, 5;
    %jmp T_6.16;
T_6.16 ;
    %pop/vec4 1;
    %load/vec4 v0x830c34dc0_0;
    %addi 1, 0, 32;
    %store/vec4 v0x830c34dc0_0, 0, 32;
    %jmp T_6.10;
T_6.11 ;
    %pushi/vec4 1, 0, 1;
    %assign/vec4 v0x830c35400_0, 0;
    %pushi/vec4 2, 0, 2;
    %assign/vec4 v0x830c357c0_0, 0;
    %end;
    .scope S_0x102d75110;
t_0 %join;
    %jmp T_6.6;
T_6.4 ;
    %load/vec4 v0x830c35400_0;
    %flag_set/vec4 9;
    %flag_get/vec4 9;
    %jmp/0 T_6.19, 9;
    %load/vec4 v0x830c35360_0;
    %and;
T_6.19;
    %flag_set/vec4 8;
    %jmp/0xz  T_6.17, 8;
    %pushi/vec4 0, 0, 1;
    %assign/vec4 v0x830c35400_0, 0;
    %pushi/vec4 1, 0, 1;
    %assign/vec4 v0x830c35680_0, 0;
    %pushi/vec4 0, 0, 2;
    %assign/vec4 v0x830c357c0_0, 0;
T_6.17 ;
    %jmp T_6.6;
T_6.6 ;
    %pop/vec4 1;
T_6.1 ;
    %jmp T_6;
    .thread T_6;
    .scope S_0x102d7adb0;
T_7 ;
    %pushi/vec4 0, 0, 32;
    %store/vec4 v0x830c36260_0, 0, 32;
    %pushi/vec4 0, 0, 32;
    %store/vec4 v0x830c35e00_0, 0, 32;
    %end;
    .thread T_7, $init;
    .scope S_0x102d7adb0;
T_8 ;
    %delay 5000, 0;
    %load/vec4 v0x830c35d60_0;
    %inv;
    %store/vec4 v0x830c35d60_0, 0, 1;
    %jmp T_8;
    .thread T_8;
    .scope S_0x102d7adb0;
T_9 ;
    %pushi/vec4 0, 0, 1;
    %store/vec4 v0x830c35d60_0, 0, 1;
    %fork TD_tb_layer4_flit_to_phy_lanes.reset_dut, S_0x8310bc000;
    %join;
    %pushi/vec4 0, 0, 2048;
    %store/vec4 v0x830c35cc0_0, 0, 2048;
    %pushi/vec4 0, 0, 32;
    %store/vec4 v0x830c35c20_0, 0, 32;
    %fork TD_tb_layer4_flit_to_phy_lanes.send_flit, S_0x8310bc180;
    %join;
    %pushi/vec4 0, 0, 2048;
    %store/vec4 v0x830c34640_0, 0, 2048;
    %pushi/vec4 0, 0, 32;
    %store/vec4 v0x830c345a0_0, 0, 32;
    %pushi/vec4 0, 0, 32; draw_string_vec4
    %pushi/vec4 0, 0, 32; draw_string_vec4
    %concat/vec4; draw_string_vec4
    %pushi/vec4 0, 0, 32; draw_string_vec4
    %concat/vec4; draw_string_vec4
    %pushi/vec4 0, 0, 32; draw_string_vec4
    %concat/vec4; draw_string_vec4
    %pushi/vec4 0, 0, 32; draw_string_vec4
    %concat/vec4; draw_string_vec4
    %pushi/vec4 0, 0, 32; draw_string_vec4
    %concat/vec4; draw_string_vec4
    %pushi/vec4 1634495583, 0, 32; draw_string_vec4
    %concat/vec4; draw_string_vec4
    %pushi/vec4 2053468783, 0, 32; draw_string_vec4
    %concat/vec4; draw_string_vec4
    %store/vec4 v0x830c34820_0, 0, 256;
    %fork TD_tb_layer4_flit_to_phy_lanes.check_lanes, S_0x102d6cc60;
    %join;
    %pushi/vec4 4294967295, 0, 32;
    %concati/vec4 4294967295, 0, 32;
    %concati/vec4 4294967295, 0, 32;
    %concati/vec4 4294967295, 0, 32;
    %concati/vec4 4294967295, 0, 32;
    %concati/vec4 4294967295, 0, 32;
    %concati/vec4 4294967295, 0, 32;
    %concati/vec4 4294967295, 0, 32;
    %concati/vec4 4294967295, 0, 32;
    %concati/vec4 4294967295, 0, 32;
    %concati/vec4 4294967295, 0, 32;
    %concati/vec4 4294967295, 0, 32;
    %concati/vec4 4294967295, 0, 32;
    %concati/vec4 4294967295, 0, 32;
    %concati/vec4 4294967295, 0, 32;
    %concati/vec4 4294967295, 0, 32;
    %concati/vec4 4294967295, 0, 32;
    %concati/vec4 4294967295, 0, 32;
    %concati/vec4 4294967295, 0, 32;
    %concati/vec4 4294967295, 0, 32;
    %concati/vec4 4294967295, 0, 32;
    %concati/vec4 4294967295, 0, 32;
    %concati/vec4 4294967295, 0, 32;
    %concati/vec4 4294967295, 0, 32;
    %concati/vec4 4294967295, 0, 32;
    %concati/vec4 4294967295, 0, 32;
    %concati/vec4 4294967295, 0, 32;
    %concati/vec4 4294967295, 0, 32;
    %concati/vec4 4294967295, 0, 32;
    %concati/vec4 4294967295, 0, 32;
    %concati/vec4 4294967295, 0, 32;
    %concati/vec4 4294967295, 0, 32;
    %concati/vec4 4294967295, 0, 32;
    %concati/vec4 4294967295, 0, 32;
    %concati/vec4 4294967295, 0, 32;
    %concati/vec4 4294967295, 0, 32;
    %concati/vec4 4294967295, 0, 32;
    %concati/vec4 4294967295, 0, 32;
    %concati/vec4 4294967295, 0, 32;
    %concati/vec4 4294967295, 0, 32;
    %concati/vec4 4294967295, 0, 32;
    %concati/vec4 4294967295, 0, 32;
    %concati/vec4 4294967295, 0, 32;
    %concati/vec4 4294967295, 0, 32;
    %concati/vec4 4294967295, 0, 32;
    %concati/vec4 4294967295, 0, 32;
    %concati/vec4 4294967295, 0, 32;
    %concati/vec4 4294967295, 0, 32;
    %concati/vec4 4294967295, 0, 32;
    %concati/vec4 4294967295, 0, 32;
    %concati/vec4 4294967295, 0, 32;
    %concati/vec4 4294967295, 0, 32;
    %concati/vec4 4294967295, 0, 32;
    %concati/vec4 4294967295, 0, 32;
    %concati/vec4 4294967295, 0, 32;
    %concati/vec4 4294967295, 0, 32;
    %concati/vec4 4294967295, 0, 32;
    %concati/vec4 4294967295, 0, 32;
    %concati/vec4 4294967295, 0, 32;
    %concati/vec4 4294967295, 0, 32;
    %concati/vec4 4294967295, 0, 32;
    %concati/vec4 4294967295, 0, 32;
    %concati/vec4 4294967295, 0, 32;
    %concati/vec4 4294967295, 0, 32;
    %store/vec4 v0x830c35cc0_0, 0, 2048;
    %pushi/vec4 4294967295, 0, 32;
    %store/vec4 v0x830c35c20_0, 0, 32;
    %fork TD_tb_layer4_flit_to_phy_lanes.send_flit, S_0x8310bc180;
    %join;
    %pushi/vec4 4294967295, 0, 32;
    %concati/vec4 4294967295, 0, 32;
    %concati/vec4 4294967295, 0, 32;
    %concati/vec4 4294967295, 0, 32;
    %concati/vec4 4294967295, 0, 32;
    %concati/vec4 4294967295, 0, 32;
    %concati/vec4 4294967295, 0, 32;
    %concati/vec4 4294967295, 0, 32;
    %concati/vec4 4294967295, 0, 32;
    %concati/vec4 4294967295, 0, 32;
    %concati/vec4 4294967295, 0, 32;
    %concati/vec4 4294967295, 0, 32;
    %concati/vec4 4294967295, 0, 32;
    %concati/vec4 4294967295, 0, 32;
    %concati/vec4 4294967295, 0, 32;
    %concati/vec4 4294967295, 0, 32;
    %concati/vec4 4294967295, 0, 32;
    %concati/vec4 4294967295, 0, 32;
    %concati/vec4 4294967295, 0, 32;
    %concati/vec4 4294967295, 0, 32;
    %concati/vec4 4294967295, 0, 32;
    %concati/vec4 4294967295, 0, 32;
    %concati/vec4 4294967295, 0, 32;
    %concati/vec4 4294967295, 0, 32;
    %concati/vec4 4294967295, 0, 32;
    %concati/vec4 4294967295, 0, 32;
    %concati/vec4 4294967295, 0, 32;
    %concati/vec4 4294967295, 0, 32;
    %concati/vec4 4294967295, 0, 32;
    %concati/vec4 4294967295, 0, 32;
    %concati/vec4 4294967295, 0, 32;
    %concati/vec4 4294967295, 0, 32;
    %concati/vec4 4294967295, 0, 32;
    %concati/vec4 4294967295, 0, 32;
    %concati/vec4 4294967295, 0, 32;
    %concati/vec4 4294967295, 0, 32;
    %concati/vec4 4294967295, 0, 32;
    %concati/vec4 4294967295, 0, 32;
    %concati/vec4 4294967295, 0, 32;
    %concati/vec4 4294967295, 0, 32;
    %concati/vec4 4294967295, 0, 32;
    %concati/vec4 4294967295, 0, 32;
    %concati/vec4 4294967295, 0, 32;
    %concati/vec4 4294967295, 0, 32;
    %concati/vec4 4294967295, 0, 32;
    %concati/vec4 4294967295, 0, 32;
    %concati/vec4 4294967295, 0, 32;
    %concati/vec4 4294967295, 0, 32;
    %concati/vec4 4294967295, 0, 32;
    %concati/vec4 4294967295, 0, 32;
    %concati/vec4 4294967295, 0, 32;
    %concati/vec4 4294967295, 0, 32;
    %concati/vec4 4294967295, 0, 32;
    %concati/vec4 4294967295, 0, 32;
    %concati/vec4 4294967295, 0, 32;
    %concati/vec4 4294967295, 0, 32;
    %concati/vec4 4294967295, 0, 32;
    %concati/vec4 4294967295, 0, 32;
    %concati/vec4 4294967295, 0, 32;
    %concati/vec4 4294967295, 0, 32;
    %concati/vec4 4294967295, 0, 32;
    %concati/vec4 4294967295, 0, 32;
    %concati/vec4 4294967295, 0, 32;
    %concati/vec4 4294967295, 0, 32;
    %store/vec4 v0x830c34640_0, 0, 2048;
    %pushi/vec4 4294967295, 0, 32;
    %store/vec4 v0x830c345a0_0, 0, 32;
    %pushi/vec4 0, 0, 32; draw_string_vec4
    %pushi/vec4 0, 0, 32; draw_string_vec4
    %concat/vec4; draw_string_vec4
    %pushi/vec4 0, 0, 32; draw_string_vec4
    %concat/vec4; draw_string_vec4
    %pushi/vec4 0, 0, 32; draw_string_vec4
    %concat/vec4; draw_string_vec4
    %pushi/vec4 0, 0, 32; draw_string_vec4
    %concat/vec4; draw_string_vec4
    %pushi/vec4 0, 0, 32; draw_string_vec4
    %concat/vec4; draw_string_vec4
    %pushi/vec4 6384748, 0, 32; draw_string_vec4
    %concat/vec4; draw_string_vec4
    %pushi/vec4 1601138277, 0, 32; draw_string_vec4
    %concat/vec4; draw_string_vec4
    %store/vec4 v0x830c34820_0, 0, 256;
    %fork TD_tb_layer4_flit_to_phy_lanes.check_lanes, S_0x102d6cc60;
    %join;
    %fork t_3, S_0x102d7cce0;
    %jmp t_2;
    .scope S_0x102d7cce0;
t_3 ;
    %pushi/vec4 0, 0, 32;
    %store/vec4 v0x830c35a40_0, 0, 32;
T_9.0 ;
    %load/vec4 v0x830c35a40_0;
    %pad/s 33;
    %cmpi/s 1040, 0, 33;
    %jmp/0xz T_9.1, 5;
    %load/vec4 v0x830c35a40_0;
    %pushi/vec4 4, 0, 32;
    %mod/s;
    %pad/s 2;
    %load/vec4 v0x830c35a40_0;
    %muli 2, 0, 32;
    %ix/vec4/s 4;
    %store/vec4 v0x830c359a0_0, 4, 2;
    %load/vec4 v0x830c35a40_0;
    %addi 1, 0, 32;
    %store/vec4 v0x830c35a40_0, 0, 32;
    %jmp T_9.0;
T_9.1 ;
    %load/vec4 v0x830c359a0_0;
    %parti/s 32, 2048, 13;
    %store/vec4 v0x830c35860_0, 0, 32;
    %load/vec4 v0x830c359a0_0;
    %parti/s 2048, 0, 2;
    %store/vec4 v0x830c35900_0, 0, 2048;
    %load/vec4 v0x830c35900_0;
    %store/vec4 v0x830c35cc0_0, 0, 2048;
    %load/vec4 v0x830c35860_0;
    %store/vec4 v0x830c35c20_0, 0, 32;
    %fork TD_tb_layer4_flit_to_phy_lanes.send_flit, S_0x8310bc180;
    %join;
    %load/vec4 v0x830c35900_0;
    %store/vec4 v0x830c34640_0, 0, 2048;
    %load/vec4 v0x830c35860_0;
    %store/vec4 v0x830c345a0_0, 0, 32;
    %pushi/vec4 0, 0, 32; draw_string_vec4
    %pushi/vec4 0, 0, 32; draw_string_vec4
    %concat/vec4; draw_string_vec4
    %pushi/vec4 0, 0, 32; draw_string_vec4
    %concat/vec4; draw_string_vec4
    %pushi/vec4 0, 0, 32; draw_string_vec4
    %concat/vec4; draw_string_vec4
    %pushi/vec4 6516597, 0, 32; draw_string_vec4
    %concat/vec4; draw_string_vec4
    %pushi/vec4 1853121906, 0, 32; draw_string_vec4
    %concat/vec4; draw_string_vec4
    %pushi/vec4 1601200500, 0, 32; draw_string_vec4
    %concat/vec4; draw_string_vec4
    %pushi/vec4 1952805486, 0, 32; draw_string_vec4
    %concat/vec4; draw_string_vec4
    %store/vec4 v0x830c34820_0, 0, 256;
    %fork TD_tb_layer4_flit_to_phy_lanes.check_lanes, S_0x102d6cc60;
    %join;
    %end;
    .scope S_0x102d7adb0;
t_2 %join;
    %pushi/vec4 2779096485, 0, 32;
    %concati/vec4 2779096485, 0, 32;
    %concati/vec4 2779096485, 0, 32;
    %concati/vec4 2779096485, 0, 32;
    %concati/vec4 2779096485, 0, 32;
    %concati/vec4 2779096485, 0, 32;
    %concati/vec4 2779096485, 0, 32;
    %concati/vec4 2779096485, 0, 32;
    %concati/vec4 2779096485, 0, 32;
    %concati/vec4 2779096485, 0, 32;
    %concati/vec4 2779096485, 0, 32;
    %concati/vec4 2779096485, 0, 32;
    %concati/vec4 2779096485, 0, 32;
    %concati/vec4 2779096485, 0, 32;
    %concati/vec4 2779096485, 0, 32;
    %concati/vec4 2779096485, 0, 32;
    %concati/vec4 2779096485, 0, 32;
    %concati/vec4 2779096485, 0, 32;
    %concati/vec4 2779096485, 0, 32;
    %concati/vec4 2779096485, 0, 32;
    %concati/vec4 2779096485, 0, 32;
    %concati/vec4 2779096485, 0, 32;
    %concati/vec4 2779096485, 0, 32;
    %concati/vec4 2779096485, 0, 32;
    %concati/vec4 2779096485, 0, 32;
    %concati/vec4 2779096485, 0, 32;
    %concati/vec4 2779096485, 0, 32;
    %concati/vec4 2779096485, 0, 32;
    %concati/vec4 2779096485, 0, 32;
    %concati/vec4 2779096485, 0, 32;
    %concati/vec4 2779096485, 0, 32;
    %concati/vec4 2779096485, 0, 32;
    %concati/vec4 2779096485, 0, 32;
    %concati/vec4 2779096485, 0, 32;
    %concati/vec4 2779096485, 0, 32;
    %concati/vec4 2779096485, 0, 32;
    %concati/vec4 2779096485, 0, 32;
    %concati/vec4 2779096485, 0, 32;
    %concati/vec4 2779096485, 0, 32;
    %concati/vec4 2779096485, 0, 32;
    %concati/vec4 2779096485, 0, 32;
    %concati/vec4 2779096485, 0, 32;
    %concati/vec4 2779096485, 0, 32;
    %concati/vec4 2779096485, 0, 32;
    %concati/vec4 2779096485, 0, 32;
    %concati/vec4 2779096485, 0, 32;
    %concati/vec4 2779096485, 0, 32;
    %concati/vec4 2779096485, 0, 32;
    %concati/vec4 2779096485, 0, 32;
    %concati/vec4 2779096485, 0, 32;
    %concati/vec4 2779096485, 0, 32;
    %concati/vec4 2779096485, 0, 32;
    %concati/vec4 2779096485, 0, 32;
    %concati/vec4 2779096485, 0, 32;
    %concati/vec4 2779096485, 0, 32;
    %concati/vec4 2779096485, 0, 32;
    %concati/vec4 2779096485, 0, 32;
    %concati/vec4 2779096485, 0, 32;
    %concati/vec4 2779096485, 0, 32;
    %concati/vec4 2779096485, 0, 32;
    %concati/vec4 2779096485, 0, 32;
    %concati/vec4 2779096485, 0, 32;
    %concati/vec4 2779096485, 0, 32;
    %concati/vec4 2779096485, 0, 32;
    %store/vec4 v0x830c35cc0_0, 0, 2048;
    %pushi/vec4 1515870810, 0, 32;
    %store/vec4 v0x830c35c20_0, 0, 32;
    %fork TD_tb_layer4_flit_to_phy_lanes.send_flit, S_0x8310bc180;
    %join;
    %pushi/vec4 2779096485, 0, 32;
    %concati/vec4 2779096485, 0, 32;
    %concati/vec4 2779096485, 0, 32;
    %concati/vec4 2779096485, 0, 32;
    %concati/vec4 2779096485, 0, 32;
    %concati/vec4 2779096485, 0, 32;
    %concati/vec4 2779096485, 0, 32;
    %concati/vec4 2779096485, 0, 32;
    %concati/vec4 2779096485, 0, 32;
    %concati/vec4 2779096485, 0, 32;
    %concati/vec4 2779096485, 0, 32;
    %concati/vec4 2779096485, 0, 32;
    %concati/vec4 2779096485, 0, 32;
    %concati/vec4 2779096485, 0, 32;
    %concati/vec4 2779096485, 0, 32;
    %concati/vec4 2779096485, 0, 32;
    %concati/vec4 2779096485, 0, 32;
    %concati/vec4 2779096485, 0, 32;
    %concati/vec4 2779096485, 0, 32;
    %concati/vec4 2779096485, 0, 32;
    %concati/vec4 2779096485, 0, 32;
    %concati/vec4 2779096485, 0, 32;
    %concati/vec4 2779096485, 0, 32;
    %concati/vec4 2779096485, 0, 32;
    %concati/vec4 2779096485, 0, 32;
    %concati/vec4 2779096485, 0, 32;
    %concati/vec4 2779096485, 0, 32;
    %concati/vec4 2779096485, 0, 32;
    %concati/vec4 2779096485, 0, 32;
    %concati/vec4 2779096485, 0, 32;
    %concati/vec4 2779096485, 0, 32;
    %concati/vec4 2779096485, 0, 32;
    %concati/vec4 2779096485, 0, 32;
    %concati/vec4 2779096485, 0, 32;
    %concati/vec4 2779096485, 0, 32;
    %concati/vec4 2779096485, 0, 32;
    %concati/vec4 2779096485, 0, 32;
    %concati/vec4 2779096485, 0, 32;
    %concati/vec4 2779096485, 0, 32;
    %concati/vec4 2779096485, 0, 32;
    %concati/vec4 2779096485, 0, 32;
    %concati/vec4 2779096485, 0, 32;
    %concati/vec4 2779096485, 0, 32;
    %concati/vec4 2779096485, 0, 32;
    %concati/vec4 2779096485, 0, 32;
    %concati/vec4 2779096485, 0, 32;
    %concati/vec4 2779096485, 0, 32;
    %concati/vec4 2779096485, 0, 32;
    %concati/vec4 2779096485, 0, 32;
    %concati/vec4 2779096485, 0, 32;
    %concati/vec4 2779096485, 0, 32;
    %concati/vec4 2779096485, 0, 32;
    %concati/vec4 2779096485, 0, 32;
    %concati/vec4 2779096485, 0, 32;
    %concati/vec4 2779096485, 0, 32;
    %concati/vec4 2779096485, 0, 32;
    %concati/vec4 2779096485, 0, 32;
    %concati/vec4 2779096485, 0, 32;
    %concati/vec4 2779096485, 0, 32;
    %concati/vec4 2779096485, 0, 32;
    %concati/vec4 2779096485, 0, 32;
    %concati/vec4 2779096485, 0, 32;
    %concati/vec4 2779096485, 0, 32;
    %concati/vec4 2779096485, 0, 32;
    %store/vec4 v0x830c34640_0, 0, 2048;
    %pushi/vec4 1515870810, 0, 32;
    %store/vec4 v0x830c345a0_0, 0, 32;
    %pushi/vec4 0, 0, 32; draw_string_vec4
    %pushi/vec4 0, 0, 32; draw_string_vec4
    %concat/vec4; draw_string_vec4
    %pushi/vec4 0, 0, 32; draw_string_vec4
    %concat/vec4; draw_string_vec4
    %pushi/vec4 6384756, 0, 32; draw_string_vec4
    %concat/vec4; draw_string_vec4
    %pushi/vec4 1701998177, 0, 32; draw_string_vec4
    %concat/vec4; draw_string_vec4
    %pushi/vec4 1953066599, 0, 32; draw_string_vec4
    %concat/vec4; draw_string_vec4
    %pushi/vec4 1601200500, 0, 32; draw_string_vec4
    %concat/vec4; draw_string_vec4
    %pushi/vec4 1952805486, 0, 32; draw_string_vec4
    %concat/vec4; draw_string_vec4
    %store/vec4 v0x830c34820_0, 0, 256;
    %fork TD_tb_layer4_flit_to_phy_lanes.check_lanes, S_0x102d6cc60;
    %join;
    %pushi/vec4 0, 0, 2048;
    %store/vec4 v0x830c35cc0_0, 0, 2048;
    %pushi/vec4 3735928559, 0, 32;
    %store/vec4 v0x830c35c20_0, 0, 32;
    %fork TD_tb_layer4_flit_to_phy_lanes.send_flit, S_0x8310bc180;
    %join;
    %pushi/vec4 0, 0, 2048;
    %store/vec4 v0x830c34640_0, 0, 2048;
    %pushi/vec4 3735928559, 0, 32;
    %store/vec4 v0x830c345a0_0, 0, 32;
    %pushi/vec4 0, 0, 32; draw_string_vec4
    %pushi/vec4 0, 0, 32; draw_string_vec4
    %concat/vec4; draw_string_vec4
    %pushi/vec4 0, 0, 32; draw_string_vec4
    %concat/vec4; draw_string_vec4
    %pushi/vec4 0, 0, 32; draw_string_vec4
    %concat/vec4; draw_string_vec4
    %pushi/vec4 25185, 0, 32; draw_string_vec4
    %concat/vec4; draw_string_vec4
    %pushi/vec4 1667981172, 0, 32; draw_string_vec4
    %concat/vec4; draw_string_vec4
    %pushi/vec4 1868522081, 0, 32; draw_string_vec4
    %concat/vec4; draw_string_vec4
    %pushi/vec4 1667981105, 0, 32; draw_string_vec4
    %concat/vec4; draw_string_vec4
    %store/vec4 v0x830c34820_0, 0, 256;
    %fork TD_tb_layer4_flit_to_phy_lanes.check_lanes, S_0x102d6cc60;
    %join;
    %pushi/vec4 4294967295, 0, 32;
    %concati/vec4 4294967295, 0, 32;
    %concati/vec4 4294967295, 0, 32;
    %concati/vec4 4294967295, 0, 32;
    %concati/vec4 4294967295, 0, 32;
    %concati/vec4 4294967295, 0, 32;
    %concati/vec4 4294967295, 0, 32;
    %concati/vec4 4294967295, 0, 32;
    %concati/vec4 4294967295, 0, 32;
    %concati/vec4 4294967295, 0, 32;
    %concati/vec4 4294967295, 0, 32;
    %concati/vec4 4294967295, 0, 32;
    %concati/vec4 4294967295, 0, 32;
    %concati/vec4 4294967295, 0, 32;
    %concati/vec4 4294967295, 0, 32;
    %concati/vec4 4294967295, 0, 32;
    %concati/vec4 4294967295, 0, 32;
    %concati/vec4 4294967295, 0, 32;
    %concati/vec4 4294967295, 0, 32;
    %concati/vec4 4294967295, 0, 32;
    %concati/vec4 4294967295, 0, 32;
    %concati/vec4 4294967295, 0, 32;
    %concati/vec4 4294967295, 0, 32;
    %concati/vec4 4294967295, 0, 32;
    %concati/vec4 4294967295, 0, 32;
    %concati/vec4 4294967295, 0, 32;
    %concati/vec4 4294967295, 0, 32;
    %concati/vec4 4294967295, 0, 32;
    %concati/vec4 4294967295, 0, 32;
    %concati/vec4 4294967295, 0, 32;
    %concati/vec4 4294967295, 0, 32;
    %concati/vec4 4294967295, 0, 32;
    %concati/vec4 4294967295, 0, 32;
    %concati/vec4 4294967295, 0, 32;
    %concati/vec4 4294967295, 0, 32;
    %concati/vec4 4294967295, 0, 32;
    %concati/vec4 4294967295, 0, 32;
    %concati/vec4 4294967295, 0, 32;
    %concati/vec4 4294967295, 0, 32;
    %concati/vec4 4294967295, 0, 32;
    %concati/vec4 4294967295, 0, 32;
    %concati/vec4 4294967295, 0, 32;
    %concati/vec4 4294967295, 0, 32;
    %concati/vec4 4294967295, 0, 32;
    %concati/vec4 4294967295, 0, 32;
    %concati/vec4 4294967295, 0, 32;
    %concati/vec4 4294967295, 0, 32;
    %concati/vec4 4294967295, 0, 32;
    %concati/vec4 4294967295, 0, 32;
    %concati/vec4 4294967295, 0, 32;
    %concati/vec4 4294967295, 0, 32;
    %concati/vec4 4294967295, 0, 32;
    %concati/vec4 4294967295, 0, 32;
    %concati/vec4 4294967295, 0, 32;
    %concati/vec4 4294967295, 0, 32;
    %concati/vec4 4294967295, 0, 32;
    %concati/vec4 4294967295, 0, 32;
    %concati/vec4 4294967295, 0, 32;
    %concati/vec4 4294967295, 0, 32;
    %concati/vec4 4294967295, 0, 32;
    %concati/vec4 4294967295, 0, 32;
    %concati/vec4 4294967295, 0, 32;
    %concati/vec4 4294967295, 0, 32;
    %concati/vec4 4294967295, 0, 32;
    %store/vec4 v0x830c35cc0_0, 0, 2048;
    %pushi/vec4 3405705229, 0, 32;
    %store/vec4 v0x830c35c20_0, 0, 32;
    %fork TD_tb_layer4_flit_to_phy_lanes.send_flit, S_0x8310bc180;
    %join;
    %pushi/vec4 4294967295, 0, 32;
    %concati/vec4 4294967295, 0, 32;
    %concati/vec4 4294967295, 0, 32;
    %concati/vec4 4294967295, 0, 32;
    %concati/vec4 4294967295, 0, 32;
    %concati/vec4 4294967295, 0, 32;
    %concati/vec4 4294967295, 0, 32;
    %concati/vec4 4294967295, 0, 32;
    %concati/vec4 4294967295, 0, 32;
    %concati/vec4 4294967295, 0, 32;
    %concati/vec4 4294967295, 0, 32;
    %concati/vec4 4294967295, 0, 32;
    %concati/vec4 4294967295, 0, 32;
    %concati/vec4 4294967295, 0, 32;
    %concati/vec4 4294967295, 0, 32;
    %concati/vec4 4294967295, 0, 32;
    %concati/vec4 4294967295, 0, 32;
    %concati/vec4 4294967295, 0, 32;
    %concati/vec4 4294967295, 0, 32;
    %concati/vec4 4294967295, 0, 32;
    %concati/vec4 4294967295, 0, 32;
    %concati/vec4 4294967295, 0, 32;
    %concati/vec4 4294967295, 0, 32;
    %concati/vec4 4294967295, 0, 32;
    %concati/vec4 4294967295, 0, 32;
    %concati/vec4 4294967295, 0, 32;
    %concati/vec4 4294967295, 0, 32;
    %concati/vec4 4294967295, 0, 32;
    %concati/vec4 4294967295, 0, 32;
    %concati/vec4 4294967295, 0, 32;
    %concati/vec4 4294967295, 0, 32;
    %concati/vec4 4294967295, 0, 32;
    %concati/vec4 4294967295, 0, 32;
    %concati/vec4 4294967295, 0, 32;
    %concati/vec4 4294967295, 0, 32;
    %concati/vec4 4294967295, 0, 32;
    %concati/vec4 4294967295, 0, 32;
    %concati/vec4 4294967295, 0, 32;
    %concati/vec4 4294967295, 0, 32;
    %concati/vec4 4294967295, 0, 32;
    %concati/vec4 4294967295, 0, 32;
    %concati/vec4 4294967295, 0, 32;
    %concati/vec4 4294967295, 0, 32;
    %concati/vec4 4294967295, 0, 32;
    %concati/vec4 4294967295, 0, 32;
    %concati/vec4 4294967295, 0, 32;
    %concati/vec4 4294967295, 0, 32;
    %concati/vec4 4294967295, 0, 32;
    %concati/vec4 4294967295, 0, 32;
    %concati/vec4 4294967295, 0, 32;
    %concati/vec4 4294967295, 0, 32;
    %concati/vec4 4294967295, 0, 32;
    %concati/vec4 4294967295, 0, 32;
    %concati/vec4 4294967295, 0, 32;
    %concati/vec4 4294967295, 0, 32;
    %concati/vec4 4294967295, 0, 32;
    %concati/vec4 4294967295, 0, 32;
    %concati/vec4 4294967295, 0, 32;
    %concati/vec4 4294967295, 0, 32;
    %concati/vec4 4294967295, 0, 32;
    %concati/vec4 4294967295, 0, 32;
    %concati/vec4 4294967295, 0, 32;
    %concati/vec4 4294967295, 0, 32;
    %concati/vec4 4294967295, 0, 32;
    %store/vec4 v0x830c34640_0, 0, 2048;
    %pushi/vec4 3405705229, 0, 32;
    %store/vec4 v0x830c345a0_0, 0, 32;
    %pushi/vec4 0, 0, 32; draw_string_vec4
    %pushi/vec4 0, 0, 32; draw_string_vec4
    %concat/vec4; draw_string_vec4
    %pushi/vec4 0, 0, 32; draw_string_vec4
    %concat/vec4; draw_string_vec4
    %pushi/vec4 0, 0, 32; draw_string_vec4
    %concat/vec4; draw_string_vec4
    %pushi/vec4 25185, 0, 32; draw_string_vec4
    %concat/vec4; draw_string_vec4
    %pushi/vec4 1667981172, 0, 32; draw_string_vec4
    %concat/vec4; draw_string_vec4
    %pushi/vec4 1868522081, 0, 32; draw_string_vec4
    %concat/vec4; draw_string_vec4
    %pushi/vec4 1667981106, 0, 32; draw_string_vec4
    %concat/vec4; draw_string_vec4
    %store/vec4 v0x830c34820_0, 0, 256;
    %fork TD_tb_layer4_flit_to_phy_lanes.check_lanes, S_0x102d6cc60;
    %join;
    %fork t_5, S_0x102d6cae0;
    %jmp t_4;
    .scope S_0x102d6cae0;
t_5 ;
    %pushi/vec4 2596069113, 0, 35;
    %concati/vec4 3789677025, 0, 32;
    %concati/vec4 3789677025, 0, 32;
    %concati/vec4 3789677025, 0, 32;
    %concati/vec4 3789677025, 0, 32;
    %concati/vec4 3789677025, 0, 32;
    %concati/vec4 3789677025, 0, 32;
    %concati/vec4 3789677025, 0, 32;
    %concati/vec4 3789677025, 0, 32;
    %concati/vec4 3789677025, 0, 32;
    %concati/vec4 3789677025, 0, 32;
    %concati/vec4 3789677025, 0, 32;
    %concati/vec4 3789677025, 0, 32;
    %concati/vec4 3789677025, 0, 32;
    %concati/vec4 3789677025, 0, 32;
    %concati/vec4 3789677025, 0, 32;
    %concati/vec4 3789677025, 0, 32;
    %concati/vec4 3789677025, 0, 32;
    %concati/vec4 3789677025, 0, 32;
    %concati/vec4 3789677025, 0, 32;
    %concati/vec4 3789677025, 0, 32;
    %concati/vec4 3789677025, 0, 32;
    %concati/vec4 3789677025, 0, 32;
    %concati/vec4 3789677025, 0, 32;
    %concati/vec4 3789677025, 0, 32;
    %concati/vec4 3789677025, 0, 32;
    %concati/vec4 3789677025, 0, 32;
    %concati/vec4 3789677025, 0, 32;
    %concati/vec4 3789677025, 0, 32;
    %concati/vec4 3789677025, 0, 32;
    %concati/vec4 3789677025, 0, 32;
    %concati/vec4 3789677025, 0, 32;
    %concati/vec4 3789677025, 0, 32;
    %concati/vec4 3789677025, 0, 32;
    %concati/vec4 3789677025, 0, 32;
    %concati/vec4 3789677025, 0, 32;
    %concati/vec4 3789677025, 0, 32;
    %concati/vec4 3789677025, 0, 32;
    %concati/vec4 3789677025, 0, 32;
    %concati/vec4 3789677025, 0, 32;
    %concati/vec4 3789677025, 0, 32;
    %concati/vec4 3789677025, 0, 32;
    %concati/vec4 3789677025, 0, 32;
    %concati/vec4 3789677025, 0, 32;
    %concati/vec4 3789677025, 0, 32;
    %concati/vec4 3789677025, 0, 32;
    %concati/vec4 3789677025, 0, 32;
    %concati/vec4 3789677025, 0, 32;
    %concati/vec4 3789677025, 0, 32;
    %concati/vec4 3789677025, 0, 32;
    %concati/vec4 3789677025, 0, 32;
    %concati/vec4 3789677025, 0, 32;
    %concati/vec4 3789677025, 0, 32;
    %concati/vec4 3789677025, 0, 32;
    %concati/vec4 3789677025, 0, 32;
    %concati/vec4 3789677025, 0, 32;
    %concati/vec4 3789677025, 0, 32;
    %concati/vec4 3789677025, 0, 32;
    %concati/vec4 3789677025, 0, 32;
    %concati/vec4 3789677025, 0, 32;
    %concati/vec4 3789677025, 0, 32;
    %concati/vec4 3789677025, 0, 32;
    %concati/vec4 3789677025, 0, 32;
    %concati/vec4 3789677025, 0, 32;
    %concati/vec4 473709628, 0, 29;
    %store/vec4 v0x830c34000_0, 0, 2080;
    %pushi/vec4 0, 0, 32;
    %store/vec4 v0x830c34460_0, 0, 32;
T_9.2 ;
    %load/vec4 v0x830c34460_0;
    %pad/s 33;
    %cmpi/s 1040, 0, 33;
    %jmp/0xz T_9.3, 5;
    %load/vec4 v0x830c34460_0;
    %pushi/vec4 4, 0, 32;
    %mod/s;
    %store/vec4 v0x830c341e0_0, 0, 32;
    %load/vec4 v0x830c34460_0;
    %pushi/vec4 4, 0, 32;
    %div/s;
    %store/vec4 v0x830c34280_0, 0, 32;
    %load/vec4 v0x830c34000_0;
    %load/vec4 v0x830c34460_0;
    %muli 2, 0, 32;
    %part/s 2;
    %store/vec4 v0x830c343c0_0, 0, 2;
    %load/vec4 v0x830c343c0_0;
    %store/vec4 v0x830c35b80_0, 0, 2;
    %callf/vec4 TD_tb_layer4_flit_to_phy_lanes.gray_ref, S_0x102d7ce60;
    %store/vec4 v0x830c34140_0, 0, 2;
    %load/vec4 v0x830c34140_0;
    %ix/getv/s 4, v0x830c341e0_0;
    %flag_mov 8, 4;
    %load/vec4 v0x830c34280_0;
    %muli 2, 0, 32;
    %ix/vec4/s 5;
    %flag_or 4, 8;
    %store/vec4a v0x830c340a0, 4, 5;
    %load/vec4 v0x830c34460_0;
    %addi 1, 0, 32;
    %store/vec4 v0x830c34460_0, 0, 32;
    %jmp T_9.2;
T_9.3 ;
    %pushi/vec4 0, 0, 1;
    %store/vec4 v0x830c36120_0, 0, 1;
    %wait E_0x830c03ac0;
    %pushi/vec4 4042322160, 0, 34;
    %concati/vec4 4042322160, 0, 32;
    %concati/vec4 4042322160, 0, 32;
    %concati/vec4 4042322160, 0, 32;
    %concati/vec4 4042322160, 0, 32;
    %concati/vec4 4042322160, 0, 32;
    %concati/vec4 4042322160, 0, 32;
    %concati/vec4 4042322160, 0, 32;
    %concati/vec4 4042322160, 0, 32;
    %concati/vec4 4042322160, 0, 32;
    %concati/vec4 4042322160, 0, 32;
    %concati/vec4 4042322160, 0, 32;
    %concati/vec4 4042322160, 0, 32;
    %concati/vec4 4042322160, 0, 32;
    %concati/vec4 4042322160, 0, 32;
    %concati/vec4 4042322160, 0, 32;
    %concati/vec4 4042322160, 0, 32;
    %concati/vec4 4042322160, 0, 32;
    %concati/vec4 4042322160, 0, 32;
    %concati/vec4 4042322160, 0, 32;
    %concati/vec4 4042322160, 0, 32;
    %concati/vec4 4042322160, 0, 32;
    %concati/vec4 4042322160, 0, 32;
    %concati/vec4 4042322160, 0, 32;
    %concati/vec4 4042322160, 0, 32;
    %concati/vec4 4042322160, 0, 32;
    %concati/vec4 4042322160, 0, 32;
    %concati/vec4 4042322160, 0, 32;
    %concati/vec4 4042322160, 0, 32;
    %concati/vec4 4042322160, 0, 32;
    %concati/vec4 4042322160, 0, 32;
    %concati/vec4 4042322160, 0, 32;
    %concati/vec4 4042322160, 0, 32;
    %concati/vec4 4042322160, 0, 32;
    %concati/vec4 4042322160, 0, 32;
    %concati/vec4 4042322160, 0, 32;
    %concati/vec4 4042322160, 0, 32;
    %concati/vec4 4042322160, 0, 32;
    %concati/vec4 4042322160, 0, 32;
    %concati/vec4 4042322160, 0, 32;
    %concati/vec4 4042322160, 0, 32;
    %concati/vec4 4042322160, 0, 32;
    %concati/vec4 4042322160, 0, 32;
    %concati/vec4 4042322160, 0, 32;
    %concati/vec4 4042322160, 0, 32;
    %concati/vec4 4042322160, 0, 32;
    %concati/vec4 4042322160, 0, 32;
    %concati/vec4 4042322160, 0, 32;
    %concati/vec4 4042322160, 0, 32;
    %concati/vec4 4042322160, 0, 32;
    %concati/vec4 4042322160, 0, 32;
    %concati/vec4 4042322160, 0, 32;
    %concati/vec4 4042322160, 0, 32;
    %concati/vec4 4042322160, 0, 32;
    %concati/vec4 4042322160, 0, 32;
    %concati/vec4 4042322160, 0, 32;
    %concati/vec4 4042322160, 0, 32;
    %concati/vec4 4042322160, 0, 32;
    %concati/vec4 4042322160, 0, 32;
    %concati/vec4 4042322160, 0, 32;
    %concati/vec4 4042322160, 0, 32;
    %concati/vec4 4042322160, 0, 32;
    %concati/vec4 4042322160, 0, 32;
    %concati/vec4 1010580540, 0, 30;
    %store/vec4 v0x830c36440_0, 0, 2048;
    %pushi/vec4 324508639, 0, 32;
    %store/vec4 v0x830c363a0_0, 0, 32;
    %pushi/vec4 1, 0, 1;
    %store/vec4 v0x830c36580_0, 0, 1;
    %wait E_0x830c03b00;
T_9.4 ;
    %load/vec4 v0x830c364e0_0;
    %cmpi/ne 1, 0, 1;
    %jmp/0xz T_9.5, 6;
    %wait E_0x830c03b00;
    %jmp T_9.4;
T_9.5 ;
    %wait E_0x830c03ac0;
    %pushi/vec4 0, 0, 1;
    %store/vec4 v0x830c36580_0, 0, 1;
    %wait E_0x830c03b00;
T_9.6 ;
    %load/vec4 v0x830c361c0_0;
    %nor/r;
    %flag_set/vec4 8;
    %jmp/0xz T_9.7, 8;
    %wait E_0x830c03b00;
    %jmp T_9.6;
T_9.7 ;
    %pushi/vec4 0, 0, 32;
    %store/vec4 v0x830c34320_0, 0, 32;
T_9.8 ;
    %load/vec4 v0x830c34320_0;
    %cmpi/s 5, 0, 32;
    %jmp/0xz T_9.9, 5;
    %wait E_0x830c03ac0;
    %load/vec4 v0x830c361c0_0;
    %cmpi/e 1, 0, 1;
    %flag_get/vec4 6;
    %jmp/0 T_9.15, 6;
    %load/vec4 v0x830c35ea0_0;
    %ix/load 4, 0, 0;
    %flag_set/imm 4, 0;
    %load/vec4a v0x830c340a0, 4;
    %cmp/e;
    %flag_get/vec4 6;
    %and;
T_9.15;
    %flag_set/vec4 11;
    %flag_get/vec4 11;
    %jmp/0 T_9.14, 11;
    %load/vec4 v0x830c35f40_0;
    %ix/load 4, 1, 0;
    %flag_set/imm 4, 0;
    %load/vec4a v0x830c340a0, 4;
    %cmp/e;
    %flag_get/vec4 6;
    %and;
T_9.14;
    %flag_set/vec4 10;
    %flag_get/vec4 10;
    %jmp/0 T_9.13, 10;
    %load/vec4 v0x830c35fe0_0;
    %ix/load 4, 2, 0;
    %flag_set/imm 4, 0;
    %load/vec4a v0x830c340a0, 4;
    %cmp/e;
    %flag_get/vec4 6;
    %and;
T_9.13;
    %flag_set/vec4 9;
    %flag_get/vec4 9;
    %jmp/0 T_9.12, 9;
    %load/vec4 v0x830c36080_0;
    %ix/load 4, 3, 0;
    %flag_set/imm 4, 0;
    %load/vec4a v0x830c340a0, 4;
    %cmp/e;
    %flag_get/vec4 6;
    %and;
T_9.12;
    %flag_set/vec4 8;
    %jmp/0xz  T_9.10, 8;
    %load/vec4 v0x830c36260_0;
    %addi 1, 0, 32;
    %store/vec4 v0x830c36260_0, 0, 32;
    %jmp T_9.11;
T_9.10 ;
    %load/vec4 v0x830c35e00_0;
    %addi 1, 0, 32;
    %store/vec4 v0x830c35e00_0, 0, 32;
    %vpi_call/w 3 198 "$display", "FAIL [backpressure]: lane outputs did not hold stable while stalled" {0 0 0};
T_9.11 ;
    %load/vec4 v0x830c364e0_0;
    %cmpi/e 0, 0, 1;
    %jmp/0xz  T_9.16, 6;
    %load/vec4 v0x830c36260_0;
    %addi 1, 0, 32;
    %store/vec4 v0x830c36260_0, 0, 32;
    %jmp T_9.17;
T_9.16 ;
    %load/vec4 v0x830c35e00_0;
    %addi 1, 0, 32;
    %store/vec4 v0x830c35e00_0, 0, 32;
    %vpi_call/w 3 201 "$display", "FAIL [backpressure]: s_flit_ready should stay low while stalled" {0 0 0};
T_9.17 ;
    %load/vec4 v0x830c34320_0;
    %addi 1, 0, 32;
    %store/vec4 v0x830c34320_0, 0, 32;
    %jmp T_9.8;
T_9.9 ;
    %wait E_0x830c03ac0;
    %pushi/vec4 1, 0, 1;
    %store/vec4 v0x830c36120_0, 0, 1;
    %pushi/vec4 4042322160, 0, 34;
    %concati/vec4 4042322160, 0, 32;
    %concati/vec4 4042322160, 0, 32;
    %concati/vec4 4042322160, 0, 32;
    %concati/vec4 4042322160, 0, 32;
    %concati/vec4 4042322160, 0, 32;
    %concati/vec4 4042322160, 0, 32;
    %concati/vec4 4042322160, 0, 32;
    %concati/vec4 4042322160, 0, 32;
    %concati/vec4 4042322160, 0, 32;
    %concati/vec4 4042322160, 0, 32;
    %concati/vec4 4042322160, 0, 32;
    %concati/vec4 4042322160, 0, 32;
    %concati/vec4 4042322160, 0, 32;
    %concati/vec4 4042322160, 0, 32;
    %concati/vec4 4042322160, 0, 32;
    %concati/vec4 4042322160, 0, 32;
    %concati/vec4 4042322160, 0, 32;
    %concati/vec4 4042322160, 0, 32;
    %concati/vec4 4042322160, 0, 32;
    %concati/vec4 4042322160, 0, 32;
    %concati/vec4 4042322160, 0, 32;
    %concati/vec4 4042322160, 0, 32;
    %concati/vec4 4042322160, 0, 32;
    %concati/vec4 4042322160, 0, 32;
    %concati/vec4 4042322160, 0, 32;
    %concati/vec4 4042322160, 0, 32;
    %concati/vec4 4042322160, 0, 32;
    %concati/vec4 4042322160, 0, 32;
    %concati/vec4 4042322160, 0, 32;
    %concati/vec4 4042322160, 0, 32;
    %concati/vec4 4042322160, 0, 32;
    %concati/vec4 4042322160, 0, 32;
    %concati/vec4 4042322160, 0, 32;
    %concati/vec4 4042322160, 0, 32;
    %concati/vec4 4042322160, 0, 32;
    %concati/vec4 4042322160, 0, 32;
    %concati/vec4 4042322160, 0, 32;
    %concati/vec4 4042322160, 0, 32;
    %concati/vec4 4042322160, 0, 32;
    %concati/vec4 4042322160, 0, 32;
    %concati/vec4 4042322160, 0, 32;
    %concati/vec4 4042322160, 0, 32;
    %concati/vec4 4042322160, 0, 32;
    %concati/vec4 4042322160, 0, 32;
    %concati/vec4 4042322160, 0, 32;
    %concati/vec4 4042322160, 0, 32;
    %concati/vec4 4042322160, 0, 32;
    %concati/vec4 4042322160, 0, 32;
    %concati/vec4 4042322160, 0, 32;
    %concati/vec4 4042322160, 0, 32;
    %concati/vec4 4042322160, 0, 32;
    %concati/vec4 4042322160, 0, 32;
    %concati/vec4 4042322160, 0, 32;
    %concati/vec4 4042322160, 0, 32;
    %concati/vec4 4042322160, 0, 32;
    %concati/vec4 4042322160, 0, 32;
    %concati/vec4 4042322160, 0, 32;
    %concati/vec4 4042322160, 0, 32;
    %concati/vec4 4042322160, 0, 32;
    %concati/vec4 4042322160, 0, 32;
    %concati/vec4 4042322160, 0, 32;
    %concati/vec4 4042322160, 0, 32;
    %concati/vec4 1010580540, 0, 30;
    %store/vec4 v0x830c34640_0, 0, 2048;
    %pushi/vec4 324508639, 0, 32;
    %store/vec4 v0x830c345a0_0, 0, 32;
    %pushi/vec4 0, 0, 32; draw_string_vec4
    %pushi/vec4 0, 0, 32; draw_string_vec4
    %concat/vec4; draw_string_vec4
    %pushi/vec4 0, 0, 32; draw_string_vec4
    %concat/vec4; draw_string_vec4
    %pushi/vec4 1650549611, 0, 32; draw_string_vec4
    %concat/vec4; draw_string_vec4
    %pushi/vec4 1886545267, 0, 32; draw_string_vec4
    %concat/vec4; draw_string_vec4
    %pushi/vec4 1937076837, 0, 32; draw_string_vec4
    %concat/vec4; draw_string_vec4
    %pushi/vec4 1601332588, 0, 32; draw_string_vec4
    %concat/vec4; draw_string_vec4
    %pushi/vec4 1700885349, 0, 32; draw_string_vec4
    %concat/vec4; draw_string_vec4
    %store/vec4 v0x830c34820_0, 0, 256;
    %fork TD_tb_layer4_flit_to_phy_lanes.check_lanes, S_0x102d6cc60;
    %join;
    %end;
    .scope S_0x102d7adb0;
t_4 %join;
    %wait E_0x830c03ac0;
    %pushi/vec4 4294967295, 0, 32;
    %concati/vec4 4294967295, 0, 32;
    %concati/vec4 4294967295, 0, 32;
    %concati/vec4 4294967295, 0, 32;
    %concati/vec4 4294967295, 0, 32;
    %concati/vec4 4294967295, 0, 32;
    %concati/vec4 4294967295, 0, 32;
    %concati/vec4 4294967295, 0, 32;
    %concati/vec4 4294967295, 0, 32;
    %concati/vec4 4294967295, 0, 32;
    %concati/vec4 4294967295, 0, 32;
    %concati/vec4 4294967295, 0, 32;
    %concati/vec4 4294967295, 0, 32;
    %concati/vec4 4294967295, 0, 32;
    %concati/vec4 4294967295, 0, 32;
    %concati/vec4 4294967295, 0, 32;
    %concati/vec4 4294967295, 0, 32;
    %concati/vec4 4294967295, 0, 32;
    %concati/vec4 4294967295, 0, 32;
    %concati/vec4 4294967295, 0, 32;
    %concati/vec4 4294967295, 0, 32;
    %concati/vec4 4294967295, 0, 32;
    %concati/vec4 4294967295, 0, 32;
    %concati/vec4 4294967295, 0, 32;
    %concati/vec4 4294967295, 0, 32;
    %concati/vec4 4294967295, 0, 32;
    %concati/vec4 4294967295, 0, 32;
    %concati/vec4 4294967295, 0, 32;
    %concati/vec4 4294967295, 0, 32;
    %concati/vec4 4294967295, 0, 32;
    %concati/vec4 4294967295, 0, 32;
    %concati/vec4 4294967295, 0, 32;
    %concati/vec4 4294967295, 0, 32;
    %concati/vec4 4294967295, 0, 32;
    %concati/vec4 4294967295, 0, 32;
    %concati/vec4 4294967295, 0, 32;
    %concati/vec4 4294967295, 0, 32;
    %concati/vec4 4294967295, 0, 32;
    %concati/vec4 4294967295, 0, 32;
    %concati/vec4 4294967295, 0, 32;
    %concati/vec4 4294967295, 0, 32;
    %concati/vec4 4294967295, 0, 32;
    %concati/vec4 4294967295, 0, 32;
    %concati/vec4 4294967295, 0, 32;
    %concati/vec4 4294967295, 0, 32;
    %concati/vec4 4294967295, 0, 32;
    %concati/vec4 4294967295, 0, 32;
    %concati/vec4 4294967295, 0, 32;
    %concati/vec4 4294967295, 0, 32;
    %concati/vec4 4294967295, 0, 32;
    %concati/vec4 4294967295, 0, 32;
    %concati/vec4 4294967295, 0, 32;
    %concati/vec4 4294967295, 0, 32;
    %concati/vec4 4294967295, 0, 32;
    %concati/vec4 4294967295, 0, 32;
    %concati/vec4 4294967295, 0, 32;
    %concati/vec4 4294967295, 0, 32;
    %concati/vec4 4294967295, 0, 32;
    %concati/vec4 4294967295, 0, 32;
    %concati/vec4 4294967295, 0, 32;
    %concati/vec4 4294967295, 0, 32;
    %concati/vec4 4294967295, 0, 32;
    %concati/vec4 4294967295, 0, 32;
    %concati/vec4 4294967295, 0, 32;
    %store/vec4 v0x830c36440_0, 0, 2048;
    %pushi/vec4 4294967295, 0, 32;
    %store/vec4 v0x830c363a0_0, 0, 32;
    %pushi/vec4 1, 0, 1;
    %store/vec4 v0x830c36580_0, 0, 1;
    %wait E_0x830c03b00;
T_9.18 ;
    %load/vec4 v0x830c364e0_0;
    %cmpi/ne 1, 0, 1;
    %jmp/0xz T_9.19, 6;
    %wait E_0x830c03b00;
    %jmp T_9.18;
T_9.19 ;
    %wait E_0x830c03ac0;
    %pushi/vec4 0, 0, 1;
    %store/vec4 v0x830c36580_0, 0, 1;
    %fork TD_tb_layer4_flit_to_phy_lanes.reset_dut, S_0x8310bc000;
    %join;
    %load/vec4 v0x830c364e0_0;
    %cmpi/e 1, 0, 1;
    %flag_get/vec4 6;
    %jmp/0 T_9.22, 6;
    %load/vec4 v0x830c361c0_0;
    %pushi/vec4 0, 0, 1;
    %cmp/e;
    %flag_get/vec4 6;
    %and;
T_9.22;
    %flag_set/vec4 8;
    %jmp/0xz  T_9.20, 8;
    %load/vec4 v0x830c36260_0;
    %addi 1, 0, 32;
    %store/vec4 v0x830c36260_0, 0, 32;
    %jmp T_9.21;
T_9.20 ;
    %load/vec4 v0x830c35e00_0;
    %addi 1, 0, 32;
    %store/vec4 v0x830c35e00_0, 0, 32;
    %vpi_call/w 3 220 "$display", "FAIL: state not clean after mid-stripe reset" {0 0 0};
T_9.21 ;
    %vpi_call/w 3 222 "$display", "=================================================" {0 0 0};
    %vpi_call/w 3 223 "$display", "TESTS PASSED: %0d   TESTS FAILED: %0d", v0x830c36260_0, v0x830c35e00_0 {0 0 0};
    %vpi_call/w 3 224 "$display", "=================================================" {0 0 0};
    %load/vec4 v0x830c35e00_0;
    %cmpi/e 0, 0, 32;
    %jmp/0xz  T_9.23, 4;
    %vpi_call/w 3 226 "$display", "RESULT: ALL TESTS PASSED" {0 0 0};
    %jmp T_9.24;
T_9.23 ;
    %vpi_call/w 3 228 "$display", "RESULT: FAILURES PRESENT" {0 0 0};
T_9.24 ;
    %vpi_call/w 3 230 "$finish" {0 0 0};
    %end;
    .thread T_9;
    .scope S_0x102d7adb0;
T_10 ;
    %vpi_call/w 3 234 "$dumpfile", "sim/dump_layer4_flit_to_phy_lanes.vcd" {0 0 0};
    %vpi_call/w 3 235 "$dumpvars", 32'sb00000000000000000000000000000000, S_0x102d7adb0 {0 0 0};
    %end;
    .thread T_10;
# The file index is used to find the file name in the following table.
:file_names 5;
    "N/A";
    "<interactive>";
    "-";
    "tb/tb_layer4_flit_to_phy_lanes.v";
    "rtl/layer4_flit_to_phy_lanes.v";
