#! /opt/homebrew/Cellar/icarus-verilog/12.0/bin/vvp
:ivl_version "12.0 (stable)";
:ivl_delay_selection "TYPICAL";
:vpi_time_precision - 12;
:vpi_module "/opt/homebrew/Cellar/icarus-verilog/12.0/lib/ivl/system.vpi";
:vpi_module "/opt/homebrew/Cellar/icarus-verilog/12.0/lib/ivl/vhdl_sys.vpi";
:vpi_module "/opt/homebrew/Cellar/icarus-verilog/12.0/lib/ivl/vhdl_textio.vpi";
:vpi_module "/opt/homebrew/Cellar/icarus-verilog/12.0/lib/ivl/v2005_math.vpi";
:vpi_module "/opt/homebrew/Cellar/icarus-verilog/12.0/lib/ivl/va_math.vpi";
:vpi_module "/opt/homebrew/Cellar/icarus-verilog/12.0/lib/ivl/v2009.vpi";
S_0x105907540 .scope package, "$unit" "$unit" 2 1;
 .timescale 0 0;
S_0x105909950 .scope module, "tb_top_4layer_true_split" "tb_top_4layer_true_split" 3 36;
 .timescale -9 -12;
P_0x105909580 .param/l "CLK_PERIOD" 1 3 42, +C4<00000000000000000000000000001010>;
P_0x1059095c0 .param/l "FLIT_BYTES" 1 3 39, +C4<00000000000000000000000100000000>;
P_0x105909600 .param/l "LANE_BITS" 1 3 45, +C4<00000000000000000000000000000000000000000000000000000001000001000>;
P_0x105909640 .param/l "NUM_LANES" 1 3 40, +C4<00000000000000000000000000000100>;
P_0x105909680 .param/l "SYM_BITS" 1 3 41, +C4<00000000000000000000000000000010>;
P_0x1059096c0 .param/l "TDATA_WIDTH" 1 3 38, +C4<00000000000000000000001000000000>;
P_0x105909700 .param/l "TOTAL_BITS" 1 3 44, +C4<00000000000000000000000000000000000000000000000000000100000100000>;
v0xa26ce7340_0 .var "arb_boundary_d", 0 0;
v0xa26ce73e0_0 .var "arb_last_d", 0 0;
v0xa26ce7480_0 .var "clk", 0 0;
v0xa26ce7520 .array "crc_table", 255 0, 31 0;
v0xa26ce75c0_0 .net "dbg_flit_partial", 0 0, v0xa26ce4140_0;  1 drivers
v0xa26ce7660_0 .net "dbg_grant0_count", 31 0, v0xa26c628a0_0;  1 drivers
v0xa26ce7700_0 .net "dbg_grant1_count", 31 0, v0xa26c62940_0;  1 drivers
v0xa26ce77a0_0 .var/i "fail_count", 31 0;
v0xa26ce7840_0 .var/i "flits_checked", 31 0;
v0xa26ce78e0_0 .var/i "flits_sent", 31 0;
v0xa26ce7980_0 .var "gold_buf", 2047 0;
v0xa26ce7a20_0 .var/i "gold_word_idx", 31 0;
v0xa26ce7ac0_0 .net "m_lane0_data", 519 0, v0xa26ce4dc0_0;  1 drivers
v0xa26ce7b60_0 .net "m_lane1_data", 519 0, v0xa26ce4e60_0;  1 drivers
v0xa26ce7c00_0 .net "m_lane2_data", 519 0, v0xa26ce4f00_0;  1 drivers
v0xa26ce7ca0_0 .net "m_lane3_data", 519 0, v0xa26ce4fa0_0;  1 drivers
v0xa26ce7d40_0 .var "m_lane_ready", 0 0;
v0xa26ce7de0_0 .net "m_lane_valid", 0 0, v0xa26ce50e0_0;  1 drivers
v0xa26ce7e80_0 .var/i "pass_count", 31 0;
v0xa26ce7f20 .array "q_crc", 63 0, 31 0;
v0xa26ce8000 .array "q_data", 63 0, 2047 0;
v0xa26ce80a0_0 .var/i "q_pop", 31 0;
v0xa26ce8140_0 .var/i "q_push", 31 0;
v0xa26ce81e0_0 .var "rst_n", 0 0;
v0xa26ce8280_0 .var "s_axis0_tdata", 511 0;
v0xa26ce8320_0 .var "s_axis0_tkeep", 63 0;
v0xa26ce83c0_0 .var "s_axis0_tlast", 0 0;
v0xa26ce8460_0 .net "s_axis0_tready", 0 0, L_0x105900ce0;  1 drivers
v0xa26ce8500_0 .var "s_axis0_tvalid", 0 0;
v0xa26ce85a0_0 .var "s_axis1_tdata", 511 0;
v0xa26ce8640_0 .var "s_axis1_tkeep", 63 0;
v0xa26ce86e0_0 .var "s_axis1_tlast", 0 0;
v0xa26ce8780_0 .net "s_axis1_tready", 0 0, L_0x105900d80;  1 drivers
v0xa26ce8820_0 .var "s_axis1_tvalid", 0 0;
S_0x105907260 .scope begin, "$unm_blk_6" "$unm_blk_6" 3 139, 3 139 0, S_0x105909950;
 .timescale -9 -12;
v0xa26c60460_0 .var/i "k", 31 0;
S_0x1058ff9c0 .scope begin, "backpressure_integration_test" "backpressure_integration_test" 3 306, 3 306 0, S_0x105909950;
 .timescale -9 -12;
v0xa26c60820_0 .var/i "beat", 31 0;
v0xa26c608c0_0 .var "beat_data", 511 0;
v0xa26c60960_0 .var/i "f", 31 0;
v0xa26c60a00_0 .var/i "flits_before", 31 0;
v0xa26c60aa0_0 .var "send_done", 0 0;
v0xa26c60b40_0 .var/i "stall_cycles_seen", 31 0;
E_0xa26c03f80 .event posedge, v0xa26c61720_0;
S_0x1058ffb40 .scope begin, "bp_data_check" "bp_data_check" 3 357, 3 357 0, S_0x1058ff9c0;
 .timescale -9 -12;
v0xa26c60500_0 .var/i "bp_beat", 31 0;
v0xa26c605a0_0 .var "bp_expected", 2047 0;
v0xa26c60640_0 .var/i "bp_i", 31 0;
v0xa26c606e0 .array "bp_word", 3 0, 511 0;
v0xa26c60780_0 .var/i "exp_ok", 31 0;
S_0x1058f4ab0 .scope begin, "build_crc_table" "build_crc_table" 3 92, 3 92 0, S_0x105909950;
 .timescale -9 -12;
v0xa26c60be0_0 .var "c", 31 0;
v0xa26c60c80_0 .var/i "k", 31 0;
v0xa26c60d20_0 .var/i "n", 31 0;
S_0x1058f4c30 .scope function.vec4.s32, "crc32_table_ref" "crc32_table_ref" 3 103, 3 103 0, S_0x105909950;
 .timescale -9 -12;
v0xa26c60dc0_0 .var/i "b", 31 0;
v0xa26c60e60_0 .var "crc", 31 0;
; Variable crc32_table_ref is vec4 return value of scope S_0x1058f4c30
v0xa26c60fa0_0 .var "data", 2047 0;
v0xa26c61040_0 .var "idx", 7 0;
TD_tb_top_4layer_true_split.crc32_table_ref ;
    %pushi/vec4 4294967295, 0, 32;
    %store/vec4 v0xa26c60e60_0, 0, 32;
    %pushi/vec4 0, 0, 32;
    %store/vec4 v0xa26c60dc0_0, 0, 32;
T_0.0 ;
    %load/vec4 v0xa26c60dc0_0;
    %cmpi/s 256, 0, 32;
    %jmp/0xz T_0.1, 5;
    %load/vec4 v0xa26c60e60_0;
    %parti/s 8, 0, 2;
    %load/vec4 v0xa26c60fa0_0;
    %load/vec4 v0xa26c60dc0_0;
    %muli 8, 0, 32;
    %part/s 8;
    %xor;
    %store/vec4 v0xa26c61040_0, 0, 8;
    %load/vec4 v0xa26c61040_0;
    %pad/u 10;
    %ix/vec4 4;
    %load/vec4a v0xa26ce7520, 4;
    %load/vec4 v0xa26c60e60_0;
    %ix/load 4, 8, 0;
    %flag_set/imm 4, 0;
    %shiftr 4;
    %xor;
    %store/vec4 v0xa26c60e60_0, 0, 32;
    %load/vec4 v0xa26c60dc0_0;
    %addi 1, 0, 32;
    %store/vec4 v0xa26c60dc0_0, 0, 32;
    %jmp T_0.0;
T_0.1 ;
    %load/vec4 v0xa26c60e60_0;
    %pushi/vec4 4294967295, 0, 32;
    %xor;
    %ret/vec4 0, 0, 32;  Assign to crc32_table_ref (store_vec4_to_lval)
    %end;
S_0x105902ad0 .scope autotask, "drain_and_check" "drain_and_check" 3 214, 3 214 0, S_0x105909950;
 .timescale -9 -12;
v0xa26c610e0_0 .var "combined", 2079 0;
v0xa26c61180 .array "exp_lane", 3 0, 519 0;
v0xa26c61220_0 .var/i "expected_count", 31 0;
v0xa26c612c0_0 .var "gsym", 1 0;
v0xa26c61360_0 .var/i "i", 31 0;
v0xa26c61400_0 .var/i "lane", 31 0;
v0xa26c614a0_0 .var/i "pos", 31 0;
v0xa26c61540_0 .var "raw_sym", 1 0;
v0xa26c615e0_0 .var/i "sym_i", 31 0;
TD_tb_top_4layer_true_split.drain_and_check ;
    %pushi/vec4 0, 0, 32;
    %store/vec4 v0xa26c61360_0, 0, 32;
T_1.2 ;
    %load/vec4 v0xa26c61360_0;
    %load/vec4 v0xa26c61220_0;
    %cmp/s;
    %jmp/0xz T_1.3, 5;
    %wait E_0xa26c03f80;
T_1.4 ;
    %load/vec4 v0xa26ce7de0_0;
    %nor/r;
    %flag_set/vec4 8;
    %jmp/0xz T_1.5, 8;
    %wait E_0xa26c03f80;
    %jmp T_1.4;
T_1.5 ;
    %ix/getv/s 4, v0xa26ce80a0_0;
    %load/vec4a v0xa26ce7f20, 4;
    %ix/getv/s 4, v0xa26ce80a0_0;
    %load/vec4a v0xa26ce8000, 4;
    %concat/vec4; draw_concat_vec4
    %store/vec4 v0xa26c610e0_0, 0, 2080;
    %pushi/vec4 0, 0, 32;
    %store/vec4 v0xa26c615e0_0, 0, 32;
T_1.6 ;
    %load/vec4 v0xa26c615e0_0;
    %pad/s 65;
    %cmpi/s 1040, 0, 65;
    %jmp/0xz T_1.7, 5;
    %load/vec4 v0xa26c615e0_0;
    %pushi/vec4 4, 0, 32;
    %mod/s;
    %store/vec4 v0xa26c61400_0, 0, 32;
    %load/vec4 v0xa26c615e0_0;
    %pushi/vec4 4, 0, 32;
    %div/s;
    %store/vec4 v0xa26c614a0_0, 0, 32;
    %load/vec4 v0xa26c610e0_0;
    %load/vec4 v0xa26c615e0_0;
    %muli 2, 0, 32;
    %part/s 2;
    %store/vec4 v0xa26c61540_0, 0, 2;
    %load/vec4 v0xa26c61540_0;
    %store/vec4 v0xa26ce6bc0_0, 0, 2;
    %callf/vec4 TD_tb_top_4layer_true_split.gray_ref, S_0xa27100a80;
    %store/vec4 v0xa26c612c0_0, 0, 2;
    %load/vec4 v0xa26c612c0_0;
    %ix/getv/s 4, v0xa26c61400_0;
    %flag_mov 8, 4;
    %load/vec4 v0xa26c614a0_0;
    %muli 2, 0, 32;
    %ix/vec4/s 5;
    %flag_or 4, 8;
    %store/vec4a v0xa26c61180, 4, 5;
    %load/vec4 v0xa26c615e0_0;
    %addi 1, 0, 32;
    %store/vec4 v0xa26c615e0_0, 0, 32;
    %jmp T_1.6;
T_1.7 ;
    %wait E_0xa26cdc040;
    %load/vec4 v0xa26ce7ac0_0;
    %ix/load 4, 0, 0;
    %flag_set/imm 4, 0;
    %load/vec4a v0xa26c61180, 4;
    %cmp/e;
    %jmp/0xz  T_1.8, 6;
    %load/vec4 v0xa26ce7e80_0;
    %addi 1, 0, 32;
    %store/vec4 v0xa26ce7e80_0, 0, 32;
    %jmp T_1.9;
T_1.8 ;
    %load/vec4 v0xa26ce77a0_0;
    %addi 1, 0, 32;
    %store/vec4 v0xa26ce77a0_0, 0, 32;
    %vpi_call/w 3 234 "$display", "FAIL: flit #%0d lane0 mismatch", v0xa26ce80a0_0 {0 0 0};
T_1.9 ;
    %load/vec4 v0xa26ce7b60_0;
    %ix/load 4, 1, 0;
    %flag_set/imm 4, 0;
    %load/vec4a v0xa26c61180, 4;
    %cmp/e;
    %jmp/0xz  T_1.10, 6;
    %load/vec4 v0xa26ce7e80_0;
    %addi 1, 0, 32;
    %store/vec4 v0xa26ce7e80_0, 0, 32;
    %jmp T_1.11;
T_1.10 ;
    %load/vec4 v0xa26ce77a0_0;
    %addi 1, 0, 32;
    %store/vec4 v0xa26ce77a0_0, 0, 32;
    %vpi_call/w 3 236 "$display", "FAIL: flit #%0d lane1 mismatch", v0xa26ce80a0_0 {0 0 0};
T_1.11 ;
    %load/vec4 v0xa26ce7c00_0;
    %ix/load 4, 2, 0;
    %flag_set/imm 4, 0;
    %load/vec4a v0xa26c61180, 4;
    %cmp/e;
    %jmp/0xz  T_1.12, 6;
    %load/vec4 v0xa26ce7e80_0;
    %addi 1, 0, 32;
    %store/vec4 v0xa26ce7e80_0, 0, 32;
    %jmp T_1.13;
T_1.12 ;
    %load/vec4 v0xa26ce77a0_0;
    %addi 1, 0, 32;
    %store/vec4 v0xa26ce77a0_0, 0, 32;
    %vpi_call/w 3 238 "$display", "FAIL: flit #%0d lane2 mismatch", v0xa26ce80a0_0 {0 0 0};
T_1.13 ;
    %load/vec4 v0xa26ce7ca0_0;
    %ix/load 4, 3, 0;
    %flag_set/imm 4, 0;
    %load/vec4a v0xa26c61180, 4;
    %cmp/e;
    %jmp/0xz  T_1.14, 6;
    %load/vec4 v0xa26ce7e80_0;
    %addi 1, 0, 32;
    %store/vec4 v0xa26ce7e80_0, 0, 32;
    %jmp T_1.15;
T_1.14 ;
    %load/vec4 v0xa26ce77a0_0;
    %addi 1, 0, 32;
    %store/vec4 v0xa26ce77a0_0, 0, 32;
    %vpi_call/w 3 240 "$display", "FAIL: flit #%0d lane3 mismatch", v0xa26ce80a0_0 {0 0 0};
T_1.15 ;
    %load/vec4 v0xa26ce80a0_0;
    %addi 1, 0, 32;
    %store/vec4 v0xa26ce80a0_0, 0, 32;
    %load/vec4 v0xa26ce7840_0;
    %addi 1, 0, 32;
    %store/vec4 v0xa26ce7840_0, 0, 32;
    %wait E_0xa26c03f80;
    %load/vec4 v0xa26c61360_0;
    %addi 1, 0, 32;
    %store/vec4 v0xa26c61360_0, 0, 32;
    %jmp T_1.2;
T_1.3 ;
    %end;
S_0x105902c50 .scope module, "dut" "top_4layer_true_split" 3 75, 4 22 0, S_0x105909950;
 .timescale -9 -12;
    .port_info 0 /INPUT 1 "clk";
    .port_info 1 /INPUT 1 "rst_n";
    .port_info 2 /INPUT 512 "s_axis0_tdata";
    .port_info 3 /INPUT 64 "s_axis0_tkeep";
    .port_info 4 /INPUT 1 "s_axis0_tvalid";
    .port_info 5 /OUTPUT 1 "s_axis0_tready";
    .port_info 6 /INPUT 1 "s_axis0_tlast";
    .port_info 7 /INPUT 512 "s_axis1_tdata";
    .port_info 8 /INPUT 64 "s_axis1_tkeep";
    .port_info 9 /INPUT 1 "s_axis1_tvalid";
    .port_info 10 /OUTPUT 1 "s_axis1_tready";
    .port_info 11 /INPUT 1 "s_axis1_tlast";
    .port_info 12 /OUTPUT 520 "m_lane0_data";
    .port_info 13 /OUTPUT 520 "m_lane1_data";
    .port_info 14 /OUTPUT 520 "m_lane2_data";
    .port_info 15 /OUTPUT 520 "m_lane3_data";
    .port_info 16 /OUTPUT 1 "m_lane_valid";
    .port_info 17 /INPUT 1 "m_lane_ready";
    .port_info 18 /OUTPUT 1 "dbg_flit_partial";
    .port_info 19 /OUTPUT 32 "dbg_grant0_count";
    .port_info 20 /OUTPUT 32 "dbg_grant1_count";
P_0xa27090100 .param/l "FLIT_BYTES" 0 4 24, +C4<00000000000000000000000100000000>;
P_0xa27090140 .param/l "NUM_LANES" 0 4 25, +C4<00000000000000000000000000000100>;
P_0xa27090180 .param/l "SYM_BITS" 0 4 26, +C4<00000000000000000000000000000010>;
P_0xa270901c0 .param/l "TDATA_WIDTH" 0 4 23, +C4<00000000000000000000001000000000>;
v0xa26ce5540_0 .net "arb_tdata", 511 0, L_0x105901390;  1 drivers
v0xa26ce55e0_0 .net "arb_tkeep", 63 0, L_0x105900ba0;  1 drivers
v0xa26ce5680_0 .net "arb_tlast", 0 0, L_0x105900c40;  1 drivers
v0xa26ce5720_0 .net "arb_tready", 0 0, L_0xa26c9c310;  1 drivers
v0xa26ce57c0_0 .net "arb_tvalid", 0 0, L_0x1059012f0;  1 drivers
v0xa26ce5860_0 .net "clk", 0 0, v0xa26ce7480_0;  1 drivers
v0xa26ce5900_0 .net "dbg_flit_partial", 0 0, v0xa26ce4140_0;  alias, 1 drivers
v0xa26ce59a0_0 .net "dbg_grant0_count", 31 0, v0xa26c628a0_0;  alias, 1 drivers
v0xa26ce5a40_0 .net "dbg_grant1_count", 31 0, v0xa26c62940_0;  alias, 1 drivers
v0xa26ce5ae0_0 .net "flit_crc", 31 0, v0xa26ce4000_0;  1 drivers
v0xa26ce5b80_0 .net "flit_data", 2047 0, v0xa26ce40a0_0;  1 drivers
v0xa26ce5c20_0 .net "flit_ready", 0 0, v0xa26ce5360_0;  1 drivers
v0xa26ce5cc0_0 .net "flit_valid", 0 0, v0xa26ce4280_0;  1 drivers
v0xa26ce5d60_0 .net "ing_tdata", 511 0, v0xa26c617c0_0;  1 drivers
v0xa26ce5e00_0 .net "ing_tkeep", 63 0, v0xa26c61860_0;  1 drivers
v0xa26ce5ea0_0 .net "ing_tlast", 0 0, v0xa26c61900_0;  1 drivers
v0xa26ce5f40_0 .net "ing_tready", 0 0, v0xa26ce45a0_0;  1 drivers
v0xa26ce5fe0_0 .net "ing_tvalid", 0 0, v0xa26c61a40_0;  1 drivers
v0xa26ce6080_0 .net "m_lane0_data", 519 0, v0xa26ce4dc0_0;  alias, 1 drivers
v0xa26ce6120_0 .net "m_lane1_data", 519 0, v0xa26ce4e60_0;  alias, 1 drivers
v0xa26ce61c0_0 .net "m_lane2_data", 519 0, v0xa26ce4f00_0;  alias, 1 drivers
v0xa26ce6260_0 .net "m_lane3_data", 519 0, v0xa26ce4fa0_0;  alias, 1 drivers
v0xa26ce6300_0 .net "m_lane_ready", 0 0, v0xa26ce7d40_0;  1 drivers
v0xa26ce63a0_0 .net "m_lane_valid", 0 0, v0xa26ce50e0_0;  alias, 1 drivers
v0xa26ce6440_0 .net "rst_n", 0 0, v0xa26ce81e0_0;  1 drivers
v0xa26ce64e0_0 .net "s_axis0_tdata", 511 0, v0xa26ce8280_0;  1 drivers
v0xa26ce6580_0 .net "s_axis0_tkeep", 63 0, v0xa26ce8320_0;  1 drivers
v0xa26ce6620_0 .net "s_axis0_tlast", 0 0, v0xa26ce83c0_0;  1 drivers
v0xa26ce66c0_0 .net "s_axis0_tready", 0 0, L_0x105900ce0;  alias, 1 drivers
v0xa26ce6760_0 .net "s_axis0_tvalid", 0 0, v0xa26ce8500_0;  1 drivers
v0xa26ce6800_0 .net "s_axis1_tdata", 511 0, v0xa26ce85a0_0;  1 drivers
v0xa26ce68a0_0 .net "s_axis1_tkeep", 63 0, v0xa26ce8640_0;  1 drivers
v0xa26ce6940_0 .net "s_axis1_tlast", 0 0, v0xa26ce86e0_0;  1 drivers
v0xa26ce69e0_0 .net "s_axis1_tready", 0 0, L_0x105900d80;  alias, 1 drivers
v0xa26ce6a80_0 .net "s_axis1_tvalid", 0 0, v0xa26ce8820_0;  1 drivers
S_0x105901eb0 .scope module, "u_layer1" "layer1_axis_stream_ingress" 4 88, 5 28 0, S_0x105902c50;
 .timescale -9 -12;
    .port_info 0 /INPUT 1 "clk";
    .port_info 1 /INPUT 1 "rst_n";
    .port_info 2 /INPUT 512 "s_tdata";
    .port_info 3 /INPUT 64 "s_tkeep";
    .port_info 4 /INPUT 1 "s_tvalid";
    .port_info 5 /OUTPUT 1 "s_tready";
    .port_info 6 /INPUT 1 "s_tlast";
    .port_info 7 /OUTPUT 512 "m_tdata";
    .port_info 8 /OUTPUT 64 "m_tkeep";
    .port_info 9 /OUTPUT 1 "m_tvalid";
    .port_info 10 /INPUT 1 "m_tready";
    .port_info 11 /OUTPUT 1 "m_tlast";
P_0xa26c326c0 .param/l "TDATA_WIDTH" 0 5 29, +C4<00000000000000000000001000000000>;
L_0xa26c9c310 .functor OR 1, v0xa26ce45a0_0, L_0xa27074140, C4<0>, C4<0>;
v0xa26c61680_0 .net *"_ivl_1", 0 0, L_0xa27074140;  1 drivers
v0xa26c61720_0 .net "clk", 0 0, v0xa26ce7480_0;  alias, 1 drivers
v0xa26c617c0_0 .var "m_tdata", 511 0;
v0xa26c61860_0 .var "m_tkeep", 63 0;
v0xa26c61900_0 .var "m_tlast", 0 0;
v0xa26c619a0_0 .net "m_tready", 0 0, v0xa26ce45a0_0;  alias, 1 drivers
v0xa26c61a40_0 .var "m_tvalid", 0 0;
v0xa26c61ae0_0 .net "rst_n", 0 0, v0xa26ce81e0_0;  alias, 1 drivers
v0xa26c61b80_0 .net "s_tdata", 511 0, L_0x105901390;  alias, 1 drivers
v0xa26c61c20_0 .net "s_tkeep", 63 0, L_0x105900ba0;  alias, 1 drivers
v0xa26c61cc0_0 .net "s_tlast", 0 0, L_0x105900c40;  alias, 1 drivers
v0xa26c61d60_0 .net "s_tready", 0 0, L_0xa26c9c310;  alias, 1 drivers
v0xa26c61e00_0 .net "s_tvalid", 0 0, L_0x1059012f0;  alias, 1 drivers
E_0xa26cdc080/0 .event negedge, v0xa26c61ae0_0;
E_0xa26cdc080/1 .event posedge, v0xa26c61720_0;
E_0xa26cdc080 .event/or E_0xa26cdc080/0, E_0xa26cdc080/1;
L_0xa27074140 .reduce/nor v0xa26c61a40_0;
S_0x105902030 .scope module, "u_layer2" "layer2_axis_arbiter" 4 68, 6 36 0, S_0x105902c50;
 .timescale -9 -12;
    .port_info 0 /INPUT 1 "clk";
    .port_info 1 /INPUT 1 "rst_n";
    .port_info 2 /INPUT 512 "s_axis0_tdata";
    .port_info 3 /INPUT 64 "s_axis0_tkeep";
    .port_info 4 /INPUT 1 "s_axis0_tvalid";
    .port_info 5 /OUTPUT 1 "s_axis0_tready";
    .port_info 6 /INPUT 1 "s_axis0_tlast";
    .port_info 7 /INPUT 512 "s_axis1_tdata";
    .port_info 8 /INPUT 64 "s_axis1_tkeep";
    .port_info 9 /INPUT 1 "s_axis1_tvalid";
    .port_info 10 /OUTPUT 1 "s_axis1_tready";
    .port_info 11 /INPUT 1 "s_axis1_tlast";
    .port_info 12 /OUTPUT 512 "m_axis_tdata";
    .port_info 13 /OUTPUT 64 "m_axis_tkeep";
    .port_info 14 /OUTPUT 1 "m_axis_tvalid";
    .port_info 15 /INPUT 1 "m_axis_tready";
    .port_info 16 /OUTPUT 1 "m_axis_tlast";
    .port_info 17 /OUTPUT 32 "dbg_grant0_count";
    .port_info 18 /OUTPUT 32 "dbg_grant1_count";
P_0xa26c32700 .param/l "TDATA_WIDTH" 0 6 37, +C4<00000000000000000000001000000000>;
L_0x105909f80 .functor BUFZ 1, v0xa26ce8500_0, C4<0>, C4<0>, C4<0>;
L_0x1059021b0 .functor BUFZ 1, v0xa26ce8820_0, C4<0>, C4<0>, C4<0>;
L_0xa26c9c230 .functor AND 1, L_0x105909f80, L_0x1059021b0, C4<1>, C4<1>;
L_0xa26c9c2a0 .functor NOT 1, v0xa26c62bc0_0, C4<0>, C4<0>, C4<0>;
L_0xa26c9c000 .functor OR 1, v0xa26c62c60_0, L_0x105909f80, C4<0>, C4<0>;
L_0xa26c9c1c0 .functor OR 1, L_0xa26c9c000, L_0x1059021b0, C4<0>, C4<0>;
L_0xa26c9c150 .functor AND 1, L_0xa26c9c1c0, L_0xa270740a0, C4<1>, C4<1>;
L_0xa26c9c070 .functor AND 1, L_0xa26c9c1c0, L_0x105907980, C4<1>, C4<1>;
L_0xa27478058 .functor BUFT 1, C4<1>, C4<0>, C4<0>, C4<0>;
v0xa26c61f40_0 .net/2u *"_ivl_10", 0 0, L_0xa27478058;  1 drivers
v0xa26c61fe0_0 .net *"_ivl_12", 0 0, L_0x105909740;  1 drivers
v0xa26c62080_0 .net *"_ivl_19", 0 0, L_0xa26c9c000;  1 drivers
v0xa26c62120_0 .net *"_ivl_22", 0 0, L_0x105907a20;  1 drivers
L_0xa274780a0 .functor BUFT 1, C4<0>, C4<0>, C4<0>, C4<0>;
v0xa26c621c0_0 .net/2u *"_ivl_24", 0 0, L_0xa274780a0;  1 drivers
v0xa26c62260_0 .net *"_ivl_35", 0 0, L_0xa270740a0;  1 drivers
v0xa26c62300_0 .net *"_ivl_37", 0 0, L_0xa26c9c150;  1 drivers
L_0xa274780e8 .functor BUFT 1, C4<0>, C4<0>, C4<0>, C4<0>;
v0xa26c623a0_0 .net/2u *"_ivl_38", 0 0, L_0xa274780e8;  1 drivers
v0xa26c62440_0 .net *"_ivl_43", 0 0, L_0xa26c9c070;  1 drivers
L_0xa27478130 .functor BUFT 1, C4<0>, C4<0>, C4<0>, C4<0>;
v0xa26c624e0_0 .net/2u *"_ivl_44", 0 0, L_0xa27478130;  1 drivers
v0xa26c62580_0 .net *"_ivl_6", 0 0, L_0xa26c9c2a0;  1 drivers
L_0xa27478010 .functor BUFT 1, C4<0>, C4<0>, C4<0>, C4<0>;
v0xa26c62620_0 .net/2u *"_ivl_8", 0 0, L_0xa27478010;  1 drivers
v0xa26c626c0_0 .net "arb_active", 0 0, L_0xa26c9c1c0;  1 drivers
v0xa26c62760_0 .net "clk", 0 0, v0xa26ce7480_0;  alias, 1 drivers
v0xa26c62800_0 .net "contend", 0 0, L_0xa26c9c230;  1 drivers
v0xa26c628a0_0 .var "dbg_grant0_count", 31 0;
v0xa26c62940_0 .var "dbg_grant1_count", 31 0;
v0xa26c629e0_0 .net "eff_grant", 0 0, L_0x105907980;  1 drivers
v0xa26c62a80_0 .net "fresh_grant", 0 0, L_0x105909ad0;  1 drivers
v0xa26c62b20_0 .var "grant", 0 0;
v0xa26c62bc0_0 .var "last_served", 0 0;
v0xa26c62c60_0 .var "locked", 0 0;
v0xa26c62d00_0 .net "m_axis_tdata", 511 0, L_0x105901390;  alias, 1 drivers
v0xa26c62da0_0 .net "m_axis_tkeep", 63 0, L_0x105900ba0;  alias, 1 drivers
v0xa26c62e40_0 .net "m_axis_tlast", 0 0, L_0x105900c40;  alias, 1 drivers
v0xa26c62ee0_0 .net "m_axis_tready", 0 0, L_0xa26c9c310;  alias, 1 drivers
v0xa26c62f80_0 .net "m_axis_tvalid", 0 0, L_0x1059012f0;  alias, 1 drivers
v0xa26c63020_0 .net "rst_n", 0 0, v0xa26ce81e0_0;  alias, 1 drivers
v0xa26c630c0_0 .net "s_axis0_tdata", 511 0, v0xa26ce8280_0;  alias, 1 drivers
v0xa26c63160_0 .net "s_axis0_tkeep", 63 0, v0xa26ce8320_0;  alias, 1 drivers
v0xa26c63200_0 .net "s_axis0_tlast", 0 0, v0xa26ce83c0_0;  alias, 1 drivers
v0xa26c632a0_0 .net "s_axis0_tready", 0 0, L_0x105900ce0;  alias, 1 drivers
v0xa26c63340_0 .net "s_axis0_tvalid", 0 0, v0xa26ce8500_0;  alias, 1 drivers
v0xa26c633e0_0 .net "s_axis1_tdata", 511 0, v0xa26ce85a0_0;  alias, 1 drivers
v0xa26c63480_0 .net "s_axis1_tkeep", 63 0, v0xa26ce8640_0;  alias, 1 drivers
v0xa26c63520_0 .net "s_axis1_tlast", 0 0, v0xa26ce86e0_0;  alias, 1 drivers
v0xa26c635c0_0 .net "s_axis1_tready", 0 0, L_0x105900d80;  alias, 1 drivers
v0xa26c63660_0 .net "s_axis1_tvalid", 0 0, v0xa26ce8820_0;  alias, 1 drivers
v0xa26c63700_0 .net "want0", 0 0, L_0x105909f80;  1 drivers
v0xa26c637a0_0 .net "want1", 0 0, L_0x1059021b0;  1 drivers
L_0x105909740 .functor MUXZ 1, L_0xa27478058, L_0xa27478010, L_0x105909f80, C4<>;
L_0x105909ad0 .functor MUXZ 1, L_0x105909740, L_0xa26c9c2a0, L_0xa26c9c230, C4<>;
L_0x105907980 .functor MUXZ 1, L_0x105909ad0, v0xa26c62b20_0, v0xa26c62c60_0, C4<>;
L_0x105907a20 .functor MUXZ 1, v0xa26ce8500_0, v0xa26ce8820_0, L_0x105907980, C4<>;
L_0x1059012f0 .functor MUXZ 1, L_0xa274780a0, L_0x105907a20, L_0xa26c9c1c0, C4<>;
L_0x105901390 .functor MUXZ 512, v0xa26ce8280_0, v0xa26ce85a0_0, L_0x105907980, C4<>;
L_0x105900ba0 .functor MUXZ 64, v0xa26ce8320_0, v0xa26ce8640_0, L_0x105907980, C4<>;
L_0x105900c40 .functor MUXZ 1, v0xa26ce83c0_0, v0xa26ce86e0_0, L_0x105907980, C4<>;
L_0xa270740a0 .reduce/nor L_0x105907980;
L_0x105900ce0 .functor MUXZ 1, L_0xa274780e8, L_0xa26c9c310, L_0xa26c9c150, C4<>;
L_0x105900d80 .functor MUXZ 1, L_0xa27478130, L_0xa26c9c310, L_0xa26c9c070, C4<>;
S_0xa27100000 .scope module, "u_layer3" "layer3_flit_packetizer" 4 103, 7 36 0, S_0x105902c50;
 .timescale -9 -12;
    .port_info 0 /INPUT 1 "clk";
    .port_info 1 /INPUT 1 "rst_n";
    .port_info 2 /INPUT 512 "s_axis_tdata";
    .port_info 3 /INPUT 64 "s_axis_tkeep";
    .port_info 4 /INPUT 1 "s_axis_tvalid";
    .port_info 5 /OUTPUT 1 "s_axis_tready";
    .port_info 6 /INPUT 1 "s_axis_tlast";
    .port_info 7 /OUTPUT 2048 "m_flit_data";
    .port_info 8 /OUTPUT 32 "m_flit_crc";
    .port_info 9 /OUTPUT 1 "m_flit_valid";
    .port_info 10 /INPUT 1 "m_flit_ready";
    .port_info 11 /OUTPUT 1 "m_flit_partial";
P_0x105901170 .param/l "ACCUM" 1 7 62, C4<0>;
P_0x1059011b0 .param/l "FLIT_BYTES" 0 7 38, +C4<00000000000000000000000100000000>;
P_0x1059011f0 .param/l "PRESENT" 1 7 63, C4<1>;
P_0x105901230 .param/l "TDATA_WIDTH" 0 7 37, +C4<00000000000000000000001000000000>;
P_0x105901270 .param/l "WORDS_PER_FLIT" 0 7 39, +C4<0000000000000000000000000000000000000000000000000000000000000100>;
P_0x1059012b0 .param/l "WORD_IDX_W" 1 7 59, +C4<00000000000000000000000000000010>;
v0xa26c63e80_0 .net "clk", 0 0, v0xa26ce7480_0;  alias, 1 drivers
v0xa26c63f20_0 .var "flit_buf", 2047 0;
v0xa26ce4000_0 .var "m_flit_crc", 31 0;
v0xa26ce40a0_0 .var "m_flit_data", 2047 0;
v0xa26ce4140_0 .var "m_flit_partial", 0 0;
v0xa26ce41e0_0 .net "m_flit_ready", 0 0, v0xa26ce5360_0;  alias, 1 drivers
v0xa26ce4280_0 .var "m_flit_valid", 0 0;
v0xa26ce4320_0 .net "rst_n", 0 0, v0xa26ce81e0_0;  alias, 1 drivers
v0xa26ce43c0_0 .net "s_axis_tdata", 511 0, v0xa26c617c0_0;  alias, 1 drivers
v0xa26ce4460_0 .net "s_axis_tkeep", 63 0, v0xa26c61860_0;  alias, 1 drivers
v0xa26ce4500_0 .net "s_axis_tlast", 0 0, v0xa26c61900_0;  alias, 1 drivers
v0xa26ce45a0_0 .var "s_axis_tready", 0 0;
v0xa26ce4640_0 .net "s_axis_tvalid", 0 0, v0xa26c61a40_0;  alias, 1 drivers
v0xa26ce46e0_0 .var "state", 0 0;
v0xa26ce4780_0 .var "word_idx", 1 0;
S_0xa27100180 .scope begin, "$unm_blk_64" "$unm_blk_64" 7 118, 7 118 0, S_0xa27100000;
 .timescale -9 -12;
v0xa26c61ea0_0 .var/i "k", 31 0;
S_0xa27100300 .scope function.vec4.s32, "crc32_byte" "crc32_byte" 7 71, 7 71 0, S_0xa27100000;
 .timescale -9 -12;
v0xa26c638e0_0 .var "crc", 31 0;
; Variable crc32_byte is vec4 return value of scope S_0xa27100300
v0xa26c63a20_0 .var "crc_in", 31 0;
v0xa26c63ac0_0 .var "data", 7 0;
v0xa26c63b60_0 .var/i "i", 31 0;
TD_tb_top_4layer_true_split.dut.u_layer3.crc32_byte ;
    %load/vec4 v0xa26c63a20_0;
    %pushi/vec4 0, 0, 24;
    %load/vec4 v0xa26c63ac0_0;
    %concat/vec4; draw_concat_vec4
    %xor;
    %store/vec4 v0xa26c638e0_0, 0, 32;
    %pushi/vec4 0, 0, 32;
    %store/vec4 v0xa26c63b60_0, 0, 32;
T_2.16 ;
    %load/vec4 v0xa26c63b60_0;
    %cmpi/s 8, 0, 32;
    %jmp/0xz T_2.17, 5;
    %load/vec4 v0xa26c638e0_0;
    %parti/s 1, 0, 2;
    %flag_set/vec4 8;
    %jmp/0xz  T_2.18, 8;
    %load/vec4 v0xa26c638e0_0;
    %ix/load 4, 1, 0;
    %flag_set/imm 4, 0;
    %shiftr 4;
    %pushi/vec4 3988292384, 0, 32;
    %xor;
    %store/vec4 v0xa26c638e0_0, 0, 32;
    %jmp T_2.19;
T_2.18 ;
    %load/vec4 v0xa26c638e0_0;
    %ix/load 4, 1, 0;
    %flag_set/imm 4, 0;
    %shiftr 4;
    %store/vec4 v0xa26c638e0_0, 0, 32;
T_2.19 ;
    %load/vec4 v0xa26c63b60_0;
    %addi 1, 0, 32;
    %store/vec4 v0xa26c63b60_0, 0, 32;
    %jmp T_2.16;
T_2.17 ;
    %load/vec4 v0xa26c638e0_0;
    %ret/vec4 0, 0, 32;  Assign to crc32_byte (store_vec4_to_lval)
    %end;
S_0xa27100480 .scope function.vec4.s32, "crc32_flit" "crc32_flit" 7 90, 7 90 0, S_0xa27100000;
 .timescale -9 -12;
v0xa26c63c00_0 .var/i "b", 31 0;
v0xa26c63ca0_0 .var "crc", 31 0;
; Variable crc32_flit is vec4 return value of scope S_0xa27100480
v0xa26c63de0_0 .var "data", 2047 0;
TD_tb_top_4layer_true_split.dut.u_layer3.crc32_flit ;
    %pushi/vec4 4294967295, 0, 32;
    %store/vec4 v0xa26c63ca0_0, 0, 32;
    %pushi/vec4 0, 0, 32;
    %store/vec4 v0xa26c63c00_0, 0, 32;
T_3.20 ;
    %load/vec4 v0xa26c63c00_0;
    %cmpi/s 256, 0, 32;
    %jmp/0xz T_3.21, 5;
    %load/vec4 v0xa26c63ca0_0;
    %load/vec4 v0xa26c63de0_0;
    %load/vec4 v0xa26c63c00_0;
    %muli 8, 0, 32;
    %part/s 8;
    %store/vec4 v0xa26c63ac0_0, 0, 8;
    %store/vec4 v0xa26c63a20_0, 0, 32;
    %callf/vec4 TD_tb_top_4layer_true_split.dut.u_layer3.crc32_byte, S_0xa27100300;
    %store/vec4 v0xa26c63ca0_0, 0, 32;
    %load/vec4 v0xa26c63c00_0;
    %addi 1, 0, 32;
    %store/vec4 v0xa26c63c00_0, 0, 32;
    %jmp T_3.20;
T_3.21 ;
    %load/vec4 v0xa26c63ca0_0;
    %pushi/vec4 4294967295, 0, 32;
    %xor;
    %ret/vec4 0, 0, 32;  Assign to crc32_flit (store_vec4_to_lval)
    %end;
S_0xa27100600 .scope module, "u_layer4" "layer4_flit_to_phy_lanes" 4 122, 8 32 0, S_0x105902c50;
 .timescale -9 -12;
    .port_info 0 /INPUT 1 "clk";
    .port_info 1 /INPUT 1 "rst_n";
    .port_info 2 /INPUT 2048 "s_flit_data";
    .port_info 3 /INPUT 32 "s_flit_crc";
    .port_info 4 /INPUT 1 "s_flit_valid";
    .port_info 5 /OUTPUT 1 "s_flit_ready";
    .port_info 6 /OUTPUT 520 "m_lane0_data";
    .port_info 7 /OUTPUT 520 "m_lane1_data";
    .port_info 8 /OUTPUT 520 "m_lane2_data";
    .port_info 9 /OUTPUT 520 "m_lane3_data";
    .port_info 10 /OUTPUT 1 "m_lane_valid";
    .port_info 11 /INPUT 1 "m_lane_ready";
P_0x105909c40 .param/l "ACCUM" 1 8 69, C4<00>;
P_0x105909c80 .param/l "CRC_BITS" 0 8 34, +C4<00000000000000000000000000100000>;
P_0x105909cc0 .param/l "DATA_BITS" 0 8 33, +C4<0000000000000000000000000000000000000000000000000000100000000000>;
P_0x105909d00 .param/l "LANE_BITS" 1 8 58, +C4<00000000000000000000000000000000000000000000000000000001000001000>;
P_0x105909d40 .param/l "NUM_LANES" 0 8 35, +C4<00000000000000000000000000000100>;
P_0x105909d80 .param/l "PRESENT" 1 8 71, C4<10>;
P_0x105909dc0 .param/l "STRIPE" 1 8 70, C4<01>;
P_0x105909e00 .param/l "SYM_BITS" 0 8 36, +C4<00000000000000000000000000000010>;
P_0x105909e40 .param/l "TOTAL_BITS" 1 8 56, +C4<00000000000000000000000000000000000000000000000000000100000100000>;
P_0x105909e80 .param/l "TOTAL_SYMBOLS" 1 8 57, +C4<00000000000000000000000000000000000000000000000000000010000010000>;
v0xa26ce4c80_0 .net "clk", 0 0, v0xa26ce7480_0;  alias, 1 drivers
v0xa26ce4d20_0 .var "combined_reg", 2079 0;
v0xa26ce4dc0_0 .var "m_lane0_data", 519 0;
v0xa26ce4e60_0 .var "m_lane1_data", 519 0;
v0xa26ce4f00_0 .var "m_lane2_data", 519 0;
v0xa26ce4fa0_0 .var "m_lane3_data", 519 0;
v0xa26ce5040_0 .net "m_lane_ready", 0 0, v0xa26ce7d40_0;  alias, 1 drivers
v0xa26ce50e0_0 .var "m_lane_valid", 0 0;
v0xa26ce5180_0 .net "rst_n", 0 0, v0xa26ce81e0_0;  alias, 1 drivers
v0xa26ce5220_0 .net "s_flit_crc", 31 0, v0xa26ce4000_0;  alias, 1 drivers
v0xa26ce52c0_0 .net "s_flit_data", 2047 0, v0xa26ce40a0_0;  alias, 1 drivers
v0xa26ce5360_0 .var "s_flit_ready", 0 0;
v0xa26ce5400_0 .net "s_flit_valid", 0 0, v0xa26ce4280_0;  alias, 1 drivers
v0xa26ce54a0_0 .var "state", 1 0;
S_0xa27100780 .scope begin, "$unm_blk_78" "$unm_blk_78" 8 109, 8 109 0, S_0xa27100600;
 .timescale -9 -12;
v0xa26ce4820_0 .var "gray_sym", 1 0;
v0xa26ce48c0_0 .var/i "lane", 31 0;
v0xa26ce4960_0 .var/i "pos", 31 0;
v0xa26ce4a00_0 .var "raw_sym", 1 0;
v0xa26ce4aa0_0 .var/i "sym_i", 31 0;
S_0xa27100900 .scope function.vec4.s2, "gray_encode" "gray_encode" 8 77, 8 77 0, S_0xa27100600;
 .timescale -9 -12;
; Variable gray_encode is vec4 return value of scope S_0xa27100900
v0xa26ce4be0_0 .var "val", 1 0;
TD_tb_top_4layer_true_split.dut.u_layer4.gray_encode ;
    %load/vec4 v0xa26ce4be0_0;
    %parti/s 1, 1, 2;
    %load/vec4 v0xa26ce4be0_0;
    %parti/s 1, 1, 2;
    %load/vec4 v0xa26ce4be0_0;
    %parti/s 1, 0, 2;
    %xor;
    %concat/vec4; draw_concat_vec4
    %ret/vec4 0, 0, 2;  Assign to gray_encode (store_vec4_to_lval)
    %end;
S_0xa27100a80 .scope function.vec4.s2, "gray_ref" "gray_ref" 3 118, 3 118 0, S_0x105909950;
 .timescale -9 -12;
; Variable gray_ref is vec4 return value of scope S_0xa27100a80
v0xa26ce6bc0_0 .var "val", 1 0;
TD_tb_top_4layer_true_split.gray_ref ;
    %load/vec4 v0xa26ce6bc0_0;
    %dup/vec4;
    %pushi/vec4 0, 0, 2;
    %cmp/u;
    %jmp/1 T_5.22, 6;
    %dup/vec4;
    %pushi/vec4 1, 0, 2;
    %cmp/u;
    %jmp/1 T_5.23, 6;
    %dup/vec4;
    %pushi/vec4 2, 0, 2;
    %cmp/u;
    %jmp/1 T_5.24, 6;
    %dup/vec4;
    %pushi/vec4 3, 0, 2;
    %cmp/u;
    %jmp/1 T_5.25, 6;
    %jmp T_5.26;
T_5.22 ;
    %pushi/vec4 0, 0, 2;
    %ret/vec4 0, 0, 2;  Assign to gray_ref (store_vec4_to_lval)
    %jmp T_5.26;
T_5.23 ;
    %pushi/vec4 1, 0, 2;
    %ret/vec4 0, 0, 2;  Assign to gray_ref (store_vec4_to_lval)
    %jmp T_5.26;
T_5.24 ;
    %pushi/vec4 3, 0, 2;
    %ret/vec4 0, 0, 2;  Assign to gray_ref (store_vec4_to_lval)
    %jmp T_5.26;
T_5.25 ;
    %pushi/vec4 2, 0, 2;
    %ret/vec4 0, 0, 2;  Assign to gray_ref (store_vec4_to_lval)
    %jmp T_5.26;
T_5.26 ;
    %pop/vec4 1;
    %end;
S_0xa27100c00 .scope task, "reset_all" "reset_all" 3 176, 3 176 0, S_0x105909950;
 .timescale -9 -12;
TD_tb_top_4layer_true_split.reset_all ;
    %pushi/vec4 0, 0, 1;
    %store/vec4 v0xa26ce81e0_0, 0, 1;
    %pushi/vec4 0, 0, 1;
    %store/vec4 v0xa26ce8500_0, 0, 1;
    %pushi/vec4 0, 0, 1;
    %store/vec4 v0xa26ce83c0_0, 0, 1;
    %pushi/vec4 0, 0, 512;
    %store/vec4 v0xa26ce8280_0, 0, 512;
    %pushi/vec4 4294967295, 0, 32;
    %concati/vec4 4294967295, 0, 32;
    %store/vec4 v0xa26ce8320_0, 0, 64;
    %pushi/vec4 0, 0, 1;
    %store/vec4 v0xa26ce8820_0, 0, 1;
    %pushi/vec4 0, 0, 1;
    %store/vec4 v0xa26ce86e0_0, 0, 1;
    %pushi/vec4 0, 0, 512;
    %store/vec4 v0xa26ce85a0_0, 0, 512;
    %pushi/vec4 4294967295, 0, 32;
    %concati/vec4 4294967295, 0, 32;
    %store/vec4 v0xa26ce8640_0, 0, 64;
    %pushi/vec4 1, 0, 1;
    %store/vec4 v0xa26ce7d40_0, 0, 1;
    %pushi/vec4 0, 0, 2048;
    %store/vec4 v0xa26ce7980_0, 0, 2048;
    %pushi/vec4 0, 0, 32;
    %store/vec4 v0xa26ce7a20_0, 0, 32;
    %pushi/vec4 3, 0, 32;
T_6.27 %dup/vec4;
    %pushi/vec4 0, 0, 32;
    %cmp/s;
    %jmp/1xz T_6.28, 5;
    %jmp/1 T_6.28, 4;
    %pushi/vec4 1, 0, 32;
    %sub;
    %wait E_0xa26c03f80;
    %jmp T_6.27;
T_6.28 ;
    %pop/vec4 1;
    %pushi/vec4 1, 0, 1;
    %store/vec4 v0xa26ce81e0_0, 0, 1;
    %wait E_0xa26c03f80;
    %end;
S_0xa27100d80 .scope task, "run_master0_traffic" "run_master0_traffic" 3 251, 3 251 0, S_0x105909950;
 .timescale -9 -12;
v0xa26ce6c60_0 .var/i "beat", 31 0;
v0xa26ce6d00_0 .var "beat_data", 511 0;
v0xa26ce6da0_0 .var/i "p", 31 0;
v0xa26ce6e40_0 .var/i "pkt_len", 31 0;
TD_tb_top_4layer_true_split.run_master0_traffic ;
    %pushi/vec4 0, 0, 32;
    %store/vec4 v0xa26ce6da0_0, 0, 32;
T_7.29 ;
    %load/vec4 v0xa26ce6da0_0;
    %cmpi/s 4, 0, 32;
    %jmp/0xz T_7.30, 5;
    %load/vec4 v0xa26ce6da0_0;
    %cmpi/e 0, 0, 32;
    %jmp/1 T_7.33, 4;
    %flag_mov 8, 4;
    %load/vec4 v0xa26ce6da0_0;
    %cmpi/e 3, 0, 32;
    %flag_or 4, 8;
T_7.33;
    %flag_mov 8, 4;
    %jmp/0 T_7.31, 8;
    %pushi/vec4 4, 0, 32;
    %jmp/1 T_7.32, 8;
T_7.31 ; End of true expr.
    %load/vec4 v0xa26ce6da0_0;
    %cmpi/e 1, 0, 32;
    %flag_mov 9, 4;
    %jmp/0 T_7.34, 9;
    %pushi/vec4 2, 0, 32;
    %jmp/1 T_7.35, 9;
T_7.34 ; End of true expr.
    %pushi/vec4 1, 0, 32;
    %jmp/0 T_7.35, 9;
 ; End of false expr.
    %blend;
T_7.35;
    %jmp/0 T_7.32, 8;
 ; End of false expr.
    %blend;
T_7.32;
    %store/vec4 v0xa26ce6e40_0, 0, 32;
    %pushi/vec4 0, 0, 32;
    %store/vec4 v0xa26ce6c60_0, 0, 32;
T_7.36 ;
    %load/vec4 v0xa26ce6c60_0;
    %load/vec4 v0xa26ce6e40_0;
    %cmp/s;
    %jmp/0xz T_7.37, 5;
    %pushi/vec4 2863267840, 0, 32;
    %concati/vec4 2863267840, 0, 64;
    %concati/vec4 2863267840, 0, 64;
    %concati/vec4 2863267840, 0, 64;
    %concati/vec4 2863267840, 0, 64;
    %concati/vec4 2863267840, 0, 64;
    %concati/vec4 2863267840, 0, 64;
    %concati/vec4 2863267840, 0, 64;
    %concati/vec4 0, 0, 32;
    %pushi/vec4 2147483648, 0, 95;
    %concati/vec4 2147483648, 0, 64;
    %concati/vec4 2147483648, 0, 64;
    %concati/vec4 2147483648, 0, 64;
    %concati/vec4 2147483648, 0, 64;
    %concati/vec4 2147483648, 0, 64;
    %concati/vec4 2147483648, 0, 64;
    %concati/vec4 1, 0, 33;
    %load/vec4 v0xa26ce6da0_0;
    %pad/u 512;
    %muli 16, 0, 512;
    %load/vec4 v0xa26ce6c60_0;
    %pad/u 512;
    %add;
    %mul;
    %xor;
    %store/vec4 v0xa26ce6d00_0, 0, 512;
    %load/vec4 v0xa26ce6d00_0;
    %store/vec4 v0xa26ce70c0_0, 0, 512;
    %load/vec4 v0xa26ce6c60_0;
    %load/vec4 v0xa26ce6e40_0;
    %subi 1, 0, 32;
    %cmp/e;
    %flag_get/vec4 4;
    %store/vec4 v0xa26ce7160_0, 0, 1;
    %fork TD_tb_top_4layer_true_split.send0, S_0xa27101080;
    %join;
    %load/vec4 v0xa26ce6c60_0;
    %addi 1, 0, 32;
    %store/vec4 v0xa26ce6c60_0, 0, 32;
    %jmp T_7.36;
T_7.37 ;
    %load/vec4 v0xa26ce6da0_0;
    %addi 1, 0, 32;
    %store/vec4 v0xa26ce6da0_0, 0, 32;
    %jmp T_7.29;
T_7.30 ;
    %end;
S_0xa27100f00 .scope task, "run_master1_traffic" "run_master1_traffic" 3 267, 3 267 0, S_0x105909950;
 .timescale -9 -12;
v0xa26ce6ee0_0 .var/i "beat", 31 0;
v0xa26ce6f80_0 .var "beat_data", 511 0;
v0xa26ce7020_0 .var/i "f", 31 0;
TD_tb_top_4layer_true_split.run_master1_traffic ;
    %pushi/vec4 0, 0, 32;
    %store/vec4 v0xa26ce7020_0, 0, 32;
T_8.38 ;
    %load/vec4 v0xa26ce7020_0;
    %cmpi/s 2, 0, 32;
    %jmp/0xz T_8.39, 5;
    %pushi/vec4 0, 0, 32;
    %store/vec4 v0xa26ce6ee0_0, 0, 32;
T_8.40 ;
    %load/vec4 v0xa26ce6ee0_0;
    %cmpi/s 4, 0, 32;
    %jmp/0xz T_8.41, 5;
    %pushi/vec4 4261412864, 0, 34;
    %concati/vec4 4261412864, 0, 32;
    %concati/vec4 4261412864, 0, 32;
    %concati/vec4 4261412864, 0, 32;
    %concati/vec4 4261412864, 0, 32;
    %concati/vec4 4261412864, 0, 32;
    %concati/vec4 4261412864, 0, 32;
    %concati/vec4 4261412864, 0, 32;
    %concati/vec4 4261412864, 0, 32;
    %concati/vec4 4261412864, 0, 32;
    %concati/vec4 4261412864, 0, 32;
    %concati/vec4 4261412864, 0, 32;
    %concati/vec4 4261412864, 0, 32;
    %concati/vec4 4261412864, 0, 32;
    %concati/vec4 4261412864, 0, 32;
    %concati/vec4 1065353216, 0, 30;
    %load/vec4 v0xa26ce7020_0;
    %pad/u 512;
    %muli 4, 0, 512;
    %load/vec4 v0xa26ce6ee0_0;
    %pad/u 512;
    %add;
    %add;
    %store/vec4 v0xa26ce6f80_0, 0, 512;
    %load/vec4 v0xa26ce6f80_0;
    %store/vec4 v0xa26ce7200_0, 0, 512;
    %load/vec4 v0xa26ce6ee0_0;
    %pushi/vec4 3, 0, 32;
    %cmp/e;
    %flag_get/vec4 4;
    %store/vec4 v0xa26ce72a0_0, 0, 1;
    %fork TD_tb_top_4layer_true_split.send1, S_0xa27101200;
    %join;
    %load/vec4 v0xa26ce6ee0_0;
    %addi 1, 0, 32;
    %store/vec4 v0xa26ce6ee0_0, 0, 32;
    %jmp T_8.40;
T_8.41 ;
    %load/vec4 v0xa26ce7020_0;
    %addi 1, 0, 32;
    %store/vec4 v0xa26ce7020_0, 0, 32;
    %jmp T_8.38;
T_8.39 ;
    %end;
S_0xa27101080 .scope task, "send0" "send0" 3 190, 3 190 0, S_0x105909950;
 .timescale -9 -12;
v0xa26ce70c0_0 .var "data", 511 0;
v0xa26ce7160_0 .var "last", 0 0;
E_0xa26cdc040 .event negedge, v0xa26c61720_0;
TD_tb_top_4layer_true_split.send0 ;
    %wait E_0xa26cdc040;
    %load/vec4 v0xa26ce70c0_0;
    %store/vec4 v0xa26ce8280_0, 0, 512;
    %pushi/vec4 4294967295, 0, 32;
    %concati/vec4 4294967295, 0, 32;
    %store/vec4 v0xa26ce8320_0, 0, 64;
    %pushi/vec4 1, 0, 1;
    %store/vec4 v0xa26ce8500_0, 0, 1;
    %load/vec4 v0xa26ce7160_0;
    %store/vec4 v0xa26ce83c0_0, 0, 1;
    %wait E_0xa26c03f80;
T_9.42 ;
    %load/vec4 v0xa26ce8460_0;
    %cmpi/ne 1, 0, 1;
    %jmp/0xz T_9.43, 6;
    %wait E_0xa26c03f80;
    %jmp T_9.42;
T_9.43 ;
    %wait E_0xa26cdc040;
    %pushi/vec4 0, 0, 1;
    %store/vec4 v0xa26ce8500_0, 0, 1;
    %pushi/vec4 0, 0, 1;
    %store/vec4 v0xa26ce83c0_0, 0, 1;
    %end;
S_0xa27101200 .scope task, "send1" "send1" 3 202, 3 202 0, S_0x105909950;
 .timescale -9 -12;
v0xa26ce7200_0 .var "data", 511 0;
v0xa26ce72a0_0 .var "last", 0 0;
TD_tb_top_4layer_true_split.send1 ;
    %wait E_0xa26cdc040;
    %load/vec4 v0xa26ce7200_0;
    %store/vec4 v0xa26ce85a0_0, 0, 512;
    %pushi/vec4 4294967295, 0, 32;
    %concati/vec4 4294967295, 0, 32;
    %store/vec4 v0xa26ce8640_0, 0, 64;
    %pushi/vec4 1, 0, 1;
    %store/vec4 v0xa26ce8820_0, 0, 1;
    %load/vec4 v0xa26ce72a0_0;
    %store/vec4 v0xa26ce86e0_0, 0, 1;
    %wait E_0xa26c03f80;
T_10.44 ;
    %load/vec4 v0xa26ce8780_0;
    %cmpi/ne 1, 0, 1;
    %jmp/0xz T_10.45, 6;
    %wait E_0xa26c03f80;
    %jmp T_10.44;
T_10.45 ;
    %wait E_0xa26cdc040;
    %pushi/vec4 0, 0, 1;
    %store/vec4 v0xa26ce8820_0, 0, 1;
    %pushi/vec4 0, 0, 1;
    %store/vec4 v0xa26ce86e0_0, 0, 1;
    %end;
    .scope S_0x105902030;
T_11 ;
    %wait E_0xa26cdc080;
    %load/vec4 v0xa26c63020_0;
    %nor/r;
    %flag_set/vec4 8;
    %jmp/0xz  T_11.0, 8;
    %pushi/vec4 0, 0, 1;
    %assign/vec4 v0xa26c62c60_0, 0;
    %pushi/vec4 0, 0, 1;
    %assign/vec4 v0xa26c62b20_0, 0;
    %pushi/vec4 1, 0, 1;
    %assign/vec4 v0xa26c62bc0_0, 0;
    %pushi/vec4 0, 0, 32;
    %assign/vec4 v0xa26c628a0_0, 0;
    %pushi/vec4 0, 0, 32;
    %assign/vec4 v0xa26c62940_0, 0;
    %jmp T_11.1;
T_11.0 ;
    %load/vec4 v0xa26c62c60_0;
    %nor/r;
    %flag_set/vec4 8;
    %jmp/0xz  T_11.2, 8;
    %load/vec4 v0xa26c62f80_0;
    %flag_set/vec4 9;
    %flag_get/vec4 9;
    %jmp/0 T_11.6, 9;
    %load/vec4 v0xa26c62ee0_0;
    %and;
T_11.6;
    %flag_set/vec4 8;
    %jmp/0xz  T_11.4, 8;
    %load/vec4 v0xa26c629e0_0;
    %assign/vec4 v0xa26c62b20_0, 0;
    %load/vec4 v0xa26c62e40_0;
    %nor/r;
    %flag_set/vec4 8;
    %jmp/0xz  T_11.7, 8;
    %pushi/vec4 1, 0, 1;
    %assign/vec4 v0xa26c62c60_0, 0;
    %jmp T_11.8;
T_11.7 ;
    %load/vec4 v0xa26c629e0_0;
    %assign/vec4 v0xa26c62bc0_0, 0;
    %load/vec4 v0xa26c629e0_0;
    %flag_set/vec4 8;
    %jmp/0xz  T_11.9, 8;
    %load/vec4 v0xa26c62940_0;
    %addi 1, 0, 32;
    %assign/vec4 v0xa26c62940_0, 0;
    %jmp T_11.10;
T_11.9 ;
    %load/vec4 v0xa26c628a0_0;
    %addi 1, 0, 32;
    %assign/vec4 v0xa26c628a0_0, 0;
T_11.10 ;
T_11.8 ;
T_11.4 ;
    %jmp T_11.3;
T_11.2 ;
    %load/vec4 v0xa26c62f80_0;
    %flag_set/vec4 10;
    %flag_get/vec4 10;
    %jmp/0 T_11.14, 10;
    %load/vec4 v0xa26c62ee0_0;
    %and;
T_11.14;
    %flag_set/vec4 9;
    %flag_get/vec4 9;
    %jmp/0 T_11.13, 9;
    %load/vec4 v0xa26c62e40_0;
    %and;
T_11.13;
    %flag_set/vec4 8;
    %jmp/0xz  T_11.11, 8;
    %pushi/vec4 0, 0, 1;
    %assign/vec4 v0xa26c62c60_0, 0;
    %load/vec4 v0xa26c62b20_0;
    %assign/vec4 v0xa26c62bc0_0, 0;
    %load/vec4 v0xa26c62b20_0;
    %flag_set/vec4 8;
    %jmp/0xz  T_11.15, 8;
    %load/vec4 v0xa26c62940_0;
    %addi 1, 0, 32;
    %assign/vec4 v0xa26c62940_0, 0;
    %jmp T_11.16;
T_11.15 ;
    %load/vec4 v0xa26c628a0_0;
    %addi 1, 0, 32;
    %assign/vec4 v0xa26c628a0_0, 0;
T_11.16 ;
T_11.11 ;
T_11.3 ;
T_11.1 ;
    %jmp T_11;
    .thread T_11;
    .scope S_0x105901eb0;
T_12 ;
    %wait E_0xa26cdc080;
    %load/vec4 v0xa26c61ae0_0;
    %nor/r;
    %flag_set/vec4 8;
    %jmp/0xz  T_12.0, 8;
    %pushi/vec4 0, 0, 1;
    %assign/vec4 v0xa26c61a40_0, 0;
    %pushi/vec4 0, 0, 512;
    %assign/vec4 v0xa26c617c0_0, 0;
    %pushi/vec4 0, 0, 64;
    %assign/vec4 v0xa26c61860_0, 0;
    %pushi/vec4 0, 0, 1;
    %assign/vec4 v0xa26c61900_0, 0;
    %jmp T_12.1;
T_12.0 ;
    %load/vec4 v0xa26c61d60_0;
    %flag_set/vec4 8;
    %jmp/0xz  T_12.2, 8;
    %load/vec4 v0xa26c61e00_0;
    %assign/vec4 v0xa26c61a40_0, 0;
    %load/vec4 v0xa26c61e00_0;
    %flag_set/vec4 8;
    %jmp/0xz  T_12.4, 8;
    %load/vec4 v0xa26c61b80_0;
    %assign/vec4 v0xa26c617c0_0, 0;
    %load/vec4 v0xa26c61c20_0;
    %assign/vec4 v0xa26c61860_0, 0;
    %load/vec4 v0xa26c61cc0_0;
    %assign/vec4 v0xa26c61900_0, 0;
T_12.4 ;
T_12.2 ;
T_12.1 ;
    %jmp T_12;
    .thread T_12;
    .scope S_0xa27100000;
T_13 ;
    %wait E_0xa26cdc080;
    %load/vec4 v0xa26ce4320_0;
    %nor/r;
    %flag_set/vec4 8;
    %jmp/0xz  T_13.0, 8;
    %pushi/vec4 0, 0, 1;
    %assign/vec4 v0xa26ce46e0_0, 0;
    %pushi/vec4 1, 0, 1;
    %assign/vec4 v0xa26ce45a0_0, 0;
    %pushi/vec4 0, 0, 2048;
    %assign/vec4 v0xa26c63f20_0, 0;
    %pushi/vec4 0, 0, 2;
    %assign/vec4 v0xa26ce4780_0, 0;
    %pushi/vec4 0, 0, 2048;
    %assign/vec4 v0xa26ce40a0_0, 0;
    %pushi/vec4 0, 0, 32;
    %assign/vec4 v0xa26ce4000_0, 0;
    %pushi/vec4 0, 0, 1;
    %assign/vec4 v0xa26ce4280_0, 0;
    %pushi/vec4 0, 0, 1;
    %assign/vec4 v0xa26ce4140_0, 0;
    %jmp T_13.1;
T_13.0 ;
    %load/vec4 v0xa26ce46e0_0;
    %dup/vec4;
    %pushi/vec4 0, 0, 1;
    %cmp/u;
    %jmp/1 T_13.2, 6;
    %dup/vec4;
    %pushi/vec4 1, 0, 1;
    %cmp/u;
    %jmp/1 T_13.3, 6;
    %pushi/vec4 0, 0, 1;
    %assign/vec4 v0xa26ce46e0_0, 0;
    %jmp T_13.5;
T_13.2 ;
    %pushi/vec4 1, 0, 1;
    %assign/vec4 v0xa26ce45a0_0, 0;
    %load/vec4 v0xa26ce4640_0;
    %flag_set/vec4 9;
    %flag_get/vec4 9;
    %jmp/0 T_13.8, 9;
    %load/vec4 v0xa26ce45a0_0;
    %and;
T_13.8;
    %flag_set/vec4 8;
    %jmp/0xz  T_13.6, 8;
    %fork t_1, S_0xa27100180;
    %jmp t_0;
    .scope S_0xa27100180;
t_1 ;
    %pushi/vec4 0, 0, 32;
    %store/vec4 v0xa26c61ea0_0, 0, 32;
T_13.9 ;
    %load/vec4 v0xa26c61ea0_0;
    %cmpi/s 64, 0, 32;
    %jmp/0xz T_13.10, 5;
    %load/vec4 v0xa26ce4460_0;
    %load/vec4 v0xa26c61ea0_0;
    %part/s 1;
    %flag_set/vec4 8;
    %jmp/0xz  T_13.11, 8;
    %load/vec4 v0xa26ce43c0_0;
    %load/vec4 v0xa26c61ea0_0;
    %muli 8, 0, 32;
    %part/s 8;
    %ix/load 5, 0, 0;
    %load/vec4 v0xa26ce4780_0;
    %pad/u 32;
    %muli 512, 0, 32;
    %load/vec4 v0xa26c61ea0_0;
    %muli 8, 0, 32;
    %add;
    %ix/vec4 4;
    %assign/vec4/off/d v0xa26c63f20_0, 4, 5;
    %jmp T_13.12;
T_13.11 ;
    %pushi/vec4 0, 0, 8;
    %ix/load 5, 0, 0;
    %load/vec4 v0xa26ce4780_0;
    %pad/u 32;
    %muli 512, 0, 32;
    %load/vec4 v0xa26c61ea0_0;
    %muli 8, 0, 32;
    %add;
    %ix/vec4 4;
    %assign/vec4/off/d v0xa26c63f20_0, 4, 5;
T_13.12 ;
    %load/vec4 v0xa26c61ea0_0;
    %addi 1, 0, 32;
    %store/vec4 v0xa26c61ea0_0, 0, 32;
    %jmp T_13.9;
T_13.10 ;
    %load/vec4 v0xa26ce4500_0;
    %flag_set/vec4 8;
    %jmp/0xz  T_13.13, 8;
    %pushi/vec4 0, 0, 1;
    %assign/vec4 v0xa26ce45a0_0, 0;
    %pushi/vec4 0, 0, 2;
    %assign/vec4 v0xa26ce4780_0, 0;
    %load/vec4 v0xa26ce4780_0;
    %pad/u 64;
    %pushi/vec4 3, 0, 64;
    %cmp/ne;
    %flag_get/vec4 4;
    %assign/vec4 v0xa26ce4140_0, 0;
    %pushi/vec4 1, 0, 1;
    %assign/vec4 v0xa26ce46e0_0, 0;
    %jmp T_13.14;
T_13.13 ;
    %load/vec4 v0xa26ce4780_0;
    %pad/u 64;
    %cmpi/e 3, 0, 64;
    %jmp/0xz  T_13.15, 4;
    %pushi/vec4 0, 0, 1;
    %assign/vec4 v0xa26ce45a0_0, 0;
    %pushi/vec4 0, 0, 2;
    %assign/vec4 v0xa26ce4780_0, 0;
    %pushi/vec4 0, 0, 1;
    %assign/vec4 v0xa26ce4140_0, 0;
    %pushi/vec4 1, 0, 1;
    %assign/vec4 v0xa26ce46e0_0, 0;
    %jmp T_13.16;
T_13.15 ;
    %load/vec4 v0xa26ce4780_0;
    %addi 1, 0, 2;
    %assign/vec4 v0xa26ce4780_0, 0;
T_13.16 ;
T_13.14 ;
    %end;
    .scope S_0xa27100000;
t_0 %join;
T_13.6 ;
    %jmp T_13.5;
T_13.3 ;
    %load/vec4 v0xa26c63f20_0;
    %assign/vec4 v0xa26ce40a0_0, 0;
    %load/vec4 v0xa26c63f20_0;
    %store/vec4 v0xa26c63de0_0, 0, 2048;
    %callf/vec4 TD_tb_top_4layer_true_split.dut.u_layer3.crc32_flit, S_0xa27100480;
    %assign/vec4 v0xa26ce4000_0, 0;
    %pushi/vec4 1, 0, 1;
    %assign/vec4 v0xa26ce4280_0, 0;
    %load/vec4 v0xa26ce4280_0;
    %flag_set/vec4 9;
    %flag_get/vec4 9;
    %jmp/0 T_13.19, 9;
    %load/vec4 v0xa26ce41e0_0;
    %and;
T_13.19;
    %flag_set/vec4 8;
    %jmp/0xz  T_13.17, 8;
    %pushi/vec4 0, 0, 1;
    %assign/vec4 v0xa26ce4280_0, 0;
    %pushi/vec4 0, 0, 2048;
    %assign/vec4 v0xa26c63f20_0, 0;
    %pushi/vec4 1, 0, 1;
    %assign/vec4 v0xa26ce45a0_0, 0;
    %pushi/vec4 0, 0, 1;
    %assign/vec4 v0xa26ce46e0_0, 0;
T_13.17 ;
    %jmp T_13.5;
T_13.5 ;
    %pop/vec4 1;
T_13.1 ;
    %jmp T_13;
    .thread T_13;
    .scope S_0xa27100600;
T_14 ;
    %end;
    .thread T_14;
    .scope S_0xa27100600;
T_15 ;
    %wait E_0xa26cdc080;
    %load/vec4 v0xa26ce5180_0;
    %nor/r;
    %flag_set/vec4 8;
    %jmp/0xz  T_15.0, 8;
    %pushi/vec4 0, 0, 2;
    %assign/vec4 v0xa26ce54a0_0, 0;
    %pushi/vec4 1, 0, 1;
    %assign/vec4 v0xa26ce5360_0, 0;
    %pushi/vec4 0, 0, 2080;
    %assign/vec4 v0xa26ce4d20_0, 0;
    %pushi/vec4 0, 0, 520;
    %assign/vec4 v0xa26ce4dc0_0, 0;
    %pushi/vec4 0, 0, 520;
    %assign/vec4 v0xa26ce4e60_0, 0;
    %pushi/vec4 0, 0, 520;
    %assign/vec4 v0xa26ce4f00_0, 0;
    %pushi/vec4 0, 0, 520;
    %assign/vec4 v0xa26ce4fa0_0, 0;
    %pushi/vec4 0, 0, 1;
    %assign/vec4 v0xa26ce50e0_0, 0;
    %jmp T_15.1;
T_15.0 ;
    %load/vec4 v0xa26ce54a0_0;
    %dup/vec4;
    %pushi/vec4 0, 0, 2;
    %cmp/u;
    %jmp/1 T_15.2, 6;
    %dup/vec4;
    %pushi/vec4 1, 0, 2;
    %cmp/u;
    %jmp/1 T_15.3, 6;
    %dup/vec4;
    %pushi/vec4 2, 0, 2;
    %cmp/u;
    %jmp/1 T_15.4, 6;
    %pushi/vec4 0, 0, 2;
    %assign/vec4 v0xa26ce54a0_0, 0;
    %jmp T_15.6;
T_15.2 ;
    %pushi/vec4 1, 0, 1;
    %assign/vec4 v0xa26ce5360_0, 0;
    %load/vec4 v0xa26ce5400_0;
    %flag_set/vec4 9;
    %flag_get/vec4 9;
    %jmp/0 T_15.9, 9;
    %load/vec4 v0xa26ce5360_0;
    %and;
T_15.9;
    %flag_set/vec4 8;
    %jmp/0xz  T_15.7, 8;
    %load/vec4 v0xa26ce5220_0;
    %load/vec4 v0xa26ce52c0_0;
    %concat/vec4; draw_concat_vec4
    %assign/vec4 v0xa26ce4d20_0, 0;
    %pushi/vec4 0, 0, 1;
    %assign/vec4 v0xa26ce5360_0, 0;
    %pushi/vec4 1, 0, 2;
    %assign/vec4 v0xa26ce54a0_0, 0;
T_15.7 ;
    %jmp T_15.6;
T_15.3 ;
    %fork t_3, S_0xa27100780;
    %jmp t_2;
    .scope S_0xa27100780;
t_3 ;
    %pushi/vec4 0, 0, 32;
    %store/vec4 v0xa26ce4aa0_0, 0, 32;
T_15.10 ;
    %load/vec4 v0xa26ce4aa0_0;
    %pad/s 65;
    %cmpi/s 1040, 0, 65;
    %jmp/0xz T_15.11, 5;
    %load/vec4 v0xa26ce4aa0_0;
    %pushi/vec4 4, 0, 32;
    %mod/s;
    %store/vec4 v0xa26ce48c0_0, 0, 32;
    %load/vec4 v0xa26ce4aa0_0;
    %pushi/vec4 4, 0, 32;
    %div/s;
    %store/vec4 v0xa26ce4960_0, 0, 32;
    %load/vec4 v0xa26ce4d20_0;
    %load/vec4 v0xa26ce4aa0_0;
    %muli 2, 0, 32;
    %part/s 2;
    %store/vec4 v0xa26ce4a00_0, 0, 2;
    %load/vec4 v0xa26ce4a00_0;
    %store/vec4 v0xa26ce4be0_0, 0, 2;
    %callf/vec4 TD_tb_top_4layer_true_split.dut.u_layer4.gray_encode, S_0xa27100900;
    %store/vec4 v0xa26ce4820_0, 0, 2;
    %load/vec4 v0xa26ce48c0_0;
    %dup/vec4;
    %pushi/vec4 0, 0, 32;
    %cmp/u;
    %jmp/1 T_15.12, 6;
    %dup/vec4;
    %pushi/vec4 1, 0, 32;
    %cmp/u;
    %jmp/1 T_15.13, 6;
    %dup/vec4;
    %pushi/vec4 2, 0, 32;
    %cmp/u;
    %jmp/1 T_15.14, 6;
    %dup/vec4;
    %pushi/vec4 3, 0, 32;
    %cmp/u;
    %jmp/1 T_15.15, 6;
    %jmp T_15.16;
T_15.12 ;
    %load/vec4 v0xa26ce4820_0;
    %ix/load 5, 0, 0;
    %load/vec4 v0xa26ce4960_0;
    %muli 2, 0, 32;
    %ix/vec4/s 4;
    %assign/vec4/off/d v0xa26ce4dc0_0, 4, 5;
    %jmp T_15.16;
T_15.13 ;
    %load/vec4 v0xa26ce4820_0;
    %ix/load 5, 0, 0;
    %load/vec4 v0xa26ce4960_0;
    %muli 2, 0, 32;
    %ix/vec4/s 4;
    %assign/vec4/off/d v0xa26ce4e60_0, 4, 5;
    %jmp T_15.16;
T_15.14 ;
    %load/vec4 v0xa26ce4820_0;
    %ix/load 5, 0, 0;
    %load/vec4 v0xa26ce4960_0;
    %muli 2, 0, 32;
    %ix/vec4/s 4;
    %assign/vec4/off/d v0xa26ce4f00_0, 4, 5;
    %jmp T_15.16;
T_15.15 ;
    %load/vec4 v0xa26ce4820_0;
    %ix/load 5, 0, 0;
    %load/vec4 v0xa26ce4960_0;
    %muli 2, 0, 32;
    %ix/vec4/s 4;
    %assign/vec4/off/d v0xa26ce4fa0_0, 4, 5;
    %jmp T_15.16;
T_15.16 ;
    %pop/vec4 1;
    %load/vec4 v0xa26ce4aa0_0;
    %addi 1, 0, 32;
    %store/vec4 v0xa26ce4aa0_0, 0, 32;
    %jmp T_15.10;
T_15.11 ;
    %pushi/vec4 1, 0, 1;
    %assign/vec4 v0xa26ce50e0_0, 0;
    %pushi/vec4 2, 0, 2;
    %assign/vec4 v0xa26ce54a0_0, 0;
    %end;
    .scope S_0xa27100600;
t_2 %join;
    %jmp T_15.6;
T_15.4 ;
    %load/vec4 v0xa26ce50e0_0;
    %flag_set/vec4 9;
    %flag_get/vec4 9;
    %jmp/0 T_15.19, 9;
    %load/vec4 v0xa26ce5040_0;
    %and;
T_15.19;
    %flag_set/vec4 8;
    %jmp/0xz  T_15.17, 8;
    %pushi/vec4 0, 0, 1;
    %assign/vec4 v0xa26ce50e0_0, 0;
    %pushi/vec4 1, 0, 1;
    %assign/vec4 v0xa26ce5360_0, 0;
    %pushi/vec4 0, 0, 2;
    %assign/vec4 v0xa26ce54a0_0, 0;
T_15.17 ;
    %jmp T_15.6;
T_15.6 ;
    %pop/vec4 1;
T_15.1 ;
    %jmp T_15;
    .thread T_15;
    .scope S_0x105909950;
T_16 ;
    %pushi/vec4 0, 0, 32;
    %store/vec4 v0xa26ce7e80_0, 0, 32;
    %pushi/vec4 0, 0, 32;
    %store/vec4 v0xa26ce77a0_0, 0, 32;
    %pushi/vec4 0, 0, 32;
    %store/vec4 v0xa26ce78e0_0, 0, 32;
    %pushi/vec4 0, 0, 32;
    %store/vec4 v0xa26ce7840_0, 0, 32;
    %pushi/vec4 0, 0, 32;
    %store/vec4 v0xa26ce8140_0, 0, 32;
    %pushi/vec4 0, 0, 32;
    %store/vec4 v0xa26ce80a0_0, 0, 32;
    %end;
    .thread T_16, $init;
    .scope S_0x105909950;
T_17 ;
    %delay 5000, 0;
    %load/vec4 v0xa26ce7480_0;
    %inv;
    %store/vec4 v0xa26ce7480_0, 0, 1;
    %jmp T_17;
    .thread T_17;
    .scope S_0x105909950;
T_18 ;
    %fork t_5, S_0x1058f4ab0;
    %jmp t_4;
    .scope S_0x1058f4ab0;
t_5 ;
    %pushi/vec4 0, 0, 32;
    %store/vec4 v0xa26c60d20_0, 0, 32;
T_18.0 ;
    %load/vec4 v0xa26c60d20_0;
    %cmpi/s 256, 0, 32;
    %jmp/0xz T_18.1, 5;
    %load/vec4 v0xa26c60d20_0;
    %store/vec4 v0xa26c60be0_0, 0, 32;
    %pushi/vec4 0, 0, 32;
    %store/vec4 v0xa26c60c80_0, 0, 32;
T_18.2 ;
    %load/vec4 v0xa26c60c80_0;
    %cmpi/s 8, 0, 32;
    %jmp/0xz T_18.3, 5;
    %load/vec4 v0xa26c60be0_0;
    %parti/s 1, 0, 2;
    %flag_set/vec4 8;
    %jmp/0 T_18.4, 8;
    %pushi/vec4 3988292384, 0, 32;
    %load/vec4 v0xa26c60be0_0;
    %ix/load 4, 1, 0;
    %flag_set/imm 4, 0;
    %shiftr 4;
    %xor;
    %jmp/1 T_18.5, 8;
T_18.4 ; End of true expr.
    %load/vec4 v0xa26c60be0_0;
    %ix/load 4, 1, 0;
    %flag_set/imm 4, 0;
    %shiftr 4;
    %jmp/0 T_18.5, 8;
 ; End of false expr.
    %blend;
T_18.5;
    %store/vec4 v0xa26c60be0_0, 0, 32;
    %load/vec4 v0xa26c60c80_0;
    %addi 1, 0, 32;
    %store/vec4 v0xa26c60c80_0, 0, 32;
    %jmp T_18.2;
T_18.3 ;
    %load/vec4 v0xa26c60be0_0;
    %ix/getv/s 4, v0xa26c60d20_0;
    %store/vec4a v0xa26ce7520, 4, 0;
    %load/vec4 v0xa26c60d20_0;
    %addi 1, 0, 32;
    %store/vec4 v0xa26c60d20_0, 0, 32;
    %jmp T_18.0;
T_18.1 ;
    %end;
    .scope S_0x105909950;
t_4 %join;
    %end;
    .thread T_18;
    .scope S_0x105909950;
T_19 ;
    %wait E_0xa26c03f80;
    %load/vec4 v0xa26ce81e0_0;
    %flag_set/vec4 10;
    %flag_get/vec4 10;
    %jmp/0 T_19.3, 10;
    %load/vec4 v0xa26ce57c0_0;
    %and;
T_19.3;
    %flag_set/vec4 9;
    %flag_get/vec4 9;
    %jmp/0 T_19.2, 9;
    %load/vec4 v0xa26ce5720_0;
    %and;
T_19.2;
    %flag_set/vec4 8;
    %jmp/0xz  T_19.0, 8;
    %fork t_7, S_0x105907260;
    %jmp t_6;
    .scope S_0x105907260;
t_7 ;
    %pushi/vec4 0, 0, 32;
    %store/vec4 v0xa26c60460_0, 0, 32;
T_19.4 ;
    %load/vec4 v0xa26c60460_0;
    %cmpi/s 64, 0, 32;
    %jmp/0xz T_19.5, 5;
    %load/vec4 v0xa26ce55e0_0;
    %load/vec4 v0xa26c60460_0;
    %part/s 1;
    %flag_set/vec4 8;
    %jmp/0xz  T_19.6, 8;
    %load/vec4 v0xa26ce5540_0;
    %load/vec4 v0xa26c60460_0;
    %muli 8, 0, 32;
    %part/s 8;
    %ix/load 5, 0, 0;
    %load/vec4 v0xa26ce7a20_0;
    %muli 512, 0, 32;
    %load/vec4 v0xa26c60460_0;
    %muli 8, 0, 32;
    %add;
    %ix/vec4/s 4;
    %assign/vec4/off/d v0xa26ce7980_0, 4, 5;
    %jmp T_19.7;
T_19.6 ;
    %pushi/vec4 0, 0, 8;
    %ix/load 5, 0, 0;
    %load/vec4 v0xa26ce7a20_0;
    %muli 512, 0, 32;
    %load/vec4 v0xa26c60460_0;
    %muli 8, 0, 32;
    %add;
    %ix/vec4/s 4;
    %assign/vec4/off/d v0xa26ce7980_0, 4, 5;
T_19.7 ;
    %load/vec4 v0xa26c60460_0;
    %addi 1, 0, 32;
    %store/vec4 v0xa26c60460_0, 0, 32;
    %jmp T_19.4;
T_19.5 ;
    %load/vec4 v0xa26ce5680_0;
    %flag_set/vec4 8;
    %jmp/1 T_19.10, 8;
    %load/vec4 v0xa26ce7a20_0;
    %cmpi/e 3, 0, 32;
    %flag_or 8, 4;
T_19.10;
    %jmp/0xz  T_19.8, 8;
    %pushi/vec4 0, 0, 32;
    %assign/vec4 v0xa26ce7a20_0, 0;
    %jmp T_19.9;
T_19.8 ;
    %load/vec4 v0xa26ce7a20_0;
    %addi 1, 0, 32;
    %assign/vec4 v0xa26ce7a20_0, 0;
T_19.9 ;
    %end;
    .scope S_0x105909950;
t_6 %join;
T_19.0 ;
    %jmp T_19;
    .thread T_19;
    .scope S_0x105909950;
T_20 ;
    %wait E_0xa26c03f80;
    %load/vec4 v0xa26ce81e0_0;
    %flag_set/vec4 10;
    %flag_get/vec4 10;
    %jmp/0 T_20.2, 10;
    %load/vec4 v0xa26ce57c0_0;
    %and;
T_20.2;
    %flag_set/vec4 9;
    %flag_get/vec4 9;
    %jmp/0 T_20.1, 9;
    %load/vec4 v0xa26ce5720_0;
    %and;
T_20.1;
    %flag_set/vec4 8;
    %flag_get/vec4 8;
    %jmp/0 T_20.0, 8;
    %load/vec4 v0xa26ce5680_0;
    %and;
T_20.0;
    %assign/vec4 v0xa26ce73e0_0, 0;
    %load/vec4 v0xa26ce81e0_0;
    %flag_set/vec4 11;
    %flag_get/vec4 11;
    %jmp/0 T_20.6, 11;
    %load/vec4 v0xa26ce57c0_0;
    %and;
T_20.6;
    %flag_set/vec4 10;
    %flag_get/vec4 10;
    %jmp/0 T_20.5, 10;
    %load/vec4 v0xa26ce5720_0;
    %and;
T_20.5;
    %flag_set/vec4 9;
    %flag_get/vec4 9;
    %jmp/0 T_20.4, 9;
    %load/vec4 v0xa26ce5680_0;
    %nor/r;
    %and;
T_20.4;
    %flag_set/vec4 8;
    %flag_get/vec4 8;
    %jmp/0 T_20.3, 8;
    %load/vec4 v0xa26ce7a20_0;
    %pushi/vec4 3, 0, 32;
    %cmp/e;
    %flag_get/vec4 4;
    %and;
T_20.3;
    %assign/vec4 v0xa26ce7340_0, 0;
    %load/vec4 v0xa26ce73e0_0;
    %flag_set/vec4 8;
    %jmp/1 T_20.9, 8;
    %load/vec4 v0xa26ce7340_0;
    %flag_set/vec4 9;
    %flag_or 8, 9;
T_20.9;
    %jmp/0xz  T_20.7, 8;
    %load/vec4 v0xa26ce7980_0;
    %ix/getv/s 4, v0xa26ce8140_0;
    %store/vec4a v0xa26ce8000, 4, 0;
    %load/vec4 v0xa26ce7980_0;
    %store/vec4 v0xa26c60fa0_0, 0, 2048;
    %callf/vec4 TD_tb_top_4layer_true_split.crc32_table_ref, S_0x1058f4c30;
    %ix/getv/s 4, v0xa26ce8140_0;
    %store/vec4a v0xa26ce7f20, 4, 0;
    %load/vec4 v0xa26ce8140_0;
    %addi 1, 0, 32;
    %store/vec4 v0xa26ce8140_0, 0, 32;
    %load/vec4 v0xa26ce78e0_0;
    %addi 1, 0, 32;
    %store/vec4 v0xa26ce78e0_0, 0, 32;
    %pushi/vec4 0, 0, 2048;
    %store/vec4 v0xa26ce7980_0, 0, 2048;
T_20.7 ;
    %jmp T_20;
    .thread T_20;
    .scope S_0x105909950;
T_21 ;
    %delay 2000000000, 0;
    %vpi_call/w 3 282 "$display", "SAFETY TIMEOUT HIT -- deadlock, not a normal completion" {0 0 0};
    %vpi_call/w 3 283 "$finish" {0 0 0};
    %end;
    .thread T_21;
    .scope S_0x105909950;
T_22 ;
    %pushi/vec4 0, 0, 1;
    %store/vec4 v0xa26ce7480_0, 0, 1;
    %fork TD_tb_top_4layer_true_split.reset_all, S_0xa27100c00;
    %join;
    %fork t_9, S_0x105909950;
    %fork t_10, S_0x105909950;
    %fork t_11, S_0x105909950;
    %join;
    %join;
    %join;
    %jmp t_8;
t_9 ;
    %fork TD_tb_top_4layer_true_split.run_master0_traffic, S_0xa27100d80;
    %join;
    %end;
t_10 ;
    %fork TD_tb_top_4layer_true_split.run_master1_traffic, S_0xa27100f00;
    %join;
    %end;
t_11 ;
    %alloc S_0x105902ad0;
    %pushi/vec4 6, 0, 32;
    %store/vec4 v0xa26c61220_0, 0, 32;
    %fork TD_tb_top_4layer_true_split.drain_and_check, S_0x105902ad0;
    %join;
    %free S_0x105902ad0;
    %end;
    .scope S_0x105909950;
t_8 ;
    %fork t_13, S_0x1058ff9c0;
    %jmp t_12;
    .scope S_0x1058ff9c0;
t_13 ;
    %load/vec4 v0xa26ce78e0_0;
    %store/vec4 v0xa26c60a00_0, 0, 32;
    %pushi/vec4 0, 0, 32;
    %store/vec4 v0xa26c60b40_0, 0, 32;
    %pushi/vec4 0, 0, 1;
    %store/vec4 v0xa26c60aa0_0, 0, 1;
    %pushi/vec4 0, 0, 1;
    %store/vec4 v0xa26ce7d40_0, 0, 1;
    %fork t_15, S_0x1058ff9c0;
    %fork t_16, S_0x1058ff9c0;
    %fork t_17, S_0x1058ff9c0;
    %join;
    %join;
    %join;
    %jmp t_14;
t_15 ;
    %pushi/vec4 0, 0, 32;
    %store/vec4 v0xa26c60960_0, 0, 32;
T_22.0 ;
    %load/vec4 v0xa26c60960_0;
    %cmpi/s 3, 0, 32;
    %jmp/0xz T_22.1, 5;
    %pushi/vec4 0, 0, 32;
    %store/vec4 v0xa26c60820_0, 0, 32;
T_22.2 ;
    %load/vec4 v0xa26c60820_0;
    %cmpi/s 4, 0, 32;
    %jmp/0xz T_22.3, 5;
    %pushi/vec4 4027383808, 0, 32;
    %concati/vec4 4027383808, 0, 64;
    %concati/vec4 4027383808, 0, 64;
    %concati/vec4 4027383808, 0, 64;
    %concati/vec4 4027383808, 0, 64;
    %concati/vec4 4027383808, 0, 64;
    %concati/vec4 4027383808, 0, 64;
    %concati/vec4 4027383808, 0, 64;
    %concati/vec4 0, 0, 32;
    %pushi/vec4 2147483648, 0, 95;
    %concati/vec4 2147483648, 0, 64;
    %concati/vec4 2147483648, 0, 64;
    %concati/vec4 2147483648, 0, 64;
    %concati/vec4 2147483648, 0, 64;
    %concati/vec4 2147483648, 0, 64;
    %concati/vec4 2147483648, 0, 64;
    %concati/vec4 1, 0, 33;
    %load/vec4 v0xa26c60960_0;
    %pad/u 512;
    %muli 4, 0, 512;
    %load/vec4 v0xa26c60820_0;
    %pad/u 512;
    %add;
    %mul;
    %xor;
    %store/vec4 v0xa26c608c0_0, 0, 512;
    %load/vec4 v0xa26c608c0_0;
    %store/vec4 v0xa26ce70c0_0, 0, 512;
    %load/vec4 v0xa26c60820_0;
    %pushi/vec4 3, 0, 32;
    %cmp/e;
    %flag_get/vec4 4;
    %store/vec4 v0xa26ce7160_0, 0, 1;
    %fork TD_tb_top_4layer_true_split.send0, S_0xa27101080;
    %join;
    %load/vec4 v0xa26c60820_0;
    %addi 1, 0, 32;
    %store/vec4 v0xa26c60820_0, 0, 32;
    %jmp T_22.2;
T_22.3 ;
    %load/vec4 v0xa26c60960_0;
    %addi 1, 0, 32;
    %store/vec4 v0xa26c60960_0, 0, 32;
    %jmp T_22.0;
T_22.1 ;
    %pushi/vec4 1, 0, 1;
    %store/vec4 v0xa26c60aa0_0, 0, 1;
    %end;
t_16 ;
T_22.4 ;
    %load/vec4 v0xa26c60aa0_0;
    %nor/r;
    %flag_set/vec4 8;
    %jmp/0xz T_22.5, 8;
    %wait E_0xa26c03f80;
    %load/vec4 v0xa26ce8460_0;
    %cmpi/e 0, 0, 1;
    %jmp/0xz  T_22.6, 6;
    %load/vec4 v0xa26c60b40_0;
    %addi 1, 0, 32;
    %store/vec4 v0xa26c60b40_0, 0, 32;
T_22.6 ;
    %jmp T_22.4;
T_22.5 ;
    %end;
t_17 ;
    %pushi/vec4 30, 0, 32;
T_22.8 %dup/vec4;
    %pushi/vec4 0, 0, 32;
    %cmp/s;
    %jmp/1xz T_22.9, 5;
    %jmp/1 T_22.9, 4;
    %pushi/vec4 1, 0, 32;
    %sub;
    %wait E_0xa26c03f80;
    %jmp T_22.8;
T_22.9 ;
    %pop/vec4 1;
    %pushi/vec4 1, 0, 1;
    %store/vec4 v0xa26ce7d40_0, 0, 1;
    %end;
    .scope S_0x1058ff9c0;
t_14 ;
    %load/vec4 v0xa26c60b40_0;
    %cmpi/s 0, 0, 32;
    %flag_or 5, 4; GT is !LE
    %flag_inv 5;
    %jmp/0xz  T_22.10, 5;
    %load/vec4 v0xa26ce7e80_0;
    %addi 1, 0, 32;
    %store/vec4 v0xa26ce7e80_0, 0, 32;
    %jmp T_22.11;
T_22.10 ;
    %load/vec4 v0xa26ce77a0_0;
    %addi 1, 0, 32;
    %store/vec4 v0xa26ce77a0_0, 0, 32;
    %vpi_call/w 3 351 "$display", "FAIL [backpressure]: s_axis0_tready never deasserted -- stall did not reach the input" {0 0 0};
T_22.11 ;
    %fork t_19, S_0x1058ffb40;
    %jmp t_18;
    .scope S_0x1058ffb40;
t_19 ;
    %pushi/vec4 0, 0, 32;
    %store/vec4 v0xa26c60640_0, 0, 32;
T_22.12 ;
    %load/vec4 v0xa26c60640_0;
    %cmpi/s 3, 0, 32;
    %jmp/0xz T_22.13, 5;
    %pushi/vec4 0, 0, 32;
    %store/vec4 v0xa26c60500_0, 0, 32;
T_22.14 ;
    %load/vec4 v0xa26c60500_0;
    %cmpi/s 4, 0, 32;
    %jmp/0xz T_22.15, 5;
    %pushi/vec4 4027383808, 0, 32;
    %concati/vec4 4027383808, 0, 64;
    %concati/vec4 4027383808, 0, 64;
    %concati/vec4 4027383808, 0, 64;
    %concati/vec4 4027383808, 0, 64;
    %concati/vec4 4027383808, 0, 64;
    %concati/vec4 4027383808, 0, 64;
    %concati/vec4 4027383808, 0, 64;
    %concati/vec4 0, 0, 32;
    %pushi/vec4 2147483648, 0, 95;
    %concati/vec4 2147483648, 0, 64;
    %concati/vec4 2147483648, 0, 64;
    %concati/vec4 2147483648, 0, 64;
    %concati/vec4 2147483648, 0, 64;
    %concati/vec4 2147483648, 0, 64;
    %concati/vec4 2147483648, 0, 64;
    %concati/vec4 1, 0, 33;
    %load/vec4 v0xa26c60640_0;
    %pad/u 512;
    %muli 4, 0, 512;
    %load/vec4 v0xa26c60500_0;
    %pad/u 512;
    %add;
    %mul;
    %xor;
    %ix/getv/s 4, v0xa26c60500_0;
    %store/vec4a v0xa26c606e0, 4, 0;
    %load/vec4 v0xa26c60500_0;
    %addi 1, 0, 32;
    %store/vec4 v0xa26c60500_0, 0, 32;
    %jmp T_22.14;
T_22.15 ;
    %ix/load 4, 3, 0;
    %flag_set/imm 4, 0;
    %load/vec4a v0xa26c606e0, 4;
    %ix/load 4, 2, 0;
    %flag_set/imm 4, 0;
    %load/vec4a v0xa26c606e0, 4;
    %concat/vec4; draw_concat_vec4
    %ix/load 4, 1, 0;
    %flag_set/imm 4, 0;
    %load/vec4a v0xa26c606e0, 4;
    %concat/vec4; draw_concat_vec4
    %ix/load 4, 0, 0;
    %flag_set/imm 4, 0;
    %load/vec4a v0xa26c606e0, 4;
    %concat/vec4; draw_concat_vec4
    %store/vec4 v0xa26c605a0_0, 0, 2048;
    %load/vec4 v0xa26c60a00_0;
    %load/vec4 v0xa26c60640_0;
    %add;
    %ix/vec4/s 4;
    %load/vec4a v0xa26ce8000, 4;
    %xor/r;
    %cmpi/ne 1, 1, 1;
    %flag_get/vec4 6;
    %jmp/0 T_22.16, 6;
    %load/vec4 v0xa26c60a00_0;
    %load/vec4 v0xa26c60640_0;
    %add;
    %ix/vec4/s 4;
    %load/vec4a v0xa26ce8000, 4;
    %load/vec4 v0xa26c605a0_0;
    %cmp/e;
    %flag_get/vec4 6;
    %and;
T_22.16;
    %pad/u 32;
    %store/vec4 v0xa26c60780_0, 0, 32;
    %load/vec4 v0xa26c60780_0;
    %cmpi/ne 0, 0, 32;
    %jmp/0xz  T_22.17, 4;
    %load/vec4 v0xa26ce7e80_0;
    %addi 1, 0, 32;
    %store/vec4 v0xa26ce7e80_0, 0, 32;
    %jmp T_22.18;
T_22.17 ;
    %load/vec4 v0xa26ce77a0_0;
    %addi 1, 0, 32;
    %store/vec4 v0xa26ce77a0_0, 0, 32;
    %load/vec4 v0xa26c60a00_0;
    %load/vec4 v0xa26c60640_0;
    %add;
    %vpi_call/w 3 370 "$display", "FAIL [backpressure]: backlogged flit %0d data wrong or X", S<0,vec4,s32> {1 0 0};
T_22.18 ;
    %load/vec4 v0xa26c60640_0;
    %addi 1, 0, 32;
    %store/vec4 v0xa26c60640_0, 0, 32;
    %jmp T_22.12;
T_22.13 ;
    %end;
    .scope S_0x1058ff9c0;
t_18 %join;
    %load/vec4 v0xa26ce78e0_0;
    %load/vec4 v0xa26c60a00_0;
    %addi 3, 0, 32;
    %cmp/e;
    %jmp/0xz  T_22.19, 4;
    %load/vec4 v0xa26ce7e80_0;
    %addi 1, 0, 32;
    %store/vec4 v0xa26ce7e80_0, 0, 32;
    %jmp T_22.20;
T_22.19 ;
    %load/vec4 v0xa26ce77a0_0;
    %addi 1, 0, 32;
    %store/vec4 v0xa26ce77a0_0, 0, 32;
    %load/vec4 v0xa26ce78e0_0;
    %load/vec4 v0xa26c60a00_0;
    %sub;
    %vpi_call/w 3 378 "$display", "FAIL [backpressure]: expected 3 more flits produced, got %0d", S<0,vec4,s32> {1 0 0};
T_22.20 ;
    %end;
    .scope S_0x105909950;
t_12 %join;
    %vpi_call/w 3 382 "$display", "=================================================" {0 0 0};
    %vpi_call/w 3 383 "$display", "FLITs sent (scoreboard pushes): %0d", v0xa26ce78e0_0 {0 0 0};
    %vpi_call/w 3 384 "$display", "FLITs lane-checked (main scenario): %0d", v0xa26ce7840_0 {0 0 0};
    %vpi_call/w 3 385 "$display", "Grant counts: master0=%0d master1=%0d", v0xa26ce7660_0, v0xa26ce7700_0 {0 0 0};
    %vpi_call/w 3 386 "$display", "TESTS PASSED: %0d   TESTS FAILED: %0d", v0xa26ce7e80_0, v0xa26ce77a0_0 {0 0 0};
    %vpi_call/w 3 387 "$display", "=================================================" {0 0 0};
    %load/vec4 v0xa26ce77a0_0;
    %cmpi/e 0, 0, 32;
    %flag_get/vec4 4;
    %jmp/0 T_22.24, 4;
    %load/vec4 v0xa26ce7840_0;
    %pushi/vec4 6, 0, 32;
    %cmp/e;
    %flag_get/vec4 4;
    %and;
T_22.24;
    %flag_set/vec4 9;
    %flag_get/vec4 9;
    %jmp/0 T_22.23, 9;
    %load/vec4 v0xa26ce78e0_0;
    %pushi/vec4 9, 0, 32;
    %cmp/e;
    %flag_get/vec4 4;
    %and;
T_22.23;
    %flag_set/vec4 8;
    %jmp/0xz  T_22.21, 8;
    %vpi_call/w 3 389 "$display", "RESULT: ALL TESTS PASSED" {0 0 0};
    %jmp T_22.22;
T_22.21 ;
    %vpi_call/w 3 391 "$display", "RESULT: FAILURES OR COUNT MISMATCH PRESENT" {0 0 0};
T_22.22 ;
    %vpi_call/w 3 393 "$finish" {0 0 0};
    %end;
    .thread T_22;
    .scope S_0x105909950;
T_23 ;
    %vpi_call/w 3 397 "$dumpfile", "sim/dump_top_4layer_true_split.vcd" {0 0 0};
    %vpi_call/w 3 398 "$dumpvars", 32'sb00000000000000000000000000000000, S_0x105909950 {0 0 0};
    %end;
    .thread T_23;
# The file index is used to find the file name in the following table.
:file_names 9;
    "N/A";
    "<interactive>";
    "-";
    "tb/tb_top_4layer_true_split.v";
    "rtl/top_4layer_true_split.v";
    "rtl/layer1_axis_stream_ingress.v";
    "rtl/layer2_axis_arbiter.v";
    "rtl/layer3_flit_packetizer.v";
    "rtl/layer4_flit_to_phy_lanes.v";
